Archive member included to satisfy reference by file (symbol)

/opt/st/stm32cubeide_1.13.2/plugins/com.st.stm32cube.ide.mcu.externaltools.gnu-tools-for-stm32.11.3.rel1.linux64_1.1.1.202309131626/tools/bin/../lib/gcc/arm-none-eabi/11.3.1/../../../../arm-none-eabi/lib/thumb/v7e-m+fp/hard/libc_nano.a(libc_a-exit.o)
                              /opt/st/stm32cubeide_1.13.2/plugins/com.st.stm32cube.ide.mcu.externaltools.gnu-tools-for-stm32.11.3.rel1.linux64_1.1.1.202309131626/tools/bin/../lib/gcc/arm-none-eabi/11.3.1/../../../../arm-none-eabi/lib/thumb/v7e-m+fp/hard/crt0.o (exit)
/opt/st/stm32cubeide_1.13.2/plugins/com.st.stm32cube.ide.mcu.externaltools.gnu-tools-for-stm32.11.3.rel1.linux64_1.1.1.202309131626/tools/bin/../lib/gcc/arm-none-eabi/11.3.1/../../../../arm-none-eabi/lib/thumb/v7e-m+fp/hard/libc_nano.a(libc_a-findfp.o)
                              /opt/st/stm32cubeide_1.13.2/plugins/com.st.stm32cube.ide.mcu.externaltools.gnu-tools-for-stm32.11.3.rel1.linux64_1.1.1.202309131626/tools/bin/../lib/gcc/arm-none-eabi/11.3.1/../../../../arm-none-eabi/lib/thumb/v7e-m+fp/hard/libc_nano.a(libc_a-exit.o) (__stdio_exit_handler)
/opt/st/stm32cubeide_1.13.2/plugins/com.st.stm32cube.ide.mcu.externaltools.gnu-tools-for-stm32.11.3.rel1.linux64_1.1.1.202309131626/tools/bin/../lib/gcc/arm-none-eabi/11.3.1/../../../../arm-none-eabi/lib/thumb/v7e-m+fp/hard/libc_nano.a(libc_a-fwalk.o)
                              /opt/st/stm32cubeide_1.13.2/plugins/com.st.stm32cube.ide.mcu.externaltools.gnu-tools-for-stm32.11.3.rel1.linux64_1.1.1.202309131626/tools/bin/../lib/gcc/arm-none-eabi/11.3.1/../../../../arm-none-eabi/lib/thumb/v7e-m+fp/hard/libc_nano.a(libc_a-findfp.o) (_fwalk_sglue)
/opt/st/stm32cubeide_1.13.2/plugins/com.st.stm32cube.ide.mcu.externaltools.gnu-tools-for-stm32.11.3.rel1.linux64_1.1.1.202309131626/tools/bin/../lib/gcc/arm-none-eabi/11.3.1/../../../../arm-none-eabi/lib/thumb/v7e-m+fp/hard/libc_nano.a(libc_a-stdio.o)
                              /opt/st/stm32cubeide_1.13.2/plugins/com.st.stm32cube.ide.mcu.externaltools.gnu-tools-for-stm32.11.3.rel1.linux64_1.1.1.202309131626/tools/bin/../lib/gcc/arm-none-eabi/11.3.1/../../../../arm-none-eabi/lib/thumb/v7e-m+fp/hard/libc_nano.a(libc_a-findfp.o) (__sread)
/opt/st/stm32cubeide_1.13.2/plugins/com.st.stm32cube.ide.mcu.externaltools.gnu-tools-for-stm32.11.3.rel1.linux64_1.1.1.202309131626/tools/bin/../lib/gcc/arm-none-eabi/11.3.1/../../../../arm-none-eabi/lib/thumb/v7e-m+fp/hard/libc_nano.a(libc_a-memset.o)
                              /opt/st/stm32cubeide_1.13.2/plugins/com.st.stm32cube.ide.mcu.externaltools.gnu-tools-for-stm32.11.3.rel1.linux64_1.1.1.202309131626/tools/bin/../lib/gcc/arm-none-eabi/11.3.1/../../../../arm-none-eabi/lib/thumb/v7e-m+fp/hard/crt0.o (memset)
/opt/st/stm32cubeide_1.13.2/plugins/com.st.stm32cube.ide.mcu.externaltools.gnu-tools-for-stm32.11.3.rel1.linux64_1.1.1.202309131626/tools/bin/../lib/gcc/arm-none-eabi/11.3.1/../../../../arm-none-eabi/lib/thumb/v7e-m+fp/hard/libc_nano.a(libc_a-closer.o)
                              /opt/st/stm32cubeide_1.13.2/plugins/com.st.stm32cube.ide.mcu.externaltools.gnu-tools-for-stm32.11.3.rel1.linux64_1.1.1.202309131626/tools/bin/../lib/gcc/arm-none-eabi/11.3.1/../../../../arm-none-eabi/lib/thumb/v7e-m+fp/hard/libc_nano.a(libc_a-stdio.o) (_close_r)
/opt/st/stm32cubeide_1.13.2/plugins/com.st.stm32cube.ide.mcu.externaltools.gnu-tools-for-stm32.11.3.rel1.linux64_1.1.1.202309131626/tools/bin/../lib/gcc/arm-none-eabi/11.3.1/../../../../arm-none-eabi/lib/thumb/v7e-m+fp/hard/libc_nano.a(libc_a-reent.o)
                              /opt/st/stm32cubeide_1.13.2/plugins/com.st.stm32cube.ide.mcu.externaltools.gnu-tools-for-stm32.11.3.rel1.linux64_1.1.1.202309131626/tools/bin/../lib/gcc/arm-none-eabi/11.3.1/../../../../arm-none-eabi/lib/thumb/v7e-m+fp/hard/libc_nano.a(libc_a-closer.o) (errno)
/opt/st/stm32cubeide_1.13.2/plugins/com.st.stm32cube.ide.mcu.externaltools.gnu-tools-for-stm32.11.3.rel1.linux64_1.1.1.202309131626/tools/bin/../lib/gcc/arm-none-eabi/11.3.1/../../../../arm-none-eabi/lib/thumb/v7e-m+fp/hard/libc_nano.a(libc_a-impure.o)
                              /opt/st/stm32cubeide_1.13.2/plugins/com.st.stm32cube.ide.mcu.externaltools.gnu-tools-for-stm32.11.3.rel1.linux64_1.1.1.202309131626/tools/bin/../lib/gcc/arm-none-eabi/11.3.1/../../../../arm-none-eabi/lib/thumb/v7e-m+fp/hard/libc_nano.a(libc_a-reent.o) (_impure_ptr)
/opt/st/stm32cubeide_1.13.2/plugins/com.st.stm32cube.ide.mcu.externaltools.gnu-tools-for-stm32.11.3.rel1.linux64_1.1.1.202309131626/tools/bin/../lib/gcc/arm-none-eabi/11.3.1/../../../../arm-none-eabi/lib/thumb/v7e-m+fp/hard/libc_nano.a(libc_a-lseekr.o)
                              /opt/st/stm32cubeide_1.13.2/plugins/com.st.stm32cube.ide.mcu.externaltools.gnu-tools-for-stm32.11.3.rel1.linux64_1.1.1.202309131626/tools/bin/../lib/gcc/arm-none-eabi/11.3.1/../../../../arm-none-eabi/lib/thumb/v7e-m+fp/hard/libc_nano.a(libc_a-stdio.o) (_lseek_r)
[...]
Memory Configuration

Name             Origin             Length             Attributes
CCMRAM           0x0000000010000000 0x0000000000010000 xrw
RAM              0x0000000020000000 0x0000000000020000 xrw
FLASH            0x0000000008000000 0x0000000000080000 xr
*default*        0x0000000000000000 0xffffffffffffffff

Linker script and memory map

LOAD /opt/st/stm32cubeide_1.13.2/plugins/com.st.stm32cube.ide.mcu.externaltools.gnu-tools-for-stm32.11.3.rel1.linux64_1.1.1.202309131626/tools/bin/../lib/gcc/arm-none-eabi/11.3.1/thumb/v7e-m+fp/hard/crti.o
LOAD /opt/st/stm32cubeide_1.13.2/plugins/com.st.stm32cube.ide.mcu.externaltools.gnu-tools-for-stm32.11.3.rel1.linux64_1.1.1.202309131626/tools/bin/../lib/gcc/arm-none-eabi/11.3.1/thumb/v7e-m+fp/hard/crtbegin.o
LOAD /opt/st/stm32cubeide_1.13.2/plugins/com.st.stm32cube.ide.mcu.externaltools.gnu-tools-for-stm32.11.3.rel1.linux64_1.1.1.202309131626/tools/bin/../lib/gcc/arm-none-eabi/11.3.1/../../../../arm-none-eabi/lib/thumb/v7e-m+fp/hard/crt0.o
LOAD ./Core/Src/gpio.o
LOAD ./Core/Src/main.o
LOAD ./Core/Src/nrf24l01p.o
LOAD ./Core/Src/spi.o
LOAD ./Core/Src/stm32f4xx_hal_msp.o
LOAD ./Core/Src/stm32f4xx_it.o
LOAD ./Core/Src/syscalls.o
LOAD ./Core/Src/sysmem.o
LOAD ./Core/Src/system_stm32f4xx.o
LOAD ./Core/Startup/startup_stm32f407vetx.o
LOAD ./Drivers/STM32F4xx_HAL_Driver/Src/stm32f4xx_hal.o
LOAD ./Drivers/STM32F4xx_HAL_Driver/Src/stm32f4xx_hal_cortex.o
LOAD ./Drivers/STM32F4xx_HAL_Driver/Src/stm32f4xx_hal_dma.o
LOAD ./Drivers/STM32F4xx_HAL_Driver/Src/stm32f4xx_hal_dma_ex.o
LOAD ./Drivers/STM32F4xx_HAL_Driver/Src/stm32f4xx_hal_exti.o
LOAD ./Drivers/STM32F4xx_HAL_Driver/Src/stm32f4xx_hal_flash.o
LOAD ./Drivers/STM32F4xx_HAL_Driver/Src/stm32f4xx_hal_flash_ex.o
LOAD ./Drivers/STM32F4xx_HAL_Driver/Src/stm32f4xx_hal_flash_ramfunc.o
LOAD ./Drivers/STM32F4xx_HAL_Driver/Src/stm32f4xx_hal_gpio.o
LOAD ./Drivers/STM32F4xx_HAL_Driver/Src/stm32f4xx_hal_pwr.o
LOAD ./Drivers/STM32F4xx_HAL_Driver/Src/stm32f4xx_hal_pwr_ex.o
LOAD ./Drivers/STM32F4xx_HAL_Driver/Src/stm32f4xx_hal_rcc.o
LOAD ./Drivers/STM32F4xx_HAL_Driver/Src/stm32f4xx_hal_rcc_ex.o
LOAD ./Drivers/STM32F4xx_HAL_Driver/Src/stm32f4xx_hal_spi.o
LOAD ./Drivers/STM32F4xx_HAL_Driver/Src/stm32f4xx_hal_tim.o
LOAD ./Drivers/STM32F4xx_HAL_Driver/Src/stm32f4xx_hal_tim_ex.o
START GROUP
LOAD /opt/st/stm32cubeide_1.13.2/plugins/com.st.stm32cube.ide.mcu.externaltools.gnu-tools-for-stm32.11.3.rel1.linux64_1.1.1.202309131626/tools/bin/../lib/gcc/arm-none-eabi/11.3.1/../../../../arm-none-eabi/lib/thumb/v7e-m+fp/hard/libc_nano.a
LOAD /opt/st/stm32cubeide_1.13.2/plugins/com.st.stm32cube.ide.mcu.externaltools.gnu-tools-for-stm32.11.3.rel1.linux64_1.1.1.202309131626/tools/bin/../lib/gcc/arm-none-eabi/11.3.1/../../../../arm-none-eabi/lib/thumb/v7e-m+fp/hard/libm.a
END GROUP
START GROUP
LOAD /opt/st/stm32cubeide_1.13.2/plugins/com.st.stm32cube.ide.mcu.externaltools.gnu-tools-for-stm32.11.3.rel1.linux64_1.1.1.202309131626/tools/bin/../lib/gcc/arm-none-eabi/11.3.1/thumb/v7e-m+fp/hard/libgcc.a
LOAD /opt/st/stm32cubeide_1.13.2/plugins/com.st.stm32cube.ide.mcu.externaltools.gnu-tools-for-stm32.11.3.rel1.linux64_1.1.1.202309131626/tools/bin/../lib/gcc/arm-none-eabi/11.3.1/../../../../arm-none-eabi/lib/thumb/v7e-m+fp/hard/libc_nano.a
END GROUP
START GROUP
LOAD /opt/st/stm32cubeide_1.13.2/plugins/com.st.stm32cube.ide.mcu.externaltools.gnu-tools-for-stm32.11.3.rel1.linux64_1.1.1.202309131626/tools/bin/../lib/gcc/arm-none-eabi/11.3.1/thumb/v7e-m+fp/hard/libgcc.a
LOAD /opt/st/stm32cubeide_1.13.2/plugins/com.st.stm32cube.ide.mcu.externaltools.gnu-tools-for-stm32.11.3.rel1.linux64_1.1.1.202309131626/tools/bin/../lib/gcc/arm-none-eabi/11.3.1/../../../../arm-none-eabi/lib/thumb/v7e-m+fp/hard/libc_nano.a
LOAD /opt/st/stm32cubeide_1.13.2/plugins/com.st.stm32cube.ide.mcu.externaltools.gnu-tools-for-stm32.11.3.rel1.linux64_1.1.1.202309131626/tools/bin/../lib/gcc/arm-none-eabi/11.3.1/../../../../arm-none-eabi/lib/thumb/v7e-m+fp/hard/libnosys.a
END GROUP
START GROUP
LOAD /opt/st/stm32cubeide_1.13.2/plugins/com.st.stm32cube.ide.mcu.externaltools.gnu-tools-for-stm32.11.3.rel1.linux64_1.1.1.202309131626/tools/bin/../lib/gcc/arm-none-eabi/11.3.1/thumb/v7e-m+fp/hard/libgcc.a
LOAD /opt/st/stm32cubeide_1.13.2/plugins/com.st.stm32cube.ide.mcu.externaltools.gnu-tools-for-stm32.11.3.rel1.linux64_1.1.1.202309131626/tools/bin/../lib/gcc/arm-none-eabi/11.3.1/../../../../arm-none-eabi/lib/thumb/v7e-m+fp/hard/libc_nano.a
LOAD /opt/st/stm32cubeide_1.13.2/plugins/com.st.stm32cube.ide.mcu.externaltools.gnu-tools-for-stm32.11.3.rel1.linux64_1.1.1.202309131626/tools/bin/../lib/gcc/arm-none-eabi/11.3.1/../../../../arm-none-eabi/lib/thumb/v7e-m+fp/hard/libnosys.a
END GROUP
LOAD /opt/st/stm32cubeide_1.13.2/plugins/com.st.stm32cube.ide.mcu.externaltools.gnu-tools-for-stm32.11.3.rel1.linux64_1.1.1.202309131626/tools/bin/../lib/gcc/arm-none-eabi/11.3.1/thumb/v7e-m+fp/hard/crtend.o
LOAD /opt/st/stm32cubeide_1.13.2/plugins/com.st.stm32cube.ide.mcu.externaltools.gnu-tools-for-stm32.11.3.rel1.linux64_1.1.1.202309131626/tools/bin/../lib/gcc/arm-none-eabi/11.3.1/thumb/v7e-m+fp/hard/crtn.o
                0x0000000020020000                _estack = (ORIGIN (RAM) + LENGTH (RAM))
                0x0000000000000200                _Min_Heap_Size = 0x200
                0x0000000000000400                _Min_Stack_Size = 0x400

.isr_vector     0x0000000008000000      0x188
                0x0000000008000000                . = ALIGN (0x4)
 *(.isr_vector)
 .isr_vector    0x0000000008000000      0x188 ./Core/Startup/startup_stm32f407vetx.o
                0x0000000008000000                g_pfnVectors
                0x0000000008000188                . = ALIGN (0x4)

.text           0x0000000008000188     0x27c4
                0x0000000008000188                . = ALIGN (0x4)
 *(.text)
 .text          0x0000000008000188       0x40 /opt/st/stm32cubeide_1.13.2/plugins/com.st.stm32cube.ide.mcu.externaltools.gnu-tools-for-stm32.11.3.rel1.linux64_1.1.1.202309131626/tools/bin/../lib/gcc/arm-none-eabi/11.3.1/thumb/v7e-m+fp/hard/crtbegin.o
 .text          0x00000000080001c8       0x30 /opt/st/stm32cubeide_1.13.2/plugins/com.st.stm32cube.ide.mcu.externaltools.gnu-tools-for-stm32.11.3.rel1.linux64_1.1.1.202309131626/tools/bin/../lib/gcc/arm-none-eabi/11.3.1/thumb/v7e-m+fp/hard/libgcc.a(_aeabi_uldivmod.o)
                0x00000000080001c8                __aeabi_uldivmod
 .text          0x00000000080001f8      0x2c8 /opt/st/stm32cubeide_1.13.2/plugins/com.st.stm32cube.ide.mcu.externaltools.gnu-tools-for-stm32.11.3.rel1.linux64_1.1.1.202309131626/tools/bin/../lib/gcc/arm-none-eabi/11.3.1/thumb/v7e-m+fp/hard/libgcc.a(_udivmoddi4.o)
                0x00000000080001f8                __udivmoddi4
 .text          0x00000000080004c0        0x4 /opt/st/stm32cubeide_1.13.2/plugins/com.st.stm32cube.ide.mcu.externaltools.gnu-tools-for-stm32.11.3.rel1.linux64_1.1.1.202309131626/tools/bin/../lib/gcc/arm-none-eabi/11.3.1/thumb/v7e-m+fp/hard/libgcc.a(_dvmd_tls.o)
                0x00000000080004c0                __aeabi_ldiv0
                0x00000000080004c0                __aeabi_idiv0
 *(.text*)
 .text.MX_GPIO_Init
                0x00000000080004c4       0xd8 ./Core/Src/gpio.o
                0x00000000080004c4                MX_GPIO_Init
 .text.main     0x000000000800059c       0x26 ./Core/Src/main.o
                0x000000000800059c                main
 *fill*         0x00000000080005c2        0x2 
 .text.SystemClock_Config
                0x00000000080005c4       0xbc ./Core/Src/main.o
                0x00000000080005c4                SystemClock_Config
 .text.HAL_GPIO_EXTI_Callback
                0x0000000008000680       0x24 ./Core/Src/main.o
                0x0000000008000680                HAL_GPIO_EXTI_Callback
 .text.Error_Handler
                0x00000000080006a4        0xa ./Core/Src/main.o
                0x00000000080006a4                Error_Handler
 *fill*         0x00000000080006ae        0x2 
 .text.cs_high  0x00000000080006b0       0x18 ./Core/Src/nrf24l01p.o
 .text.cs_low   0x00000000080006c8       0x18 ./Core/Src/nrf24l01p.o
 .text.ce_high  0x00000000080006e0       0x18 ./Core/Src/nrf24l01p.o
 .text.ce_low   0x00000000080006f8       0x18 ./Core/Src/nrf24l01p.o
 .text.read_register
                0x0000000008000710       0x4c ./Core/Src/nrf24l01p.o
 .text.write_register
                0x000000000800075c       0x5c ./Core/Src/nrf24l01p.o
 .text.nrf24l01p_rx_init
                0x00000000080007b8       0x5c ./Core/Src/nrf24l01p.o
                0x00000000080007b8                nrf24l01p_rx_init
 .text.nrf24l01p_rx_receive
                0x0000000008000814       0x28 ./Core/Src/nrf24l01p.o
                0x0000000008000814                nrf24l01p_rx_receive
 .text.nrf24l01p_reset
                0x000000000800083c       0xa8 ./Core/Src/nrf24l01p.o
                0x000000000800083c                nrf24l01p_reset
 .text.nrf24l01p_prx_mode
                0x00000000080008e4       0x2a ./Core/Src/nrf24l01p.o
                0x00000000080008e4                nrf24l01p_prx_mode
 *fill*         0x000000000800090e        0x2 
 .text.nrf24l01p_read_rx_fifo
                0x0000000008000910       0x48 ./Core/Src/nrf24l01p.o
                0x0000000008000910                nrf24l01p_read_rx_fifo
 .text.nrf24l01p_flush_rx_fifo
                0x0000000008000958       0x30 ./Core/Src/nrf24l01p.o
                0x0000000008000958                nrf24l01p_flush_rx_fifo
 .text.nrf24l01p_flush_tx_fifo
                0x0000000008000988       0x30 ./Core/Src/nrf24l01p.o
                0x0000000008000988                nrf24l01p_flush_tx_fifo
 .text.nrf24l01p_get_status
                0x00000000080009b8       0x34 ./Core/Src/nrf24l01p.o
                0x00000000080009b8                nrf24l01p_get_status
 .text.nrf24l01p_rx_set_payload_widths
                0x00000000080009ec       0x1c ./Core/Src/nrf24l01p.o
                0x00000000080009ec                nrf24l01p_rx_set_payload_widths
 .text.nrf24l01p_clear_rx_dr
                0x0000000008000a08       0x28 ./Core/Src/nrf24l01p.o
                0x0000000008000a08                nrf24l01p_clear_rx_dr
 .text.nrf24l01p_power_up
                0x0000000008000a30       0x2a ./Core/Src/nrf24l01p.o
                0x0000000008000a30                nrf24l01p_power_up
 .text.nrf24l01p_set_crc_length
                0x0000000008000a5a       0x46 ./Core/Src/nrf24l01p.o
                0x0000000008000a5a                nrf24l01p_set_crc_length
 .text.nrf24l01p_set_address_widths
                0x0000000008000aa0       0x20 ./Core/Src/nrf24l01p.o
                0x0000000008000aa0                nrf24l01p_set_address_widths
 .text.nrf24l01p_auto_retransmit_count
                0x0000000008000ac0       0x36 ./Core/Src/nrf24l01p.o
                0x0000000008000ac0                nrf24l01p_auto_retransmit_count
 *fill*         0x0000000008000af6        0x2 
 .text.nrf24l01p_auto_retransmit_delay
                0x0000000008000af8       0x50 ./Core/Src/nrf24l01p.o
                0x0000000008000af8                nrf24l01p_auto_retransmit_delay
 .text.nrf24l01p_set_rf_channel
                0x0000000008000b48       0x26 ./Core/Src/nrf24l01p.o
                0x0000000008000b48                nrf24l01p_set_rf_channel
 .text.nrf24l01p_set_rf_tx_output_power
                0x0000000008000b6e       0x3a ./Core/Src/nrf24l01p.o
                0x0000000008000b6e                nrf24l01p_set_rf_tx_output_power
 .text.nrf24l01p_set_rf_air_data_rate
                0x0000000008000ba8       0x52 ./Core/Src/nrf24l01p.o
                0x0000000008000ba8                nrf24l01p_set_rf_air_data_rate
 *fill*         0x0000000008000bfa        0x2 
 .text.MX_SPI1_Init
                0x0000000008000bfc       0x6c ./Core/Src/spi.o
                0x0000000008000bfc                MX_SPI1_Init
 .text.HAL_SPI_MspInit
                0x0000000008000c68       0x90 ./Core/Src/spi.o
                0x0000000008000c68                HAL_SPI_MspInit
 .text.HAL_MspInit
                0x0000000008000cf8       0x50 ./Core/Src/stm32f4xx_hal_msp.o
                0x0000000008000cf8                HAL_MspInit
 .text.NMI_Handler
                0x0000000008000d48        0x6 ./Core/Src/stm32f4xx_it.o
                0x0000000008000d48                NMI_Handler
 .text.HardFault_Handler
                0x0000000008000d4e        0x6 ./Core/Src/stm32f4xx_it.o
                0x0000000008000d4e                HardFault_Handler
 .text.MemManage_Handler
                0x0000000008000d54        0x6 ./Core/Src/stm32f4xx_it.o
                0x0000000008000d54                MemManage_Handler
 .text.BusFault_Handler
                0x0000000008000d5a        0x6 ./Core/Src/stm32f4xx_it.o
                0x0000000008000d5a                BusFault_Handler
 .text.UsageFault_Handler
                0x0000000008000d60        0x6 ./Core/Src/stm32f4xx_it.o
                0x0000000008000d60                UsageFault_Handler
 .text.SVC_Handler
                0x0000000008000d66        0xe ./Core/Src/stm32f4xx_it.o
                0x0000000008000d66                SVC_Handler
 .text.DebugMon_Handler
                0x0000000008000d74        0xe ./Core/Src/stm32f4xx_it.o
                0x0000000008000d74                DebugMon_Handler
 .text.PendSV_Handler
                0x0000000008000d82        0xe ./Core/Src/stm32f4xx_it.o
                0x0000000008000d82                PendSV_Handler
 .text.SysTick_Handler
                0x0000000008000d90        0xc ./Core/Src/stm32f4xx_it.o
                0x0000000008000d90                SysTick_Handler
 .text.EXTI9_5_IRQHandler
                0x0000000008000d9c       0x10 ./Core/Src/stm32f4xx_it.o
                0x0000000008000d9c                EXTI9_5_IRQHandler
 .text.SystemInit
                0x0000000008000dac       0x24 ./Core/Src/system_stm32f4xx.o
                0x0000000008000dac                SystemInit
 .text.Reset_Handler
                0x0000000008000dd0       0x50 ./Core/Startup/startup_stm32f407vetx.o
                0x0000000008000dd0                Reset_Handler
 .text.Default_Handler
                0x0000000008000e20        0x2 ./Core/Startup/startup_stm32f407vetx.o
                0x0000000008000e20                RTC_Alarm_IRQHandler
                0x0000000008000e20                HASH_RNG_IRQHandler
                0x0000000008000e20                EXTI2_IRQHandler
                0x0000000008000e20                TIM8_CC_IRQHandler
                0x0000000008000e20                TIM1_CC_IRQHandler
                0x0000000008000e20                DMA2_Stream5_IRQHandler
                0x0000000008000e20                DMA1_Stream5_IRQHandler
                0x0000000008000e20                PVD_IRQHandler
                0x0000000008000e20                SDIO_IRQHandler
                0x0000000008000e20                TAMP_STAMP_IRQHandler
                0x0000000008000e20                CAN2_RX1_IRQHandler
                0x0000000008000e20                EXTI3_IRQHandler
                0x0000000008000e20                TIM8_TRG_COM_TIM14_IRQHandler
                0x0000000008000e20                TIM1_UP_TIM10_IRQHandler
                0x0000000008000e20                TIM8_UP_TIM13_IRQHandler
                0x0000000008000e20                I2C3_ER_IRQHandler
                0x0000000008000e20                EXTI0_IRQHandler
                0x0000000008000e20                I2C2_EV_IRQHandler
                0x0000000008000e20                DMA1_Stream2_IRQHandler
                0x0000000008000e20                CAN1_RX0_IRQHandler
                0x0000000008000e20                FPU_IRQHandler
                0x0000000008000e20                OTG_HS_WKUP_IRQHandler
                0x0000000008000e20                CAN2_SCE_IRQHandler
                0x0000000008000e20                DMA2_Stream2_IRQHandler
                0x0000000008000e20                SPI1_IRQHandler
                0x0000000008000e20                TIM6_DAC_IRQHandler
                0x0000000008000e20                TIM1_BRK_TIM9_IRQHandler
                0x0000000008000e20                DCMI_IRQHandler
                0x0000000008000e20                CAN2_RX0_IRQHandler
                0x0000000008000e20                DMA2_Stream3_IRQHandler
                0x0000000008000e20                USART6_IRQHandler
                0x0000000008000e20                USART3_IRQHandler
                0x0000000008000e20                CAN1_RX1_IRQHandler
                0x0000000008000e20                UART5_IRQHandler
                0x0000000008000e20                DMA2_Stream0_IRQHandler
                0x0000000008000e20                TIM4_IRQHandler
                0x0000000008000e20                I2C1_EV_IRQHandler
                0x0000000008000e20                DMA1_Stream6_IRQHandler
                0x0000000008000e20                DMA1_Stream1_IRQHandler
                0x0000000008000e20                UART4_IRQHandler
                0x0000000008000e20                TIM3_IRQHandler
                0x0000000008000e20                RCC_IRQHandler
                0x0000000008000e20                TIM8_BRK_TIM12_IRQHandler
                0x0000000008000e20                Default_Handler
                0x0000000008000e20                EXTI15_10_IRQHandler
                0x0000000008000e20                ADC_IRQHandler
                0x0000000008000e20                DMA1_Stream7_IRQHandler
                0x0000000008000e20                TIM7_IRQHandler
                0x0000000008000e20                CAN2_TX_IRQHandler
                0x0000000008000e20                TIM5_IRQHandler
                0x0000000008000e20                DMA2_Stream7_IRQHandler
                0x0000000008000e20                I2C3_EV_IRQHandler
                0x0000000008000e20                RTC_WKUP_IRQHandler
                0x0000000008000e20                ETH_WKUP_IRQHandler
                0x0000000008000e20                SPI2_IRQHandler
                0x0000000008000e20                OTG_HS_EP1_IN_IRQHandler
                0x0000000008000e20                DMA1_Stream0_IRQHandler
                0x0000000008000e20                CAN1_TX_IRQHandler
                0x0000000008000e20                EXTI4_IRQHandler
                0x0000000008000e20                FSMC_IRQHandler
                0x0000000008000e20                ETH_IRQHandler
                0x0000000008000e20                OTG_HS_EP1_OUT_IRQHandler
                0x0000000008000e20                WWDG_IRQHandler
                0x0000000008000e20                TIM2_IRQHandler
                0x0000000008000e20                OTG_FS_WKUP_IRQHandler
                0x0000000008000e20                TIM1_TRG_COM_TIM11_IRQHandler
                0x0000000008000e20                OTG_HS_IRQHandler
                0x0000000008000e20                EXTI1_IRQHandler
                0x0000000008000e20                USART2_IRQHandler
                0x0000000008000e20                I2C2_ER_IRQHandler
                0x0000000008000e20                DMA2_Stream1_IRQHandler
                0x0000000008000e20                CAN1_SCE_IRQHandler
                0x0000000008000e20                FLASH_IRQHandler
                0x0000000008000e20                DMA2_Stream4_IRQHandler
                0x0000000008000e20                USART1_IRQHandler
                0x0000000008000e20                OTG_FS_IRQHandler
                0x0000000008000e20                SPI3_IRQHandler
                0x0000000008000e20                DMA1_Stream4_IRQHandler
                0x0000000008000e20                I2C1_ER_IRQHandler
                0x0000000008000e20                DMA2_Stream6_IRQHandler
                0x0000000008000e20                DMA1_Stream3_IRQHandler
 *fill*         0x0000000008000e22        0x2 
 .text.HAL_Init
                0x0000000008000e24       0x44 ./Drivers/STM32F4xx_HAL_Driver/Src/stm32f4xx_hal.o
                0x0000000008000e24                HAL_Init
 .text.HAL_InitTick
                0x0000000008000e68       0x60 ./Drivers/STM32F4xx_HAL_Driver/Src/stm32f4xx_hal.o
                0x0000000008000e68                HAL_InitTick
 .text.HAL_IncTick
                0x0000000008000ec8       0x28 ./Drivers/STM32F4xx_HAL_Driver/Src/stm32f4xx_hal.o
                0x0000000008000ec8                HAL_IncTick
 .text.HAL_GetTick
                0x0000000008000ef0       0x18 ./Drivers/STM32F4xx_HAL_Driver/Src/stm32f4xx_hal.o
                0x0000000008000ef0                HAL_GetTick
 .text.HAL_Delay
                0x0000000008000f08       0x48 ./Drivers/STM32F4xx_HAL_Driver/Src/stm32f4xx_hal.o
                0x0000000008000f08                HAL_Delay
 .text.__NVIC_SetPriorityGrouping
                0x0000000008000f50       0x48 ./Drivers/STM32F4xx_HAL_Driver/Src/stm32f4xx_hal_cortex.o
 .text.__NVIC_GetPriorityGrouping
                0x0000000008000f98       0x1c ./Drivers/STM32F4xx_HAL_Driver/Src/stm32f4xx_hal_cortex.o
 .text.__NVIC_EnableIRQ
                0x0000000008000fb4       0x3c ./Drivers/STM32F4xx_HAL_Driver/Src/stm32f4xx_hal_cortex.o
 .text.__NVIC_SetPriority
                0x0000000008000ff0       0x54 ./Drivers/STM32F4xx_HAL_Driver/Src/stm32f4xx_hal_cortex.o
 .text.NVIC_EncodePriority
                0x0000000008001044       0x66 ./Drivers/STM32F4xx_HAL_Driver/Src/stm32f4xx_hal_cortex.o
 *fill*         0x00000000080010aa        0x2 
 .text.SysTick_Config
                0x00000000080010ac       0x44 ./Drivers/STM32F4xx_HAL_Driver/Src/stm32f4xx_hal_cortex.o
 .text.HAL_NVIC_SetPriorityGrouping
                0x00000000080010f0       0x16 ./Drivers/STM32F4xx_HAL_Driver/Src/stm32f4xx_hal_cortex.o
                0x00000000080010f0                HAL_NVIC_SetPriorityGrouping
 .text.HAL_NVIC_SetPriority
                0x0000000008001106       0x38 ./Drivers/STM32F4xx_HAL_Driver/Src/stm32f4xx_hal_cortex.o
                0x0000000008001106                HAL_NVIC_SetPriority
 .text.HAL_NVIC_EnableIRQ
                0x000000000800113e       0x1c ./Drivers/STM32F4xx_HAL_Driver/Src/stm32f4xx_hal_cortex.o
                0x000000000800113e                HAL_NVIC_EnableIRQ
 .text.HAL_SYSTICK_Config
                0x000000000800115a       0x18 ./Drivers/STM32F4xx_HAL_Driver/Src/stm32f4xx_hal_cortex.o
                0x000000000800115a                HAL_SYSTICK_Config
 *fill*         0x0000000008001172        0x2 
 .text.HAL_GPIO_Init
                0x0000000008001174      0x338 ./Drivers/STM32F4xx_HAL_Driver/Src/stm32f4xx_hal_gpio.o
                0x0000000008001174                HAL_GPIO_Init
 .text.HAL_GPIO_WritePin
                0x00000000080014ac       0x32 ./Drivers/STM32F4xx_HAL_Driver/Src/stm32f4xx_hal_gpio.o
                0x00000000080014ac                HAL_GPIO_WritePin
 .text.HAL_GPIO_TogglePin
                0x00000000080014de       0x34 ./Drivers/STM32F4xx_HAL_Driver/Src/stm32f4xx_hal_gpio.o
                0x00000000080014de                HAL_GPIO_TogglePin
 *fill*         0x0000000008001512        0x2 
 .text.HAL_GPIO_EXTI_IRQHandler
                0x0000000008001514       0x30 ./Drivers/STM32F4xx_HAL_Driver/Src/stm32f4xx_hal_gpio.o
                0x0000000008001514                HAL_GPIO_EXTI_IRQHandler
 .text.HAL_RCC_OscConfig
                0x0000000008001544      0x4f0 ./Drivers/STM32F4xx_HAL_Driver/Src/stm32f4xx_hal_rcc.o
                0x0000000008001544                HAL_RCC_OscConfig
 .text.HAL_RCC_ClockConfig
                0x0000000008001a34      0x1cc ./Drivers/STM32F4xx_HAL_Driver/Src/stm32f4xx_hal_rcc.o
                0x0000000008001a34                HAL_RCC_ClockConfig
 .text.HAL_RCC_GetSysClockFreq
                0x0000000008001c00      0x18c ./Drivers/STM32F4xx_HAL_Driver/Src/stm32f4xx_hal_rcc.o
                0x0000000008001c00                HAL_RCC_GetSysClockFreq
 .text.HAL_SPI_Init
                0x0000000008001d8c      0x112 ./Drivers/STM32F4xx_HAL_Driver/Src/stm32f4xx_hal_spi.o
                0x0000000008001d8c                HAL_SPI_Init
 .text.HAL_SPI_Transmit
                0x0000000008001e9e      0x278 ./Drivers/STM32F4xx_HAL_Driver/Src/stm32f4xx_hal_spi.o
                0x0000000008001e9e                HAL_SPI_Transmit
 .text.HAL_SPI_Receive
                0x0000000008002116      0x222 ./Drivers/STM32F4xx_HAL_Driver/Src/stm32f4xx_hal_spi.o
                0x0000000008002116                HAL_SPI_Receive
 .text.HAL_SPI_TransmitReceive
                0x0000000008002338      0x344 ./Drivers/STM32F4xx_HAL_Driver/Src/stm32f4xx_hal_spi.o
                0x0000000008002338                HAL_SPI_TransmitReceive
 .text.SPI_WaitFlagStateUntilTimeout
                0x000000000800267c      0x110 ./Drivers/STM32F4xx_HAL_Driver/Src/stm32f4xx_hal_spi.o
 .text.SPI_EndRxTransaction
                0x000000000800278c       0xca ./Drivers/STM32F4xx_HAL_Driver/Src/stm32f4xx_hal_spi.o
 *fill*         0x0000000008002856        0x2 
 .text.SPI_EndRxTxTransaction
                0x0000000008002858       0x84 ./Drivers/STM32F4xx_HAL_Driver/Src/stm32f4xx_hal_spi.o
 .text.memset   0x00000000080028dc       0x10 /opt/st/stm32cubeide_1.13.2/plugins/com.st.stm32cube.ide.mcu.externaltools.gnu-tools-for-stm32.11.3.rel1.linux64_1.1.1.202309131626/tools/bin/../lib/gcc/arm-none-eabi/11.3.1/../../../../arm-none-eabi/lib/thumb/v7e-m+fp/hard/libc_nano.a(libc_a-memset.o)
                0x00000000080028dc                memset
 .text.__libc_init_array
                0x00000000080028ec       0x48 /opt/st/stm32cubeide_1.13.2/plugins/com.st.stm32cube.ide.mcu.externaltools.gnu-tools-for-stm32.11.3.rel1.linux64_1.1.1.202309131626/tools/bin/../lib/gcc/arm-none-eabi/11.3.1/../../../../arm-none-eabi/lib/thumb/v7e-m+fp/hard/libc_nano.a(libc_a-init.o)
                0x00000000080028ec                __libc_init_array
 *(.glue_7)
 .glue_7        0x0000000008002934        0x0 linker stubs
 *(.glue_7t)
 .glue_7t       0x0000000008002934        0x0 linker stubs
 *(.eh_frame)
 .eh_frame      0x0000000008002934        0x0 /opt/st/stm32cubeide_1.13.2/plugins/com.st.stm32cube.ide.mcu.externaltools.gnu-tools-for-stm32.11.3.rel1.linux64_1.1.1.202309131626/tools/bin/../lib/gcc/arm-none-eabi/11.3.1/thumb/v7e-m+fp/hard/crtbegin.o
 *(.init)
 .init          0x0000000008002934        0x4 /opt/st/stm32cubeide_1.13.2/plugins/com.st.stm32cube.ide.mcu.externaltools.gnu-tools-for-stm32.11.3.rel1.linux64_1.1.1.202309131626/tools/bin/../lib/gcc/arm-none-eabi/11.3.1/thumb/v7e-m+fp/hard/crti.o
                0x0000000008002934                _init
 .init          0x0000000008002938        0x8 /opt/st/stm32cubeide_1.13.2/plugins/com.st.stm32cube.ide.mcu.externaltools.gnu-tools-for-stm32.11.3.rel1.linux64_1.1.1.202309131626/tools/bin/../lib/gcc/arm-none-eabi/11.3.1/thumb/v7e-m+fp/hard/crtn.o
 *(.fini)
 .fini          0x0000000008002940        0x4 /opt/st/stm32cubeide_1.13.2/plugins/com.st.stm32cube.ide.mcu.externaltools.gnu-tools-for-stm32.11.3.rel1.linux64_1.1.1.202309131626/tools/bin/../lib/gcc/arm-none-eabi/11.3.1/thumb/v7e-m+fp/hard/crti.o
                0x0000000008002940                _fini
 .fini          0x0000000008002944        0x8 /opt/st/stm32cubeide_1.13.2/plugins/com.st.stm32cube.ide.mcu.externaltools.gnu-tools-for-stm32.11.3.rel1.linux64_1.1.1.202309131626/tools/bin/../lib/gcc/arm-none-eabi/11.3.1/thumb/v7e-m+fp/hard/crtn.o
                0x000000000800294c                . = ALIGN (0x4)
                0x000000000800294c                _etext = .

.vfp11_veneer   0x000000000800294c        0x0
 .vfp11_veneer  0x000000000800294c        0x0 linker stubs

.v4_bx          0x000000000800294c        0x0
 .v4_bx         0x000000000800294c        0x0 linker stubs

.iplt           0x000000000800294c        0x0
 .iplt          0x000000000800294c        0x0 /opt/st/stm32cubeide_1.13.2/plugins/com.st.stm32cube.ide.mcu.externaltools.gnu-tools-for-stm32.11.3.rel1.linux64_1.1.1.202309131626/tools/bin/../lib/gcc/arm-none-eabi/11.3.1/thumb/v7e-m+fp/hard/crtbegin.o

.rodata         0x000000000800294c       0x10
                0x000000000800294c                . = ALIGN (0x4)
 *(.rodata)
 *(.rodata*)
 .rodata.AHBPrescTable
                0x000000000800294c       0x10 ./Core/Src/system_stm32f4xx.o
                0x000000000800294c                AHBPrescTable
                0x000000000800295c                . = ALIGN (0x4)

.ARM.extab      0x000000000800295c        0x0
                0x000000000800295c                . = ALIGN (0x4)
 *(.ARM.extab* .gnu.linkonce.armextab.*)
                0x000000000800295c                . = ALIGN (0x4)

.ARM            0x000000000800295c        0x8
                0x000000000800295c                . = ALIGN (0x4)
                0x000000000800295c                __exidx_start = .
 *(.ARM.exidx*)
 .ARM.exidx     0x000000000800295c        0x8 /opt/st/stm32cubeide_1.13.2/plugins/com.st.stm32cube.ide.mcu.externaltools.gnu-tools-for-stm32.11.3.rel1.linux64_1.1.1.202309131626/tools/bin/../lib/gcc/arm-none-eabi/11.3.1/thumb/v7e-m+fp/hard/libgcc.a(_udivmoddi4.o)
                0x0000000008002964                __exidx_end = .
                0x0000000008002964                . = ALIGN (0x4)

.rel.dyn        0x0000000008002964        0x0
 .rel.iplt      0x0000000008002964        0x0 /opt/st/stm32cubeide_1.13.2/plugins/com.st.stm32cube.ide.mcu.externaltools.gnu-tools-for-stm32.11.3.rel1.linux64_1.1.1.202309131626/tools/bin/../lib/gcc/arm-none-eabi/11.3.1/thumb/v7e-m+fp/hard/crtbegin.o

.preinit_array  0x0000000008002964        0x0
                0x0000000008002964                . = ALIGN (0x4)
                0x0000000008002964                PROVIDE (__preinit_array_start = .)
 *(.preinit_array*)
                0x0000000008002964                PROVIDE (__preinit_array_end = .)
                0x0000000008002964                . = ALIGN (0x4)

.init_array     0x0000000008002964        0x4
                0x0000000008002964                . = ALIGN (0x4)
                0x0000000008002964                PROVIDE (__init_array_start = .)
 *(SORT_BY_NAME(.init_array.*))
 *(.init_array*)
 .init_array    0x0000000008002964        0x4 /opt/st/stm32cubeide_1.13.2/plugins/com.st.stm32cube.ide.mcu.externaltools.gnu-tools-for-stm32.11.3.rel1.linux64_1.1.1.202309131626/tools/bin/../lib/gcc/arm-none-eabi/11.3.1/thumb/v7e-m+fp/hard/crtbegin.o
                0x0000000008002968                PROVIDE (__init_array_end = .)
                0x0000000008002968                . = ALIGN (0x4)

.fini_array     0x0000000008002968        0x4
                0x0000000008002968                . = ALIGN (0x4)
                [!provide]                        PROVIDE (__fini_array_start = .)
 *(SORT_BY_NAME(.fini_array.*))
 *(.fini_array*)
 .fini_array    0x0000000008002968        0x4 /opt/st/stm32cubeide_1.13.2/plugins/com.st.stm32cube.ide.mcu.externaltools.gnu-tools-for-stm32.11.3.rel1.linux64_1.1.1.202309131626/tools/bin/../lib/gcc/arm-none-eabi/11.3.1/thumb/v7e-m+fp/hard/crtbegin.o
                [!provide]                        PROVIDE (__fini_array_end = .)
                0x000000000800296c                . = ALIGN (0x4)
                0x000000000800296c                _sidata = LOADADDR (.data)

.data           0x0000000020000000        0xc load address 0x000000000800296c
                0x0000000020000000                . = ALIGN (0x4)
                0x0000000020000000                _sdata = .
 *(.data)
 *(.data*)
 .data.SystemCoreClock
                0x0000000020000000        0x4 ./Core/Src/system_stm32f4xx.o
                0x0000000020000000                SystemCoreClock
 .data.uwTickPrio
                0x0000000020000004        0x4 ./Drivers/STM32F4xx_HAL_Driver/Src/stm32f4xx_hal.o
                0x0000000020000004                uwTickPrio
 .data.uwTickFreq
                0x0000000020000008        0x1 ./Drivers/STM32F4xx_HAL_Driver/Src/stm32f4xx_hal.o
                0x0000000020000008                uwTickFreq
 *(.RamFunc)
 *(.RamFunc*)
                0x000000002000000c                . = ALIGN (0x4)
 *fill*         0x0000000020000009        0x3 
                0x000000002000000c                _edata = .
                0x0000000008002978                _siccmram = LOADADDR (.ccmram)

.igot.plt       0x000000002000000c        0x0 load address 0x0000000008002978
 .igot.plt      0x000000002000000c        0x0 /opt/st/stm32cubeide_1.13.2/plugins/com.st.stm32cube.ide.mcu.externaltools.gnu-tools-for-stm32.11.3.rel1.linux64_1.1.1.202309131626/tools/bin/../lib/gcc/arm-none-eabi/11.3.1/thumb/v7e-m+fp/hard/crtbegin.o

.ccmram         0x0000000010000000        0x0 load address 0x0000000008002978
                0x0000000010000000                . = ALIGN (0x4)
                0x0000000010000000                _sccmram = .
 *(.ccmram)
 *(.ccmram*)
                0x0000000010000000                . = ALIGN (0x4)
                0x0000000010000000                _eccmram = .
                0x0000000010000000                . = ALIGN (0x4)

.bss            0x000000002000000c       0x80
                0x000000002000000c                _sbss = .
                0x000000002000000c                __bss_start__ = _sbss
 *(.bss)
 .bss           0x000000002000000c       0x1c /opt/st/stm32cubeide_1.13.2/plugins/com.st.stm32cube.ide.mcu.externaltools.gnu-tools-for-stm32.11.3.rel1.linux64_1.1.1.202309131626/tools/bin/../lib/gcc/arm-none-eabi/11.3.1/thumb/v7e-m+fp/hard/crtbegin.o
 *(.bss*)
 .bss.rx_data   0x0000000020000028        0x8 ./Core/Src/main.o
                0x0000000020000028                rx_data
 .bss.hspi1     0x0000000020000030       0x58 ./Core/Src/spi.o
                0x0000000020000030                hspi1
 .bss.uwTick    0x0000000020000088        0x4 ./Drivers/STM32F4xx_HAL_Driver/Src/stm32f4xx_hal.o
                0x0000000020000088                uwTick
 *(COMMON)
                0x000000002000008c                . = ALIGN (0x4)
                0x000000002000008c                _ebss = .
                0x000000002000008c                __bss_end__ = _ebss

._user_heap_stack
                0x000000002000008c      0x604
                0x0000000020000090                . = ALIGN (0x8)
 *fill*         0x000000002000008c        0x4 
                [!provide]                        PROVIDE (end = .)
                0x0000000020000090                PROVIDE (_end = .)
                0x0000000020000290                . = (. + _Min_Heap_Size)
 *fill*         0x0000000020000090      0x200 
                0x0000000020000690                . = (. + _Min_Stack_Size)
 *fill*         0x0000000020000290      0x400 
                0x0000000020000690                . = ALIGN (0x8)

/DISCARD/
 libc.a(*)
 libm.a(*)
 libgcc.a(*)

.ARM.attributes
                0x0000000000000000       0x30
 *(.ARM.attributes)
 .ARM.attributes
                0x0000000000000000       0x1e /opt/st/stm32cubeide_1.13.2/plugins/com.st.stm32cube.ide.mcu.externaltools.gnu-tools-for-stm32.11.3.rel1.linux64_1.1.1.202309131626/tools/bin/../lib/gcc/arm-none-eabi/11.3.1/thumb/v7e-m+fp/hard/crti.o
 .ARM.attributes
                0x000000000000001e       0x34 /opt/st/stm32cubeide_1.13.2/plugins/com.st.stm32cube.ide.mcu.externaltools.gnu-tools-for-stm32.11.3.rel1.linux64_1.1.1.202309131626/tools/bin/../lib/gcc/arm-none-eabi/11.3.1/thumb/v7e-m+fp/hard/crtbegin.o
 .ARM.attributes
                0x0000000000000052       0x34 ./Core/Src/gpio.o
 .ARM.attributes
                0x0000000000000086       0x34 ./Core/Src/main.o
 .ARM.attributes
                0x00000000000000ba       0x34 ./Core/Src/nrf24l01p.o
 .ARM.attributes
                0x00000000000000ee       0x34 ./Core/Src/spi.o
 .ARM.attributes
                0x0000000000000122       0x34 ./Core/Src/stm32f4xx_hal_msp.o
 .ARM.attributes
                0x0000000000000156       0x34 ./Core/Src/stm32f4xx_it.o
 .ARM.attributes
                0x000000000000018a       0x34 ./Core/Src/system_stm32f4xx.o
 .ARM.attributes
                0x00000000000001be       0x21 ./Core/Startup/startup_stm32f407vetx.o
 .ARM.attributes
                0x00000000000001df       0x34 ./Drivers/STM32F4xx_HAL_Driver/Src/stm32f4xx_hal.o
 .ARM.attributes
                0x0000000000000213       0x34 ./Drivers/STM32F4xx_HAL_Driver/Src/stm32f4xx_hal_cortex.o
 .ARM.attributes
                0x0000000000000247       0x34 ./Drivers/STM32F4xx_HAL_Driver/Src/stm32f4xx_hal_gpio.o
 .ARM.attributes
                0x000000000000027b       0x34 ./Drivers/STM32F4xx_HAL_Driver/Src/stm32f4xx_hal_rcc.o
 .ARM.attributes
                0x00000000000002af       0x34 ./Drivers/STM32F4xx_HAL_Driver/Src/stm32f4xx_hal_spi.o
 .ARM.attributes
                0x00000000000002e3       0x34 /opt/st/stm32cubeide_1.13.2/plugins/com.st.stm32cube.ide.mcu.externaltools.gnu-tools-for-stm32.11.3.rel1.linux64_1.1.1.202309131626/tools/bin/../lib/gcc/arm-none-eabi/11.3.1/../../../../arm-none-eabi/lib/thumb/v7e-m+fp/hard/libc_nano.a(libc_a-memset.o)
 .ARM.attributes
                0x0000000000000317       0x34 /opt/st/stm32cubeide_1.13.2/plugins/com.st.stm32cube.ide.mcu.externaltools.gnu-tools-for-stm32.11.3.rel1.linux64_1.1.1.202309131626/tools/bin/../lib/gcc/arm-none-eabi/11.3.1/../../../../arm-none-eabi/lib/thumb/v7e-m+fp/hard/libc_nano.a(libc_a-init.o)
 .ARM.attributes
                0x000000000000034b       0x1e /opt/st/stm32cubeide_1.13.2/plugins/com.st.stm32cube.ide.mcu.externaltools.gnu-tools-for-stm32.11.3.rel1.linux64_1.1.1.202309131626/tools/bin/../lib/gcc/arm-none-eabi/11.3.1/thumb/v7e-m+fp/hard/libgcc.a(_aeabi_uldivmod.o)
 .ARM.attributes
                0x0000000000000369       0x34 /opt/st/stm32cubeide_1.13.2/plugins/com.st.stm32cube.ide.mcu.externaltools.gnu-tools-for-stm32.11.3.rel1.linux64_1.1.1.202309131626/tools/bin/../lib/gcc/arm-none-eabi/11.3.1/thumb/v7e-m+fp/hard/libgcc.a(_udivmoddi4.o)
 .ARM.attributes
                0x000000000000039d       0x1e /opt/st/stm32cubeide_1.13.2/plugins/com.st.stm32cube.ide.mcu.externaltools.gnu-tools-for-stm32.11.3.rel1.linux64_1.1.1.202309131626/tools/bin/../lib/gcc/arm-none-eabi/11.3.1/thumb/v7e-m+fp/hard/libgcc.a(_dvmd_tls.o)
 .ARM.attributes
                0x00000000000003bb       0x1e /opt/st/stm32cubeide_1.13.2/plugins/com.st.stm32cube.ide.mcu.externaltools.gnu-tools-for-stm32.11.3.rel1.linux64_1.1.1.202309131626/tools/bin/../lib/gcc/arm-none-eabi/11.3.1/thumb/v7e-m+fp/hard/crtn.o
OUTPUT(STM32F407VET6_nrf.elf elf32-littlearm)
LOAD linker stubs
LOAD /opt/st/stm32cubeide_1.13.2/plugins/com.st.stm32cube.ide.mcu.externaltools.gnu-tools-for-stm32.11.3.rel1.linux64_1.1.1.202309131626/tools/bin/../lib/gcc/arm-none-eabi/11.3.1/../../../../arm-none-eabi/lib/thumb/v7e-m+fp/hard/libc.a
LOAD /opt/st/stm32cubeide_1.13.2/plugins/com.st.stm32cube.ide.mcu.externaltools.gnu-tools-for-stm32.11.3.rel1.linux64_1.1.1.202309131626/tools/bin/../lib/gcc/arm-none-eabi/11.3.1/../../../../arm-none-eabi/lib/thumb/v7e-m+fp/hard/libm.a
LOAD /opt/st/stm32cubeide_1.13.2/plugins/com.st.stm32cube.ide.mcu.externaltools.gnu-tools-for-stm32.11.3.rel1.linux64_1.1.1.202309131626/tools/bin/../lib/gcc/arm-none-eabi/11.3.1/thumb/v7e-m+fp/hard/libgcc.a

.comment        0x0000000000000000       0x43
 .comment       0x0000000000000000       0x43 /opt/st/stm32cubeide_1.13.2/plugins/com.st.stm32cube.ide.mcu.externaltools.gnu-tools-for-stm32.11.3.rel1.linux64_1.1.1.202309131626/tools/bin/../lib/gcc/arm-none-eabi/11.3.1/thumb/v7e-m+fp/hard/crtbegin.o
                                         0x44 (size before relaxing)
 .comment       0x0000000000000043       0x44 ./Core/Src/gpio.o
 .comment       0x0000000000000043       0x44 ./Core/Src/main.o
 .comment       0x0000000000000043       0x44 ./Core/Src/nrf24l01p.o
 .comment       0x0000000000000043       0x44 ./Core/Src/spi.o
 .comment       0x0000000000000043       0x44 ./Core/Src/stm32f4xx_hal_msp.o
 .comment       0x0000000000000043       0x44 ./Core/Src/stm32f4xx_it.o
 .comment       0x0000000000000043       0x44 ./Core/Src/system_stm32f4xx.o
 .comment       0x0000000000000043       0x44 ./Drivers/STM32F4xx_HAL_Driver/Src/stm32f4xx_hal.o
 .comment       0x0000000000000043       0x44 ./Drivers/STM32F4xx_HAL_Driver/Src/stm32f4xx_hal_cortex.o
 .comment       0x0000000000000043       0x44 ./Drivers/STM32F4xx_HAL_Driver/Src/stm32f4xx_hal_gpio.o
 .comment       0x0000000000000043       0x44 ./Drivers/STM32F4xx_HAL_Driver/Src/stm32f4xx_hal_rcc.o
 .comment       0x0000000000000043       0x44 ./Drivers/STM32F4xx_HAL_Driver/Src/stm32f4xx_hal_spi.o

.debug_info     0x0000000000000000     0x6739
 .debug_info    0x0000000000000000      0x646 ./Core/Src/gpio.o
 .debug_info    0x0000000000000646      0x57d ./Core/Src/main.o
 .debug_info    0x0000000000000bc3      0xd4e ./Core/Src/nrf24l01p.o
 .debug_info    0x0000000000001911      0x943 ./Core/Src/spi.o
 .debug_info    0x0000000000002254      0x269 ./Core/Src/stm32f4xx_hal_msp.o
 .debug_info    0x00000000000024bd      0x14a ./Core/Src/stm32f4xx_it.o
 .debug_info    0x0000000000002607      0x512 ./Core/Src/system_stm32f4xx.o
 .debug_info    0x0000000000002b19       0x23 ./Core/Startup/startup_stm32f407vetx.o
 .debug_info    0x0000000000002b3c      0x948 ./Drivers/STM32F4xx_HAL_Driver/Src/stm32f4xx_hal.o
 .debug_info    0x0000000000003484      0xd46 ./Drivers/STM32F4xx_HAL_Driver/Src/stm32f4xx_hal_cortex.o
 .debug_info    0x00000000000041ca      0x6c3 ./Drivers/STM32F4xx_HAL_Driver/Src/stm32f4xx_hal_gpio.o
 .debug_info    0x000000000000488d      0x8b1 ./Drivers/STM32F4xx_HAL_Driver/Src/stm32f4xx_hal_rcc.o
 .debug_info    0x000000000000513e     0x15fb ./Drivers/STM32F4xx_HAL_Driver/Src/stm32f4xx_hal_spi.o

.debug_abbrev   0x0000000000000000     0x1750
 .debug_abbrev  0x0000000000000000      0x174 ./Core/Src/gpio.o
 .debug_abbrev  0x0000000000000174      0x216 ./Core/Src/main.o
 .debug_abbrev  0x000000000000038a      0x2e7 ./Core/Src/nrf24l01p.o
 .debug_abbrev  0x0000000000000671      0x1f3 ./Core/Src/spi.o
 .debug_abbrev  0x0000000000000864       0xd8 ./Core/Src/stm32f4xx_hal_msp.o
 .debug_abbrev  0x000000000000093c       0xa0 ./Core/Src/stm32f4xx_it.o
 .debug_abbrev  0x00000000000009dc      0x11a ./Core/Src/system_stm32f4xx.o
 .debug_abbrev  0x0000000000000af6       0x12 ./Core/Startup/startup_stm32f407vetx.o
 .debug_abbrev  0x0000000000000b08      0x213 ./Drivers/STM32F4xx_HAL_Driver/Src/stm32f4xx_hal.o
 .debug_abbrev  0x0000000000000d1b      0x327 ./Drivers/STM32F4xx_HAL_Driver/Src/stm32f4xx_hal_cortex.o
 .debug_abbrev  0x0000000000001042      0x1d4 ./Drivers/STM32F4xx_HAL_Driver/Src/stm32f4xx_hal_gpio.o
 .debug_abbrev  0x0000000000001216      0x2b6 ./Drivers/STM32F4xx_HAL_Driver/Src/stm32f4xx_hal_rcc.o
 .debug_abbrev  0x00000000000014cc      0x284 ./Drivers/STM32F4xx_HAL_Driver/Src/stm32f4xx_hal_spi.o

.debug_aranges  0x0000000000000000      0x738
 .debug_aranges
                0x0000000000000000       0x20 ./Core/Src/gpio.o
 .debug_aranges
                0x0000000000000020       0x38 ./Core/Src/main.o
 .debug_aranges
                0x0000000000000058      0x120 ./Core/Src/nrf24l01p.o
 .debug_aranges
                0x0000000000000178       0x30 ./Core/Src/spi.o
 .debug_aranges
                0x00000000000001a8       0x20 ./Core/Src/stm32f4xx_hal_msp.o
 .debug_aranges
                0x00000000000001c8       0x68 ./Core/Src/stm32f4xx_it.o
 .debug_aranges
                0x0000000000000230       0x28 ./Core/Src/system_stm32f4xx.o
 .debug_aranges
                0x0000000000000258       0x28 ./Core/Startup/startup_stm32f407vetx.o
 .debug_aranges
                0x0000000000000280       0xf0 ./Drivers/STM32F4xx_HAL_Driver/Src/stm32f4xx_hal.o
 .debug_aranges
                0x0000000000000370      0x118 ./Drivers/STM32F4xx_HAL_Driver/Src/stm32f4xx_hal_cortex.o
 .debug_aranges
                0x0000000000000488       0x58 ./Drivers/STM32F4xx_HAL_Driver/Src/stm32f4xx_hal_gpio.o
 .debug_aranges
                0x00000000000004e0       0x88 ./Drivers/STM32F4xx_HAL_Driver/Src/stm32f4xx_hal_rcc.o
 .debug_aranges
                0x0000000000000568      0x1d0 ./Drivers/STM32F4xx_HAL_Driver/Src/stm32f4xx_hal_spi.o

.debug_rnglists
                0x0000000000000000      0x54e
 .debug_rnglists
                0x0000000000000000       0x14 ./Core/Src/gpio.o
 .debug_rnglists
                0x0000000000000014       0x26 ./Core/Src/main.o
 .debug_rnglists
                0x000000000000003a       0xd4 ./Core/Src/nrf24l01p.o
 .debug_rnglists
                0x000000000000010e       0x20 ./Core/Src/spi.o
 .debug_rnglists
                0x000000000000012e       0x13 ./Core/Src/stm32f4xx_hal_msp.o
 .debug_rnglists
                0x0000000000000141       0x49 ./Core/Src/stm32f4xx_it.o
 .debug_rnglists
                0x000000000000018a       0x1a ./Core/Src/system_stm32f4xx.o
 .debug_rnglists
                0x00000000000001a4       0x19 ./Core/Startup/startup_stm32f407vetx.o
 .debug_rnglists
                0x00000000000001bd       0xaf ./Drivers/STM32F4xx_HAL_Driver/Src/stm32f4xx_hal.o
 .debug_rnglists
                0x000000000000026c       0xce ./Drivers/STM32F4xx_HAL_Driver/Src/stm32f4xx_hal_cortex.o
 .debug_rnglists
                0x000000000000033a       0x3f ./Drivers/STM32F4xx_HAL_Driver/Src/stm32f4xx_hal_gpio.o
 .debug_rnglists
                0x0000000000000379       0x66 ./Drivers/STM32F4xx_HAL_Driver/Src/stm32f4xx_hal_rcc.o
 .debug_rnglists
                0x00000000000003df      0x16f ./Drivers/STM32F4xx_HAL_Driver/Src/stm32f4xx_hal_spi.o

.debug_macro    0x0000000000000000    0x1f8f4
 .debug_macro   0x0000000000000000      0x1d3 ./Core/Src/gpio.o
 .debug_macro   0x00000000000001d3      0xaa8 ./Core/Src/gpio.o
 .debug_macro   0x0000000000000c7b      0x295 ./Core/Src/gpio.o
 .debug_macro   0x0000000000000f10       0x2e ./Core/Src/gpio.o
 .debug_macro   0x0000000000000f3e       0x2f ./Core/Src/gpio.o
 .debug_macro   0x0000000000000f6d       0x22 ./Core/Src/gpio.o
 .debug_macro   0x0000000000000f8f       0x8e ./Core/Src/gpio.o
 .debug_macro   0x000000000000101d       0x51 ./Core/Src/gpio.o
 .debug_macro   0x000000000000106e      0x103 ./Core/Src/gpio.o
 .debug_macro   0x0000000000001171       0x6a ./Core/Src/gpio.o
 .debug_macro   0x00000000000011db      0x1df ./Core/Src/gpio.o
 .debug_macro   0x00000000000013ba       0x1c ./Core/Src/gpio.o
 .debug_macro   0x00000000000013d6       0x22 ./Core/Src/gpio.o
 .debug_macro   0x00000000000013f8       0xd9 ./Core/Src/gpio.o
 .debug_macro   0x00000000000014d1     0x102d ./Core/Src/gpio.o
 .debug_macro   0x00000000000024fe      0x11f ./Core/Src/gpio.o
 .debug_macro   0x000000000000261d    0x15e82 ./Core/Src/gpio.o
 .debug_macro   0x000000000001849f       0x6d ./Core/Src/gpio.o
 .debug_macro   0x000000000001850c     0x367e ./Core/Src/gpio.o
 .debug_macro   0x000000000001bb8a      0x174 ./Core/Src/gpio.o
 .debug_macro   0x000000000001bcfe       0x5c ./Core/Src/gpio.o
 .debug_macro   0x000000000001bd5a      0x96b ./Core/Src/gpio.o
 .debug_macro   0x000000000001c6c5      0x9fe ./Core/Src/gpio.o
 .debug_macro   0x000000000001d0c3      0x115 ./Core/Src/gpio.o
 .debug_macro   0x000000000001d1d8      0x13e ./Core/Src/gpio.o
 .debug_macro   0x000000000001d316       0xa5 ./Core/Src/gpio.o
 .debug_macro   0x000000000001d3bb      0x174 ./Core/Src/gpio.o
 .debug_macro   0x000000000001d52f      0x287 ./Core/Src/gpio.o
 .debug_macro   0x000000000001d7b6       0x5f ./Core/Src/gpio.o
 .debug_macro   0x000000000001d815      0x236 ./Core/Src/gpio.o
 .debug_macro   0x000000000001da4b      0x12c ./Core/Src/gpio.o
 .debug_macro   0x000000000001db77      0x21e ./Core/Src/gpio.o
 .debug_macro   0x000000000001dd95       0x2e ./Core/Src/gpio.o
 .debug_macro   0x000000000001ddc3      0x11a ./Core/Src/gpio.o
 .debug_macro   0x000000000001dedd       0x7e ./Core/Src/gpio.o
 .debug_macro   0x000000000001df5b       0x89 ./Core/Src/gpio.o
 .debug_macro   0x000000000001dfe4      0x225 ./Core/Src/gpio.o
 .debug_macro   0x000000000001e209      0x12d ./Core/Src/gpio.o
 .debug_macro   0x000000000001e336       0x2e ./Core/Src/gpio.o
 .debug_macro   0x000000000001e364      0x1fd ./Core/Src/main.o
 .debug_macro   0x000000000001e561       0x22 ./Core/Src/main.o
 .debug_macro   0x000000000001e583      0x122 ./Core/Src/main.o
 .debug_macro   0x000000000001e6a5      0x1eb ./Core/Src/nrf24l01p.o
 .debug_macro   0x000000000001e890      0x1d3 ./Core/Src/spi.o
 .debug_macro   0x000000000001ea63      0x1c9 ./Core/Src/stm32f4xx_hal_msp.o
 .debug_macro   0x000000000001ec2c      0x1d3 ./Core/Src/stm32f4xx_it.o
 .debug_macro   0x000000000001edff      0x1ba ./Core/Src/system_stm32f4xx.o
 .debug_macro   0x000000000001efb9      0x21a ./Drivers/STM32F4xx_HAL_Driver/Src/stm32f4xx_hal.o
 .debug_macro   0x000000000001f1d3      0x1ba ./Drivers/STM32F4xx_HAL_Driver/Src/stm32f4xx_hal_cortex.o
 .debug_macro   0x000000000001f38d      0x1c0 ./Drivers/STM32F4xx_HAL_Driver/Src/stm32f4xx_hal_gpio.o
 .debug_macro   0x000000000001f54d      0x1de ./Drivers/STM32F4xx_HAL_Driver/Src/stm32f4xx_hal_rcc.o
 .debug_macro   0x000000000001f72b      0x1c9 ./Drivers/STM32F4xx_HAL_Driver/Src/stm32f4xx_hal_spi.o

.debug_line     0x0000000000000000     0x7c01
 .debug_line    0x0000000000000000      0x675 ./Core/Src/gpio.o
 .debug_line    0x0000000000000675      0x70d ./Core/Src/main.o
 .debug_line    0x0000000000000d82      0xa61 ./Core/Src/nrf24l01p.o
 .debug_line    0x00000000000017e3      0x6cb ./Core/Src/spi.o
 .debug_line    0x0000000000001eae      0x65a ./Core/Src/stm32f4xx_hal_msp.o
 .debug_line    0x0000000000002508      0x734 ./Core/Src/stm32f4xx_it.o
 .debug_line    0x0000000000002c3c      0x6db ./Core/Src/system_stm32f4xx.o
 .debug_line    0x0000000000003317       0x7a ./Core/Startup/startup_stm32f407vetx.o
 .debug_line    0x0000000000003391      0x941 ./Drivers/STM32F4xx_HAL_Driver/Src/stm32f4xx_hal.o
 .debug_line    0x0000000000003cd2      0xbf0 ./Drivers/STM32F4xx_HAL_Driver/Src/stm32f4xx_hal_cortex.o
 .debug_line    0x00000000000048c2      0xab5 ./Drivers/STM32F4xx_HAL_Driver/Src/stm32f4xx_hal_gpio.o
 .debug_line    0x0000000000005377      0xcb8 ./Drivers/STM32F4xx_HAL_Driver/Src/stm32f4xx_hal_rcc.o
 .debug_line    0x000000000000602f     0x1bd2 ./Drivers/STM32F4xx_HAL_Driver/Src/stm32f4xx_hal_spi.o

.debug_str      0x0000000000000000    0xbe751
 .debug_str     0x0000000000000000    0xbc3a2 ./Core/Src/gpio.o
                                      0xbc63f (size before relaxing)
 .debug_str     0x00000000000bc3a2      0x80f ./Core/Src/main.o
                                      0xbc887 (size before relaxing)
 .debug_str     0x00000000000bcbb1      0x75b ./Core/Src/nrf24l01p.o
                                      0xbcdfb (size before relaxing)
 .debug_str     0x00000000000bd30c       0x5b ./Core/Src/spi.o
                                      0xbc5ab (size before relaxing)
 .debug_str     0x00000000000bd367       0x2c ./Core/Src/stm32f4xx_hal_msp.o
                                      0xbc054 (size before relaxing)
 .debug_str     0x00000000000bd393       0xf5 ./Core/Src/stm32f4xx_it.o
                                      0xbc01a (size before relaxing)
 .debug_str     0x00000000000bd488       0xdb ./Core/Src/system_stm32f4xx.o
                                      0xbc076 (size before relaxing)
 .debug_str     0x00000000000bd563       0x34 ./Core/Startup/startup_stm32f407vetx.o
                                         0x74 (size before relaxing)
 .debug_str     0x00000000000bd597      0x603 ./Drivers/STM32F4xx_HAL_Driver/Src/stm32f4xx_hal.o
                                      0xbcbfa (size before relaxing)
 .debug_str     0x00000000000bdb9a      0x341 ./Drivers/STM32F4xx_HAL_Driver/Src/stm32f4xx_hal_cortex.o
                                      0xbc92d (size before relaxing)
 .debug_str     0x00000000000bdedb       0xd5 ./Drivers/STM32F4xx_HAL_Driver/Src/stm32f4xx_hal_gpio.o
                                      0xbc1f1 (size before relaxing)
 .debug_str     0x00000000000bdfb0      0x233 ./Drivers/STM32F4xx_HAL_Driver/Src/stm32f4xx_hal_rcc.o
                                      0xbc4aa (size before relaxing)
 .debug_str     0x00000000000be1e3      0x56e ./Drivers/STM32F4xx_HAL_Driver/Src/stm32f4xx_hal_spi.o
                                      0xbc93a (size before relaxing)

.debug_frame    0x0000000000000000     0x1b84
 .debug_frame   0x0000000000000000       0x34 ./Core/Src/gpio.o
 .debug_frame   0x0000000000000034       0x8c ./Core/Src/main.o
 .debug_frame   0x00000000000000c0      0x484 ./Core/Src/nrf24l01p.o
 .debug_frame   0x0000000000000544       0x74 ./Core/Src/spi.o
 .debug_frame   0x00000000000005b8       0x38 ./Core/Src/stm32f4xx_hal_msp.o
 .debug_frame   0x00000000000005f0      0x120 ./Core/Src/stm32f4xx_it.o
 .debug_frame   0x0000000000000710       0x58 ./Core/Src/system_stm32f4xx.o
 .debug_frame   0x0000000000000768      0x374 ./Drivers/STM32F4xx_HAL_Driver/Src/stm32f4xx_hal.o
 .debug_frame   0x0000000000000adc      0x498 ./Drivers/STM32F4xx_HAL_Driver/Src/stm32f4xx_hal_cortex.o
 .debug_frame   0x0000000000000f74      0x14c ./Drivers/STM32F4xx_HAL_Driver/Src/stm32f4xx_hal_gpio.o
 .debug_frame   0x00000000000010c0      0x1f4 ./Drivers/STM32F4xx_HAL_Driver/Src/stm32f4xx_hal_rcc.o
 .debug_frame   0x00000000000012b4      0x824 ./Drivers/STM32F4xx_HAL_Driver/Src/stm32f4xx_hal_spi.o
 .debug_frame   0x0000000000001ad8       0x20 /opt/st/stm32cubeide_1.13.2/plugins/com.st.stm32cube.ide.mcu.externaltools.gnu-tools-for-stm32.11.3.rel1.linux64_1.1.1.202309131626/tools/bin/../lib/gcc/arm-none-eabi/11.3.1/../../../../arm-none-eabi/lib/thumb/v7e-m+fp/hard/libc_nano.a(libc_a-memset.o)
 .debug_frame   0x0000000000001af8       0x2c /opt/st/stm32cubeide_1.13.2/plugins/com.st.stm32cube.ide.mcu.externaltools.gnu-tools-for-stm32.11.3.rel1.linux64_1.1.1.202309131626/tools/bin/../lib/gcc/arm-none-eabi/11.3.1/../../../../arm-none-eabi/lib/thumb/v7e-m+fp/hard/libc_nano.a(libc_a-init.o)
 .debug_frame   0x0000000000001b24       0x2c /opt/st/stm32cubeide_1.13.2/plugins/com.st.stm32cube.ide.mcu.externaltools.gnu-tools-for-stm32.11.3.rel1.linux64_1.1.1.202309131626/tools/bin/../lib/gcc/arm-none-eabi/11.3.1/thumb/v7e-m+fp/hard/libgcc.a(_aeabi_uldivmod.o)
 .debug_frame   0x0000000000001b50       0x34 /opt/st/stm32cubeide_1.13.2/plugins/com.st.stm32cube.ide.mcu.externaltools.gnu-tools-for-stm32.11.3.rel1.linux64_1.1.1.202309131626/tools/bin/../lib/gcc/arm-none-eabi/11.3.1/thumb/v7e-m+fp/hard/libgcc.a(_udivmoddi4.o)

.debug_line_str
                0x0000000000000000       0x68
 .debug_line_str
                0x0000000000000000       0x68 ./Core/Startup/startup_stm32f407vetx.o
                                         0x80 (size before relaxing)
