Archive member included to satisfy reference by file (symbol)

/opt/st/stm32cubeide_1.16.0/plugins/com.st.stm32cube.ide.mcu.externaltools.gnu-tools-for-stm32.12.3.rel1.linux64_1.0.200.202406132123/tools/bin/../lib/gcc/arm-none-eabi/12.3.1/../../../../arm-none-eabi/lib/thumb/v7e-m+fp/hard/libc_nano.a(libc_a-exit.o)
                              /opt/st/stm32cubeide_1.16.0/plugins/com.st.stm32cube.ide.mcu.externaltools.gnu-tools-for-stm32.12.3.rel1.linux64_1.0.200.202406132123/tools/bin/../lib/gcc/arm-none-eabi/12.3.1/../../../../arm-none-eabi/lib/thumb/v7e-m+fp/hard/crt0.o (exit)
/opt/st/stm32cubeide_1.16.0/plugins/com.st.stm32cube.ide.mcu.externaltools.gnu-tools-for-stm32.12.3.rel1.linux64_1.0.200.202406132123/tools/bin/../lib/gcc/arm-none-eabi/12.3.1/../../../../arm-none-eabi/lib/thumb/v7e-m+fp/hard/libc_nano.a(libc_a-findfp.o)
                              /opt/st/stm32cubeide_1.16.0/plugins/com.st.stm32cube.ide.mcu.externaltools.gnu-tools-for-stm32.12.3.rel1.linux64_1.0.200.202406132123/tools/bin/../lib/gcc/arm-none-eabi/12.3.1/../../../../arm-none-eabi/lib/thumb/v7e-m+fp/hard/libc_nano.a(libc_a-exit.o) (__stdio_exit_handler)
/opt/st/stm32cubeide_1.16.0/plugins/com.st.stm32cube.ide.mcu.externaltools.gnu-tools-for-stm32.12.3.rel1.linux64_1.0.200.202406132123/tools/bin/../lib/gcc/arm-none-eabi/12.3.1/../../../../arm-none-eabi/lib/thumb/v7e-m+fp/hard/libc_nano.a(libc_a-fwalk.o)
                              /opt/st/stm32cubeide_1.16.0/plugins/com.st.stm32cube.ide.mcu.externaltools.gnu-tools-for-stm32.12.3.rel1.linux64_1.0.200.202406132123/tools/bin/../lib/gcc/arm-none-eabi/12.3.1/../../../../arm-none-eabi/lib/thumb/v7e-m+fp/hard/libc_nano.a(libc_a-findfp.o) (_fwalk_sglue)
/opt/st/stm32cubeide_1.16.0/plugins/com.st.stm32cube.ide.mcu.externaltools.gnu-tools-for-stm32.12.3.rel1.linux64_1.0.200.202406132123/tools/bin/../lib/gcc/arm-none-eabi/12.3.1/../../../../arm-none-eabi/lib/thumb/v7e-m+fp/hard/libc_nano.a(libc_a-stdio.o)
                              /opt/st/stm32cubeide_1.16.0/plugins/com.st.stm32cube.ide.mcu.externaltools.gnu-tools-for-stm32.12.3.rel1.linux64_1.0.200.202406132123/tools/bin/../lib/gcc/arm-none-eabi/12.3.1/../../../../arm-none-eabi/lib/thumb/v7e-m+fp/hard/libc_nano.a(libc_a-findfp.o) (__sread)
/opt/st/stm32cubeide_1.16.0/plugins/com.st.stm32cube.ide.mcu.externaltools.gnu-tools-for-stm32.12.3.rel1.linux64_1.0.200.202406132123/tools/bin/../lib/gcc/arm-none-eabi/12.3.1/../../../../arm-none-eabi/lib/thumb/v7e-m+fp/hard/libc_nano.a(libc_a-memset.o)
                              /opt/st/stm32cubeide_1.16.0/plugins/com.st.stm32cube.ide.mcu.externaltools.gnu-tools-for-stm32.12.3.rel1.linux64_1.0.200.202406132123/tools/bin/../lib/gcc/arm-none-eabi/12.3.1/../../../../arm-none-eabi/lib/thumb/v7e-m+fp/hard/crt0.o (memset)
/opt/st/stm32cubeide_1.16.0/plugins/com.st.stm32cube.ide.mcu.externaltools.gnu-tools-for-stm32.12.3.rel1.linux64_1.0.200.202406132123/tools/bin/../lib/gcc/arm-none-eabi/12.3.1/../../../../arm-none-eabi/lib/thumb/v7e-m+fp/hard/libc_nano.a(libc_a-closer.o)
                              /opt/st/stm32cubeide_1.16.0/plugins/com.st.stm32cube.ide.mcu.externaltools.gnu-tools-for-stm32.12.3.rel1.linux64_1.0.200.202406132123/tools/bin/../lib/gcc/arm-none-eabi/12.3.1/../../../../arm-none-eabi/lib/thumb/v7e-m+fp/hard/libc_nano.a(libc_a-stdio.o) (_close_r)
/opt/st/stm32cubeide_1.16.0/plugins/com.st.stm32cube.ide.mcu.externaltools.gnu-tools-for-stm32.12.3.rel1.linux64_1.0.200.202406132123/tools/bin/../lib/gcc/arm-none-eabi/12.3.1/../../../../arm-none-eabi/lib/thumb/v7e-m+fp/hard/libc_nano.a(libc_a-reent.o)
                              /opt/st/stm32cubeide_1.16.0/plugins/com.st.stm32cube.ide.mcu.externaltools.gnu-tools-for-stm32.12.3.rel1.linux64_1.0.200.202406132123/tools/bin/../lib/gcc/arm-none-eabi/12.3.1/../../../../arm-none-eabi/lib/thumb/v7e-m+fp/hard/libc_nano.a(libc_a-closer.o) (errno)
/opt/st/stm32cubeide_1.16.0/plugins/com.st.stm32cube.ide.mcu.externaltools.gnu-tools-for-stm32.12.3.rel1.linux64_1.0.200.202406132123/tools/bin/../lib/gcc/arm-none-eabi/12.3.1/../../../../arm-none-eabi/lib/thumb/v7e-m+fp/hard/libc_nano.a(libc_a-impure.o)
                              /opt/st/stm32cubeide_1.16.0/plugins/com.st.stm32cube.ide.mcu.externaltools.gnu-tools-for-stm32.12.3.rel1.linux64_1.0.200.202406132123/tools/bin/../lib/gcc/arm-none-eabi/12.3.1/../../../../arm-none-eabi/lib/thumb/v7e-m+fp/hard/libc_nano.a(libc_a-reent.o) (_impure_ptr)
/opt/st/stm32cubeide_1.16.0/plugins/com.st.stm32cube.ide.mcu.externaltools.gnu-tools-for-stm32.12.3.rel1.linux64_1.0.200.202406132123/tools/bin/../lib/gcc/arm-none-eabi/12.3.1/../../../../arm-none-eabi/lib/thumb/v7e-m+fp/hard/libc_nano.a(libc_a-lseekr.o)
                              /opt/st/stm32cubeide_1.16.0/plugins/com.st.stm32cube.ide.mcu.externaltools.gnu-tools-for-stm32.12.3.rel1.linux64_1.0.200.202406132123/tools/bin/../lib/gcc/arm-none-eabi/12.3.1/../../../../arm-none-eabi/lib/thumb/v7e-m+fp/hard/libc_nano.a(libc_a-stdio.o) (_lseek_r)
[...]
Memory Configuration

Name             Origin             Length             Attributes
CCMRAM           0x10000000         0x00010000         xrw
RAM              0x20000000         0x00020000         xrw
FLASH            0x08000000         0x00080000         xr
*default*        0x00000000         0xffffffff

Linker script and memory map

LOAD /opt/st/stm32cubeide_1.16.0/plugins/com.st.stm32cube.ide.mcu.externaltools.gnu-tools-for-stm32.12.3.rel1.linux64_1.0.200.202406132123/tools/bin/../lib/gcc/arm-none-eabi/12.3.1/thumb/v7e-m+fp/hard/crti.o
LOAD /opt/st/stm32cubeide_1.16.0/plugins/com.st.stm32cube.ide.mcu.externaltools.gnu-tools-for-stm32.12.3.rel1.linux64_1.0.200.202406132123/tools/bin/../lib/gcc/arm-none-eabi/12.3.1/thumb/v7e-m+fp/hard/crtbegin.o
LOAD /opt/st/stm32cubeide_1.16.0/plugins/com.st.stm32cube.ide.mcu.externaltools.gnu-tools-for-stm32.12.3.rel1.linux64_1.0.200.202406132123/tools/bin/../lib/gcc/arm-none-eabi/12.3.1/../../../../arm-none-eabi/lib/thumb/v7e-m+fp/hard/crt0.o
LOAD ./Core/Src/NRF24L01.o
LOAD ./Core/Src/main.o
LOAD ./Core/Src/stm32f4xx_hal_msp.o
LOAD ./Core/Src/stm32f4xx_it.o
LOAD ./Core/Src/syscalls.o
LOAD ./Core/Src/sysmem.o
LOAD ./Core/Src/system_stm32f4xx.o
LOAD ./Core/Startup/startup_stm32f407vetx.o
LOAD ./Drivers/STM32F4xx_HAL_Driver/Src/stm32f4xx_hal.o
LOAD ./Drivers/STM32F4xx_HAL_Driver/Src/stm32f4xx_hal_cortex.o
LOAD ./Drivers/STM32F4xx_HAL_Driver/Src/stm32f4xx_hal_dma.o
LOAD ./Drivers/STM32F4xx_HAL_Driver/Src/stm32f4xx_hal_dma_ex.o
LOAD ./Drivers/STM32F4xx_HAL_Driver/Src/stm32f4xx_hal_exti.o
LOAD ./Drivers/STM32F4xx_HAL_Driver/Src/stm32f4xx_hal_flash.o
LOAD ./Drivers/STM32F4xx_HAL_Driver/Src/stm32f4xx_hal_flash_ex.o
LOAD ./Drivers/STM32F4xx_HAL_Driver/Src/stm32f4xx_hal_flash_ramfunc.o
LOAD ./Drivers/STM32F4xx_HAL_Driver/Src/stm32f4xx_hal_gpio.o
LOAD ./Drivers/STM32F4xx_HAL_Driver/Src/stm32f4xx_hal_pwr.o
LOAD ./Drivers/STM32F4xx_HAL_Driver/Src/stm32f4xx_hal_pwr_ex.o
LOAD ./Drivers/STM32F4xx_HAL_Driver/Src/stm32f4xx_hal_rcc.o
LOAD ./Drivers/STM32F4xx_HAL_Driver/Src/stm32f4xx_hal_rcc_ex.o
LOAD ./Drivers/STM32F4xx_HAL_Driver/Src/stm32f4xx_hal_spi.o
START GROUP
LOAD /opt/st/stm32cubeide_1.16.0/plugins/com.st.stm32cube.ide.mcu.externaltools.gnu-tools-for-stm32.12.3.rel1.linux64_1.0.200.202406132123/tools/bin/../lib/gcc/arm-none-eabi/12.3.1/../../../../arm-none-eabi/lib/thumb/v7e-m+fp/hard/libc_nano.a
LOAD /opt/st/stm32cubeide_1.16.0/plugins/com.st.stm32cube.ide.mcu.externaltools.gnu-tools-for-stm32.12.3.rel1.linux64_1.0.200.202406132123/tools/bin/../lib/gcc/arm-none-eabi/12.3.1/../../../../arm-none-eabi/lib/thumb/v7e-m+fp/hard/libm.a
END GROUP
START GROUP
LOAD /opt/st/stm32cubeide_1.16.0/plugins/com.st.stm32cube.ide.mcu.externaltools.gnu-tools-for-stm32.12.3.rel1.linux64_1.0.200.202406132123/tools/bin/../lib/gcc/arm-none-eabi/12.3.1/thumb/v7e-m+fp/hard/libgcc.a
LOAD /opt/st/stm32cubeide_1.16.0/plugins/com.st.stm32cube.ide.mcu.externaltools.gnu-tools-for-stm32.12.3.rel1.linux64_1.0.200.202406132123/tools/bin/../lib/gcc/arm-none-eabi/12.3.1/../../../../arm-none-eabi/lib/thumb/v7e-m+fp/hard/libc_nano.a
END GROUP
START GROUP
LOAD /opt/st/stm32cubeide_1.16.0/plugins/com.st.stm32cube.ide.mcu.externaltools.gnu-tools-for-stm32.12.3.rel1.linux64_1.0.200.202406132123/tools/bin/../lib/gcc/arm-none-eabi/12.3.1/thumb/v7e-m+fp/hard/libgcc.a
LOAD /opt/st/stm32cubeide_1.16.0/plugins/com.st.stm32cube.ide.mcu.externaltools.gnu-tools-for-stm32.12.3.rel1.linux64_1.0.200.202406132123/tools/bin/../lib/gcc/arm-none-eabi/12.3.1/../../../../arm-none-eabi/lib/thumb/v7e-m+fp/hard/libc_nano.a
LOAD /opt/st/stm32cubeide_1.16.0/plugins/com.st.stm32cube.ide.mcu.externaltools.gnu-tools-for-stm32.12.3.rel1.linux64_1.0.200.202406132123/tools/bin/../lib/gcc/arm-none-eabi/12.3.1/../../../../arm-none-eabi/lib/thumb/v7e-m+fp/hard/libnosys.a
END GROUP
START GROUP
LOAD /opt/st/stm32cubeide_1.16.0/plugins/com.st.stm32cube.ide.mcu.externaltools.gnu-tools-for-stm32.12.3.rel1.linux64_1.0.200.202406132123/tools/bin/../lib/gcc/arm-none-eabi/12.3.1/thumb/v7e-m+fp/hard/libgcc.a
LOAD /opt/st/stm32cubeide_1.16.0/plugins/com.st.stm32cube.ide.mcu.externaltools.gnu-tools-for-stm32.12.3.rel1.linux64_1.0.200.202406132123/tools/bin/../lib/gcc/arm-none-eabi/12.3.1/../../../../arm-none-eabi/lib/thumb/v7e-m+fp/hard/libc_nano.a
LOAD /opt/st/stm32cubeide_1.16.0/plugins/com.st.stm32cube.ide.mcu.externaltools.gnu-tools-for-stm32.12.3.rel1.linux64_1.0.200.202406132123/tools/bin/../lib/gcc/arm-none-eabi/12.3.1/../../../../arm-none-eabi/lib/thumb/v7e-m+fp/hard/libnosys.a
END GROUP
LOAD /opt/st/stm32cubeide_1.16.0/plugins/com.st.stm32cube.ide.mcu.externaltools.gnu-tools-for-stm32.12.3.rel1.linux64_1.0.200.202406132123/tools/bin/../lib/gcc/arm-none-eabi/12.3.1/thumb/v7e-m+fp/hard/crtend.o
LOAD /opt/st/stm32cubeide_1.16.0/plugins/com.st.stm32cube.ide.mcu.externaltools.gnu-tools-for-stm32.12.3.rel1.linux64_1.0.200.202406132123/tools/bin/../lib/gcc/arm-none-eabi/12.3.1/thumb/v7e-m+fp/hard/crtn.o
                0x20020000                        _estack = (ORIGIN (RAM) + LENGTH (RAM))
                0x00000200                        _Min_Heap_Size = 0x200
                0x00000400                        _Min_Stack_Size = 0x400

.isr_vector     0x08000000      0x188
                0x08000000                        . = ALIGN (0x4)
 *(.isr_vector)
 .isr_vector    0x08000000      0x188 ./Core/Startup/startup_stm32f407vetx.o
                0x08000000                g_pfnVectors
                0x08000188                        . = ALIGN (0x4)

.text           0x08000188     0x26e0
                0x08000188                        . = ALIGN (0x4)
 *(.text)
 .text          0x08000188       0x40 /opt/st/stm32cubeide_1.16.0/plugins/com.st.stm32cube.ide.mcu.externaltools.gnu-tools-for-stm32.12.3.rel1.linux64_1.0.200.202406132123/tools/bin/../lib/gcc/arm-none-eabi/12.3.1/thumb/v7e-m+fp/hard/crtbegin.o
 .text          0x080001c8       0x30 /opt/st/stm32cubeide_1.16.0/plugins/com.st.stm32cube.ide.mcu.externaltools.gnu-tools-for-stm32.12.3.rel1.linux64_1.0.200.202406132123/tools/bin/../lib/gcc/arm-none-eabi/12.3.1/thumb/v7e-m+fp/hard/libgcc.a(_aeabi_uldivmod.o)
                0x080001c8                __aeabi_uldivmod
 .text          0x080001f8      0x2bc /opt/st/stm32cubeide_1.16.0/plugins/com.st.stm32cube.ide.mcu.externaltools.gnu-tools-for-stm32.12.3.rel1.linux64_1.0.200.202406132123/tools/bin/../lib/gcc/arm-none-eabi/12.3.1/thumb/v7e-m+fp/hard/libgcc.a(_udivmoddi4.o)
                0x080001f8                __udivmoddi4
 .text          0x080004b4        0x4 /opt/st/stm32cubeide_1.16.0/plugins/com.st.stm32cube.ide.mcu.externaltools.gnu-tools-for-stm32.12.3.rel1.linux64_1.0.200.202406132123/tools/bin/../lib/gcc/arm-none-eabi/12.3.1/thumb/v7e-m+fp/hard/libgcc.a(_dvmd_tls.o)
                0x080004b4                __aeabi_ldiv0
                0x080004b4                __aeabi_idiv0
 *(.text*)
 .text.HAL_NRF24_CS_select
                0x080004b8       0x18 ./Core/Src/NRF24L01.o
                0x080004b8                HAL_NRF24_CS_select
 .text.HAL_NRF24_CS_unSelect
                0x080004d0       0x18 ./Core/Src/NRF24L01.o
                0x080004d0                HAL_NRF24_CS_unSelect
 .text.HAL_NRF24_CE_enable
                0x080004e8       0x18 ./Core/Src/NRF24L01.o
                0x080004e8                HAL_NRF24_CE_enable
 .text.HAL_NRF24_CE_disable
                0x08000500       0x18 ./Core/Src/NRF24L01.o
                0x08000500                HAL_NRF24_CE_disable
 .text.HAL_NRF24_writeReg
                0x08000518       0x44 ./Core/Src/NRF24L01.o
                0x08000518                HAL_NRF24_writeReg
 .text.HAL_NRF24_writeRegMulti
                0x0800055c       0x4c ./Core/Src/NRF24L01.o
                0x0800055c                HAL_NRF24_writeRegMulti
 .text.HAL_NRF24_readReg
                0x080005a8       0x3c ./Core/Src/NRF24L01.o
                0x080005a8                HAL_NRF24_readReg
 .text.HAL_NRF24_resetRegister
                0x080005e4      0x154 ./Core/Src/NRF24L01.o
                0x080005e4                HAL_NRF24_resetRegister
 .text.HAL_NRF24_init
                0x08000738       0x46 ./Core/Src/NRF24L01.o
                0x08000738                HAL_NRF24_init
 .text.HAL_NRF24_TXModeConfig
                0x0800077e       0x40 ./Core/Src/NRF24L01.o
                0x0800077e                HAL_NRF24_TXModeConfig
 *fill*         0x080007be        0x2 
 .text.HAL_NRF24_transmitData
                0x080007c0       0x74 ./Core/Src/NRF24L01.o
                0x080007c0                HAL_NRF24_transmitData
 .text.HAL_NRF24_setDataRate
                0x08000834       0x36 ./Core/Src/NRF24L01.o
                0x08000834                HAL_NRF24_setDataRate
 .text.HAL_NRF24_setAddrsWidth
                0x0800086a       0x20 ./Core/Src/NRF24L01.o
                0x0800086a                HAL_NRF24_setAddrsWidth
 .text.HAL_NRF24_setRFChannel
                0x0800088a       0x1c ./Core/Src/NRF24L01.o
                0x0800088a                HAL_NRF24_setRFChannel
 .text.HAL_NRF24_setPowerMode
                0x080008a6       0x3e ./Core/Src/NRF24L01.o
                0x080008a6                HAL_NRF24_setPowerMode
 .text.HAL_NRF24_setOperationalMode
                0x080008e4       0x42 ./Core/Src/NRF24L01.o
                0x080008e4                HAL_NRF24_setOperationalMode
 .text.HAL_NRF24_setTXPower
                0x08000926       0x36 ./Core/Src/NRF24L01.o
                0x08000926                HAL_NRF24_setTXPower
 .text.main     0x0800095c       0x9c ./Core/Src/main.o
                0x0800095c                main
 .text.SystemClock_Config
                0x080009f8       0xd4 ./Core/Src/main.o
                0x080009f8                SystemClock_Config
 .text.MX_SPI1_Init
                0x08000acc       0x6c ./Core/Src/main.o
 .text.MX_GPIO_Init
                0x08000b38       0xcc ./Core/Src/main.o
 .text.Error_Handler
                0x08000c04        0xc ./Core/Src/main.o
                0x08000c04                Error_Handler
 .text.HAL_MspInit
                0x08000c10       0x50 ./Core/Src/stm32f4xx_hal_msp.o
                0x08000c10                HAL_MspInit
 .text.HAL_SPI_MspInit
                0x08000c60       0x90 ./Core/Src/stm32f4xx_hal_msp.o
                0x08000c60                HAL_SPI_MspInit
 .text.NMI_Handler
                0x08000cf0        0x8 ./Core/Src/stm32f4xx_it.o
                0x08000cf0                NMI_Handler
 .text.HardFault_Handler
                0x08000cf8        0x8 ./Core/Src/stm32f4xx_it.o
                0x08000cf8                HardFault_Handler
 .text.MemManage_Handler
                0x08000d00        0x8 ./Core/Src/stm32f4xx_it.o
                0x08000d00                MemManage_Handler
 .text.BusFault_Handler
                0x08000d08        0x8 ./Core/Src/stm32f4xx_it.o
                0x08000d08                BusFault_Handler
 .text.UsageFault_Handler
                0x08000d10        0x8 ./Core/Src/stm32f4xx_it.o
                0x08000d10                UsageFault_Handler
 .text.SVC_Handler
                0x08000d18        0xe ./Core/Src/stm32f4xx_it.o
                0x08000d18                SVC_Handler
 .text.DebugMon_Handler
                0x08000d26        0xe ./Core/Src/stm32f4xx_it.o
                0x08000d26                DebugMon_Handler
 .text.PendSV_Handler
                0x08000d34        0xe ./Core/Src/stm32f4xx_it.o
                0x08000d34                PendSV_Handler
 .text.SysTick_Handler
                0x08000d42        0xc ./Core/Src/stm32f4xx_it.o
                0x08000d42                SysTick_Handler
 *fill*         0x08000d4e        0x2 
 .text.SystemInit
                0x08000d50       0x24 ./Core/Src/system_stm32f4xx.o
                0x08000d50                SystemInit
 .text.Reset_Handler
                0x08000d74       0x50 ./Core/Startup/startup_stm32f407vetx.o
                0x08000d74                Reset_Handler
 .text.Default_Handler
                0x08000dc4        0x2 ./Core/Startup/startup_stm32f407vetx.o
                0x08000dc4                RTC_Alarm_IRQHandler
                0x08000dc4                HASH_RNG_IRQHandler
                0x08000dc4                EXTI2_IRQHandler
                0x08000dc4                TIM8_CC_IRQHandler
                0x08000dc4                TIM1_CC_IRQHandler
                0x08000dc4                DMA2_Stream5_IRQHandler
                0x08000dc4                DMA1_Stream5_IRQHandler
                0x08000dc4                PVD_IRQHandler
                0x08000dc4                SDIO_IRQHandler
                0x08000dc4                TAMP_STAMP_IRQHandler
                0x08000dc4                CAN2_RX1_IRQHandler
                0x08000dc4                EXTI3_IRQHandler
                0x08000dc4                TIM8_TRG_COM_TIM14_IRQHandler
                0x08000dc4                TIM1_UP_TIM10_IRQHandler
                0x08000dc4                TIM8_UP_TIM13_IRQHandler
                0x08000dc4                I2C3_ER_IRQHandler
                0x08000dc4                EXTI0_IRQHandler
                0x08000dc4                I2C2_EV_IRQHandler
                0x08000dc4                DMA1_Stream2_IRQHandler
                0x08000dc4                CAN1_RX0_IRQHandler
                0x08000dc4                FPU_IRQHandler
                0x08000dc4                OTG_HS_WKUP_IRQHandler
                0x08000dc4                CAN2_SCE_IRQHandler
                0x08000dc4                DMA2_Stream2_IRQHandler
                0x08000dc4                SPI1_IRQHandler
                0x08000dc4                TIM6_DAC_IRQHandler
                0x08000dc4                TIM1_BRK_TIM9_IRQHandler
                0x08000dc4                DCMI_IRQHandler
                0x08000dc4                CAN2_RX0_IRQHandler
                0x08000dc4                DMA2_Stream3_IRQHandler
                0x08000dc4                USART6_IRQHandler
                0x08000dc4                USART3_IRQHandler
                0x08000dc4                CAN1_RX1_IRQHandler
                0x08000dc4                UART5_IRQHandler
                0x08000dc4                DMA2_Stream0_IRQHandler
                0x08000dc4                TIM4_IRQHandler
                0x08000dc4                I2C1_EV_IRQHandler
                0x08000dc4                DMA1_Stream6_IRQHandler
                0x08000dc4                DMA1_Stream1_IRQHandler
                0x08000dc4                UART4_IRQHandler
                0x08000dc4                TIM3_IRQHandler
                0x08000dc4                RCC_IRQHandler
                0x08000dc4                TIM8_BRK_TIM12_IRQHandler
                0x08000dc4                Default_Handler
                0x08000dc4                EXTI15_10_IRQHandler
                0x08000dc4                ADC_IRQHandler
                0x08000dc4                DMA1_Stream7_IRQHandler
                0x08000dc4                TIM7_IRQHandler
                0x08000dc4                CAN2_TX_IRQHandler
                0x08000dc4                TIM5_IRQHandler
                0x08000dc4                DMA2_Stream7_IRQHandler
                0x08000dc4                I2C3_EV_IRQHandler
                0x08000dc4                EXTI9_5_IRQHandler
                0x08000dc4                RTC_WKUP_IRQHandler
                0x08000dc4                ETH_WKUP_IRQHandler
                0x08000dc4                SPI2_IRQHandler
                0x08000dc4                OTG_HS_EP1_IN_IRQHandler
                0x08000dc4                DMA1_Stream0_IRQHandler
                0x08000dc4                CAN1_TX_IRQHandler
                0x08000dc4                EXTI4_IRQHandler
                0x08000dc4                FSMC_IRQHandler
                0x08000dc4                ETH_IRQHandler
                0x08000dc4                OTG_HS_EP1_OUT_IRQHandler
                0x08000dc4                WWDG_IRQHandler
                0x08000dc4                TIM2_IRQHandler
                0x08000dc4                OTG_FS_WKUP_IRQHandler
                0x08000dc4                TIM1_TRG_COM_TIM11_IRQHandler
                0x08000dc4                OTG_HS_IRQHandler
                0x08000dc4                EXTI1_IRQHandler
                0x08000dc4                USART2_IRQHandler
                0x08000dc4                I2C2_ER_IRQHandler
                0x08000dc4                DMA2_Stream1_IRQHandler
                0x08000dc4                CAN1_SCE_IRQHandler
                0x08000dc4                FLASH_IRQHandler
                0x08000dc4                DMA2_Stream4_IRQHandler
                0x08000dc4                USART1_IRQHandler
                0x08000dc4                OTG_FS_IRQHandler
                0x08000dc4                SPI3_IRQHandler
                0x08000dc4                DMA1_Stream4_IRQHandler
                0x08000dc4                I2C1_ER_IRQHandler
                0x08000dc4                DMA2_Stream6_IRQHandler
                0x08000dc4                DMA1_Stream3_IRQHandler
 *fill*         0x08000dc6        0x2 
 .text.HAL_Init
                0x08000dc8       0x44 ./Drivers/STM32F4xx_HAL_Driver/Src/stm32f4xx_hal.o
                0x08000dc8                HAL_Init
 .text.HAL_InitTick
                0x08000e0c       0x60 ./Drivers/STM32F4xx_HAL_Driver/Src/stm32f4xx_hal.o
                0x08000e0c                HAL_InitTick
 .text.HAL_IncTick
                0x08000e6c       0x28 ./Drivers/STM32F4xx_HAL_Driver/Src/stm32f4xx_hal.o
                0x08000e6c                HAL_IncTick
 .text.HAL_GetTick
                0x08000e94       0x18 ./Drivers/STM32F4xx_HAL_Driver/Src/stm32f4xx_hal.o
                0x08000e94                HAL_GetTick
 .text.HAL_Delay
                0x08000eac       0x48 ./Drivers/STM32F4xx_HAL_Driver/Src/stm32f4xx_hal.o
                0x08000eac                HAL_Delay
 .text.__NVIC_SetPriorityGrouping
                0x08000ef4       0x48 ./Drivers/STM32F4xx_HAL_Driver/Src/stm32f4xx_hal_cortex.o
 .text.__NVIC_GetPriorityGrouping
                0x08000f3c       0x1c ./Drivers/STM32F4xx_HAL_Driver/Src/stm32f4xx_hal_cortex.o
 .text.__NVIC_SetPriority
                0x08000f58       0x54 ./Drivers/STM32F4xx_HAL_Driver/Src/stm32f4xx_hal_cortex.o
 .text.NVIC_EncodePriority
                0x08000fac       0x66 ./Drivers/STM32F4xx_HAL_Driver/Src/stm32f4xx_hal_cortex.o
 *fill*         0x08001012        0x2 
 .text.SysTick_Config
                0x08001014       0x44 ./Drivers/STM32F4xx_HAL_Driver/Src/stm32f4xx_hal_cortex.o
 .text.HAL_NVIC_SetPriorityGrouping
                0x08001058       0x16 ./Drivers/STM32F4xx_HAL_Driver/Src/stm32f4xx_hal_cortex.o
                0x08001058                HAL_NVIC_SetPriorityGrouping
 .text.HAL_NVIC_SetPriority
                0x0800106e       0x38 ./Drivers/STM32F4xx_HAL_Driver/Src/stm32f4xx_hal_cortex.o
                0x0800106e                HAL_NVIC_SetPriority
 .text.HAL_SYSTICK_Config
                0x080010a6       0x18 ./Drivers/STM32F4xx_HAL_Driver/Src/stm32f4xx_hal_cortex.o
                0x080010a6                HAL_SYSTICK_Config
 *fill*         0x080010be        0x2 
 .text.HAL_GPIO_Init
                0x080010c0      0x338 ./Drivers/STM32F4xx_HAL_Driver/Src/stm32f4xx_hal_gpio.o
                0x080010c0                HAL_GPIO_Init
 .text.HAL_GPIO_WritePin
                0x080013f8       0x32 ./Drivers/STM32F4xx_HAL_Driver/Src/stm32f4xx_hal_gpio.o
                0x080013f8                HAL_GPIO_WritePin
 .text.HAL_GPIO_TogglePin
                0x0800142a       0x34 ./Drivers/STM32F4xx_HAL_Driver/Src/stm32f4xx_hal_gpio.o
                0x0800142a                HAL_GPIO_TogglePin
 *fill*         0x0800145e        0x2 
 .text.HAL_RCC_OscConfig
                0x08001460      0x4f0 ./Drivers/STM32F4xx_HAL_Driver/Src/stm32f4xx_hal_rcc.o
                0x08001460                HAL_RCC_OscConfig
 .text.HAL_RCC_ClockConfig
                0x08001950      0x1cc ./Drivers/STM32F4xx_HAL_Driver/Src/stm32f4xx_hal_rcc.o
                0x08001950                HAL_RCC_ClockConfig
 .text.HAL_RCC_GetSysClockFreq
                0x08001b1c      0x18c ./Drivers/STM32F4xx_HAL_Driver/Src/stm32f4xx_hal_rcc.o
                0x08001b1c                HAL_RCC_GetSysClockFreq
 .text.HAL_SPI_Init
                0x08001ca8      0x112 ./Drivers/STM32F4xx_HAL_Driver/Src/stm32f4xx_hal_spi.o
                0x08001ca8                HAL_SPI_Init
 .text.HAL_SPI_Transmit
                0x08001dba      0x278 ./Drivers/STM32F4xx_HAL_Driver/Src/stm32f4xx_hal_spi.o
                0x08001dba                HAL_SPI_Transmit
 .text.HAL_SPI_Receive
                0x08002032      0x222 ./Drivers/STM32F4xx_HAL_Driver/Src/stm32f4xx_hal_spi.o
                0x08002032                HAL_SPI_Receive
 .text.HAL_SPI_TransmitReceive
                0x08002254      0x344 ./Drivers/STM32F4xx_HAL_Driver/Src/stm32f4xx_hal_spi.o
                0x08002254                HAL_SPI_TransmitReceive
 .text.SPI_WaitFlagStateUntilTimeout
                0x08002598      0x110 ./Drivers/STM32F4xx_HAL_Driver/Src/stm32f4xx_hal_spi.o
 .text.SPI_EndRxTransaction
                0x080026a8       0xca ./Drivers/STM32F4xx_HAL_Driver/Src/stm32f4xx_hal_spi.o
 *fill*         0x08002772        0x2 
 .text.SPI_EndRxTxTransaction
                0x08002774       0x84 ./Drivers/STM32F4xx_HAL_Driver/Src/stm32f4xx_hal_spi.o
 .text.memset   0x080027f8       0x10 /opt/st/stm32cubeide_1.16.0/plugins/com.st.stm32cube.ide.mcu.externaltools.gnu-tools-for-stm32.12.3.rel1.linux64_1.0.200.202406132123/tools/bin/../lib/gcc/arm-none-eabi/12.3.1/../../../../arm-none-eabi/lib/thumb/v7e-m+fp/hard/libc_nano.a(libc_a-memset.o)
                0x080027f8                memset
 .text.__libc_init_array
                0x08002808       0x48 /opt/st/stm32cubeide_1.16.0/plugins/com.st.stm32cube.ide.mcu.externaltools.gnu-tools-for-stm32.12.3.rel1.linux64_1.0.200.202406132123/tools/bin/../lib/gcc/arm-none-eabi/12.3.1/../../../../arm-none-eabi/lib/thumb/v7e-m+fp/hard/libc_nano.a(libc_a-init.o)
                0x08002808                __libc_init_array
 *(.glue_7)
 .glue_7        0x08002850        0x0 linker stubs
 *(.glue_7t)
 .glue_7t       0x08002850        0x0 linker stubs
 *(.eh_frame)
 .eh_frame      0x08002850        0x0 /opt/st/stm32cubeide_1.16.0/plugins/com.st.stm32cube.ide.mcu.externaltools.gnu-tools-for-stm32.12.3.rel1.linux64_1.0.200.202406132123/tools/bin/../lib/gcc/arm-none-eabi/12.3.1/thumb/v7e-m+fp/hard/crtbegin.o
 *(.init)
 .init          0x08002850        0x4 /opt/st/stm32cubeide_1.16.0/plugins/com.st.stm32cube.ide.mcu.externaltools.gnu-tools-for-stm32.12.3.rel1.linux64_1.0.200.202406132123/tools/bin/../lib/gcc/arm-none-eabi/12.3.1/thumb/v7e-m+fp/hard/crti.o
                0x08002850                _init
 .init          0x08002854        0x8 /opt/st/stm32cubeide_1.16.0/plugins/com.st.stm32cube.ide.mcu.externaltools.gnu-tools-for-stm32.12.3.rel1.linux64_1.0.200.202406132123/tools/bin/../lib/gcc/arm-none-eabi/12.3.1/thumb/v7e-m+fp/hard/crtn.o
 *(.fini)
 .fini          0x0800285c        0x4 /opt/st/stm32cubeide_1.16.0/plugins/com.st.stm32cube.ide.mcu.externaltools.gnu-tools-for-stm32.12.3.rel1.linux64_1.0.200.202406132123/tools/bin/../lib/gcc/arm-none-eabi/12.3.1/thumb/v7e-m+fp/hard/crti.o
                0x0800285c                _fini
 .fini          0x08002860        0x8 /opt/st/stm32cubeide_1.16.0/plugins/com.st.stm32cube.ide.mcu.externaltools.gnu-tools-for-stm32.12.3.rel1.linux64_1.0.200.202406132123/tools/bin/../lib/gcc/arm-none-eabi/12.3.1/thumb/v7e-m+fp/hard/crtn.o
                0x08002868                        . = ALIGN (0x4)
                0x08002868                        _etext = .

.vfp11_veneer   0x08002868        0x0
 .vfp11_veneer  0x08002868        0x0 linker stubs

.v4_bx          0x08002868        0x0
 .v4_bx         0x08002868        0x0 linker stubs

.iplt           0x08002868        0x0
 .iplt          0x08002868        0x0 /opt/st/stm32cubeide_1.16.0/plugins/com.st.stm32cube.ide.mcu.externaltools.gnu-tools-for-stm32.12.3.rel1.linux64_1.0.200.202406132123/tools/bin/../lib/gcc/arm-none-eabi/12.3.1/thumb/v7e-m+fp/hard/crtbegin.o

.rodata         0x08002868       0x20
                0x08002868                        . = ALIGN (0x4)
 *(.rodata)
 .rodata        0x08002868        0xd ./Core/Src/NRF24L01.o
 *(.rodata*)
 *fill*         0x08002875        0x3 
 .rodata.AHBPrescTable
                0x08002878       0x10 ./Core/Src/system_stm32f4xx.o
                0x08002878                AHBPrescTable
                0x08002888                        . = ALIGN (0x4)

.ARM.extab      0x08002888        0x0
                0x08002888                        . = ALIGN (0x4)
 *(.ARM.extab* .gnu.linkonce.armextab.*)
                0x08002888                        . = ALIGN (0x4)

.ARM            0x08002888        0x8
                0x08002888                        . = ALIGN (0x4)
                0x08002888                        __exidx_start = .
 *(.ARM.exidx*)
 .ARM.exidx     0x08002888        0x8 /opt/st/stm32cubeide_1.16.0/plugins/com.st.stm32cube.ide.mcu.externaltools.gnu-tools-for-stm32.12.3.rel1.linux64_1.0.200.202406132123/tools/bin/../lib/gcc/arm-none-eabi/12.3.1/thumb/v7e-m+fp/hard/libgcc.a(_udivmoddi4.o)
                0x08002890                        __exidx_end = .
                0x08002890                        . = ALIGN (0x4)

.rel.dyn        0x08002890        0x0
 .rel.iplt      0x08002890        0x0 /opt/st/stm32cubeide_1.16.0/plugins/com.st.stm32cube.ide.mcu.externaltools.gnu-tools-for-stm32.12.3.rel1.linux64_1.0.200.202406132123/tools/bin/../lib/gcc/arm-none-eabi/12.3.1/thumb/v7e-m+fp/hard/crtbegin.o

.preinit_array  0x08002890        0x0
                0x08002890                        . = ALIGN (0x4)
                0x08002890                        PROVIDE (__preinit_array_start = .)
 *(.preinit_array*)
                0x08002890                        PROVIDE (__preinit_array_end = .)
                0x08002890                        . = ALIGN (0x4)

.init_array     0x08002890        0x4
                0x08002890                        . = ALIGN (0x4)
                0x08002890                        PROVIDE (__init_array_start = .)
 *(SORT_BY_NAME(.init_array.*))
 *(.init_array*)
 .init_array    0x08002890        0x4 /opt/st/stm32cubeide_1.16.0/plugins/com.st.stm32cube.ide.mcu.externaltools.gnu-tools-for-stm32.12.3.rel1.linux64_1.0.200.202406132123/tools/bin/../lib/gcc/arm-none-eabi/12.3.1/thumb/v7e-m+fp/hard/crtbegin.o
                0x08002894                        PROVIDE (__init_array_end = .)
                0x08002894                        . = ALIGN (0x4)

.fini_array     0x08002894        0x4
                0x08002894                        . = ALIGN (0x4)
                [!provide]                        PROVIDE (__fini_array_start = .)
 *(SORT_BY_NAME(.fini_array.*))
 *(.fini_array*)
 .fini_array    0x08002894        0x4 /opt/st/stm32cubeide_1.16.0/plugins/com.st.stm32cube.ide.mcu.externaltools.gnu-tools-for-stm32.12.3.rel1.linux64_1.0.200.202406132123/tools/bin/../lib/gcc/arm-none-eabi/12.3.1/thumb/v7e-m+fp/hard/crtbegin.o
                [!provide]                        PROVIDE (__fini_array_end = .)
                0x08002898                        . = ALIGN (0x4)
                0x08002898                        _sidata = LOADADDR (.data)

.data           0x20000000       0x14 load address 0x08002898
                0x20000000                        . = ALIGN (0x4)
                0x20000000                        _sdata = .
 *(.data)
 *(.data*)
 .data.TxAdress
                0x20000000        0x5 ./Core/Src/main.o
                0x20000000                TxAdress
 *fill*         0x20000005        0x3 
 .data.SystemCoreClock
                0x20000008        0x4 ./Core/Src/system_stm32f4xx.o
                0x20000008                SystemCoreClock
 .data.uwTickPrio
                0x2000000c        0x4 ./Drivers/STM32F4xx_HAL_Driver/Src/stm32f4xx_hal.o
                0x2000000c                uwTickPrio
 .data.uwTickFreq
                0x20000010        0x1 ./Drivers/STM32F4xx_HAL_Driver/Src/stm32f4xx_hal.o
                0x20000010                uwTickFreq
 *(.RamFunc)
 *(.RamFunc*)
                0x20000014                        . = ALIGN (0x4)
 *fill*         0x20000011        0x3 
                0x20000014                        _edata = .
                0x080028ac                        _siccmram = LOADADDR (.ccmram)

.igot.plt       0x20000014        0x0 load address 0x080028ac
 .igot.plt      0x20000014        0x0 /opt/st/stm32cubeide_1.16.0/plugins/com.st.stm32cube.ide.mcu.externaltools.gnu-tools-for-stm32.12.3.rel1.linux64_1.0.200.202406132123/tools/bin/../lib/gcc/arm-none-eabi/12.3.1/thumb/v7e-m+fp/hard/crtbegin.o

.ccmram         0x10000000        0x0 load address 0x080028ac
                0x10000000                        . = ALIGN (0x4)
                0x10000000                        _sccmram = .
 *(.ccmram)
 *(.ccmram*)
                0x10000000                        . = ALIGN (0x4)
                0x10000000                        _eccmram = .
                0x10000000                        . = ALIGN (0x4)

.bss            0x20000014       0xa0
                0x20000014                        _sbss = .
                0x20000014                        __bss_start__ = _sbss
 *(.bss)
 .bss           0x20000014       0x1c /opt/st/stm32cubeide_1.16.0/plugins/com.st.stm32cube.ide.mcu.externaltools.gnu-tools-for-stm32.12.3.rel1.linux64_1.0.200.202406132123/tools/bin/../lib/gcc/arm-none-eabi/12.3.1/thumb/v7e-m+fp/hard/crtbegin.o
 *(.bss*)
 .bss.hspi1     0x20000030       0x58 ./Core/Src/main.o
                0x20000030                hspi1
 .bss.buffer    0x20000088       0x14 ./Core/Src/main.o
                0x20000088                buffer
 .bss.controlPacket
                0x2000009c       0x14 ./Core/Src/main.o
                0x2000009c                controlPacket
 .bss.uwTick    0x200000b0        0x4 ./Drivers/STM32F4xx_HAL_Driver/Src/stm32f4xx_hal.o
                0x200000b0                uwTick
 *(COMMON)
                0x200000b4                        . = ALIGN (0x4)
                0x200000b4                        _ebss = .
                0x200000b4                        __bss_end__ = _ebss

._user_heap_stack
                0x200000b4      0x604
                0x200000b8                        . = ALIGN (0x8)
 *fill*         0x200000b4        0x4 
                [!provide]                        PROVIDE (end = .)
                0x200000b8                        PROVIDE (_end = .)
                0x200002b8                        . = (. + _Min_Heap_Size)
 *fill*         0x200000b8      0x200 
                0x200006b8                        . = (. + _Min_Stack_Size)
 *fill*         0x200002b8      0x400 
                0x200006b8                        . = ALIGN (0x8)

/DISCARD/
 libc.a(*)
 libm.a(*)
 libgcc.a(*)

.ARM.attributes
                0x00000000       0x30
 *(.ARM.attributes)
 .ARM.attributes
                0x00000000       0x22 /opt/st/stm32cubeide_1.16.0/plugins/com.st.stm32cube.ide.mcu.externaltools.gnu-tools-for-stm32.12.3.rel1.linux64_1.0.200.202406132123/tools/bin/../lib/gcc/arm-none-eabi/12.3.1/thumb/v7e-m+fp/hard/crti.o
 .ARM.attributes
                0x00000022       0x34 /opt/st/stm32cubeide_1.16.0/plugins/com.st.stm32cube.ide.mcu.externaltools.gnu-tools-for-stm32.12.3.rel1.linux64_1.0.200.202406132123/tools/bin/../lib/gcc/arm-none-eabi/12.3.1/thumb/v7e-m+fp/hard/crtbegin.o
 .ARM.attributes
                0x00000056       0x34 ./Core/Src/NRF24L01.o
 .ARM.attributes
                0x0000008a       0x34 ./Core/Src/main.o
 .ARM.attributes
                0x000000be       0x34 ./Core/Src/stm32f4xx_hal_msp.o
 .ARM.attributes
                0x000000f2       0x34 ./Core/Src/stm32f4xx_it.o
 .ARM.attributes
                0x00000126       0x34 ./Core/Src/system_stm32f4xx.o
 .ARM.attributes
                0x0000015a       0x21 ./Core/Startup/startup_stm32f407vetx.o
 .ARM.attributes
                0x0000017b       0x34 ./Drivers/STM32F4xx_HAL_Driver/Src/stm32f4xx_hal.o
 .ARM.attributes
                0x000001af       0x34 ./Drivers/STM32F4xx_HAL_Driver/Src/stm32f4xx_hal_cortex.o
 .ARM.attributes
                0x000001e3       0x34 ./Drivers/STM32F4xx_HAL_Driver/Src/stm32f4xx_hal_gpio.o
 .ARM.attributes
                0x00000217       0x34 ./Drivers/STM32F4xx_HAL_Driver/Src/stm32f4xx_hal_rcc.o
 .ARM.attributes
                0x0000024b       0x34 ./Drivers/STM32F4xx_HAL_Driver/Src/stm32f4xx_hal_spi.o
 .ARM.attributes
                0x0000027f       0x34 /opt/st/stm32cubeide_1.16.0/plugins/com.st.stm32cube.ide.mcu.externaltools.gnu-tools-for-stm32.12.3.rel1.linux64_1.0.200.202406132123/tools/bin/../lib/gcc/arm-none-eabi/12.3.1/../../../../arm-none-eabi/lib/thumb/v7e-m+fp/hard/libc_nano.a(libc_a-memset.o)
 .ARM.attributes
                0x000002b3       0x34 /opt/st/stm32cubeide_1.16.0/plugins/com.st.stm32cube.ide.mcu.externaltools.gnu-tools-for-stm32.12.3.rel1.linux64_1.0.200.202406132123/tools/bin/../lib/gcc/arm-none-eabi/12.3.1/../../../../arm-none-eabi/lib/thumb/v7e-m+fp/hard/libc_nano.a(libc_a-init.o)
 .ARM.attributes
                0x000002e7       0x22 /opt/st/stm32cubeide_1.16.0/plugins/com.st.stm32cube.ide.mcu.externaltools.gnu-tools-for-stm32.12.3.rel1.linux64_1.0.200.202406132123/tools/bin/../lib/gcc/arm-none-eabi/12.3.1/thumb/v7e-m+fp/hard/libgcc.a(_aeabi_uldivmod.o)
 .ARM.attributes
                0x00000309       0x34 /opt/st/stm32cubeide_1.16.0/plugins/com.st.stm32cube.ide.mcu.externaltools.gnu-tools-for-stm32.12.3.rel1.linux64_1.0.200.202406132123/tools/bin/../lib/gcc/arm-none-eabi/12.3.1/thumb/v7e-m+fp/hard/libgcc.a(_udivmoddi4.o)
 .ARM.attributes
                0x0000033d       0x22 /opt/st/stm32cubeide_1.16.0/plugins/com.st.stm32cube.ide.mcu.externaltools.gnu-tools-for-stm32.12.3.rel1.linux64_1.0.200.202406132123/tools/bin/../lib/gcc/arm-none-eabi/12.3.1/thumb/v7e-m+fp/hard/libgcc.a(_dvmd_tls.o)
 .ARM.attributes
                0x0000035f       0x22 /opt/st/stm32cubeide_1.16.0/plugins/com.st.stm32cube.ide.mcu.externaltools.gnu-tools-for-stm32.12.3.rel1.linux64_1.0.200.202406132123/tools/bin/../lib/gcc/arm-none-eabi/12.3.1/thumb/v7e-m+fp/hard/crtn.o
OUTPUT(STM32F407VET6_NRF_Transmitter.elf elf32-littlearm)
LOAD linker stubs
LOAD /opt/st/stm32cubeide_1.16.0/plugins/com.st.stm32cube.ide.mcu.externaltools.gnu-tools-for-stm32.12.3.rel1.linux64_1.0.200.202406132123/tools/bin/../lib/gcc/arm-none-eabi/12.3.1/../../../../arm-none-eabi/lib/thumb/v7e-m+fp/hard/libc.a
LOAD /opt/st/stm32cubeide_1.16.0/plugins/com.st.stm32cube.ide.mcu.externaltools.gnu-tools-for-stm32.12.3.rel1.linux64_1.0.200.202406132123/tools/bin/../lib/gcc/arm-none-eabi/12.3.1/../../../../arm-none-eabi/lib/thumb/v7e-m+fp/hard/libm.a
LOAD /opt/st/stm32cubeide_1.16.0/plugins/com.st.stm32cube.ide.mcu.externaltools.gnu-tools-for-stm32.12.3.rel1.linux64_1.0.200.202406132123/tools/bin/../lib/gcc/arm-none-eabi/12.3.1/thumb/v7e-m+fp/hard/libgcc.a

.debug_info     0x00000000     0x6414
 .debug_info    0x00000000      0xbe5 ./Core/Src/NRF24L01.o
 .debug_info    0x00000be5      0xccf ./Core/Src/main.o
 .debug_info    0x000018b4      0x90f ./Core/Src/stm32f4xx_hal_msp.o
 .debug_info    0x000021c3      0x112 ./Core/Src/stm32f4xx_it.o
 .debug_info    0x000022d5      0x512 ./Core/Src/system_stm32f4xx.o
 .debug_info    0x000027e7       0x30 ./Core/Startup/startup_stm32f407vetx.o
 .debug_info    0x00002817      0x948 ./Drivers/STM32F4xx_HAL_Driver/Src/stm32f4xx_hal.o
 .debug_info    0x0000315f      0xd46 ./Drivers/STM32F4xx_HAL_Driver/Src/stm32f4xx_hal_cortex.o
 .debug_info    0x00003ea5      0x6c3 ./Drivers/STM32F4xx_HAL_Driver/Src/stm32f4xx_hal_gpio.o
 .debug_info    0x00004568      0x8b1 ./Drivers/STM32F4xx_HAL_Driver/Src/stm32f4xx_hal_rcc.o
 .debug_info    0x00004e19     0x15fb ./Drivers/STM32F4xx_HAL_Driver/Src/stm32f4xx_hal_spi.o

.debug_abbrev   0x00000000     0x1496
 .debug_abbrev  0x00000000      0x268 ./Core/Src/NRF24L01.o
 .debug_abbrev  0x00000268      0x28e ./Core/Src/main.o
 .debug_abbrev  0x000004f6      0x1a7 ./Core/Src/stm32f4xx_hal_msp.o
 .debug_abbrev  0x0000069d       0x73 ./Core/Src/stm32f4xx_it.o
 .debug_abbrev  0x00000710      0x11a ./Core/Src/system_stm32f4xx.o
 .debug_abbrev  0x0000082a       0x24 ./Core/Startup/startup_stm32f407vetx.o
 .debug_abbrev  0x0000084e      0x213 ./Drivers/STM32F4xx_HAL_Driver/Src/stm32f4xx_hal.o
 .debug_abbrev  0x00000a61      0x327 ./Drivers/STM32F4xx_HAL_Driver/Src/stm32f4xx_hal_cortex.o
 .debug_abbrev  0x00000d88      0x1d4 ./Drivers/STM32F4xx_HAL_Driver/Src/stm32f4xx_hal_gpio.o
 .debug_abbrev  0x00000f5c      0x2b6 ./Drivers/STM32F4xx_HAL_Driver/Src/stm32f4xx_hal_rcc.o
 .debug_abbrev  0x00001212      0x284 ./Drivers/STM32F4xx_HAL_Driver/Src/stm32f4xx_hal_spi.o

.debug_aranges  0x00000000      0x6a0
 .debug_aranges
                0x00000000       0xc8 ./Core/Src/NRF24L01.o
 .debug_aranges
                0x000000c8       0x40 ./Core/Src/main.o
 .debug_aranges
                0x00000108       0x30 ./Core/Src/stm32f4xx_hal_msp.o
 .debug_aranges
                0x00000138       0x60 ./Core/Src/stm32f4xx_it.o
 .debug_aranges
                0x00000198       0x28 ./Core/Src/system_stm32f4xx.o
 .debug_aranges
                0x000001c0       0x28 ./Core/Startup/startup_stm32f407vetx.o
 .debug_aranges
                0x000001e8       0xf0 ./Drivers/STM32F4xx_HAL_Driver/Src/stm32f4xx_hal.o
 .debug_aranges
                0x000002d8      0x118 ./Drivers/STM32F4xx_HAL_Driver/Src/stm32f4xx_hal_cortex.o
 .debug_aranges
                0x000003f0       0x58 ./Drivers/STM32F4xx_HAL_Driver/Src/stm32f4xx_hal_gpio.o
 .debug_aranges
                0x00000448       0x88 ./Drivers/STM32F4xx_HAL_Driver/Src/stm32f4xx_hal_rcc.o
 .debug_aranges
                0x000004d0      0x1d0 ./Drivers/STM32F4xx_HAL_Driver/Src/stm32f4xx_hal_spi.o

.debug_rnglists
                0x00000000      0x4e7
 .debug_rnglists
                0x00000000       0x92 ./Core/Src/NRF24L01.o
 .debug_rnglists
                0x00000092       0x2e ./Core/Src/main.o
 .debug_rnglists
                0x000000c0       0x20 ./Core/Src/stm32f4xx_hal_msp.o
 .debug_rnglists
                0x000000e0       0x43 ./Core/Src/stm32f4xx_it.o
 .debug_rnglists
                0x00000123       0x1a ./Core/Src/system_stm32f4xx.o
 .debug_rnglists
                0x0000013d       0x19 ./Core/Startup/startup_stm32f407vetx.o
 .debug_rnglists
                0x00000156       0xaf ./Drivers/STM32F4xx_HAL_Driver/Src/stm32f4xx_hal.o
 .debug_rnglists
                0x00000205       0xce ./Drivers/STM32F4xx_HAL_Driver/Src/stm32f4xx_hal_cortex.o
 .debug_rnglists
                0x000002d3       0x3f ./Drivers/STM32F4xx_HAL_Driver/Src/stm32f4xx_hal_gpio.o
 .debug_rnglists
                0x00000312       0x66 ./Drivers/STM32F4xx_HAL_Driver/Src/stm32f4xx_hal_rcc.o
 .debug_rnglists
                0x00000378      0x16f ./Drivers/STM32F4xx_HAL_Driver/Src/stm32f4xx_hal_spi.o

.debug_macro    0x00000000    0x1f6bc
 .debug_macro   0x00000000      0x1c9 ./Core/Src/NRF24L01.o
 .debug_macro   0x000001c9      0xab4 ./Core/Src/NRF24L01.o
 .debug_macro   0x00000c7d      0x295 ./Core/Src/NRF24L01.o
 .debug_macro   0x00000f12       0x2e ./Core/Src/NRF24L01.o
 .debug_macro   0x00000f40       0x2f ./Core/Src/NRF24L01.o
 .debug_macro   0x00000f6f       0x22 ./Core/Src/NRF24L01.o
 .debug_macro   0x00000f91       0x8e ./Core/Src/NRF24L01.o
 .debug_macro   0x0000101f       0x51 ./Core/Src/NRF24L01.o
 .debug_macro   0x00001070      0x103 ./Core/Src/NRF24L01.o
 .debug_macro   0x00001173       0x6a ./Core/Src/NRF24L01.o
 .debug_macro   0x000011dd      0x1df ./Core/Src/NRF24L01.o
 .debug_macro   0x000013bc       0x1c ./Core/Src/NRF24L01.o
 .debug_macro   0x000013d8       0x22 ./Core/Src/NRF24L01.o
 .debug_macro   0x000013fa       0xd9 ./Core/Src/NRF24L01.o
 .debug_macro   0x000014d3     0x102d ./Core/Src/NRF24L01.o
 .debug_macro   0x00002500      0x11f ./Core/Src/NRF24L01.o
 .debug_macro   0x0000261f    0x15e82 ./Core/Src/NRF24L01.o
 .debug_macro   0x000184a1       0x6d ./Core/Src/NRF24L01.o
 .debug_macro   0x0001850e     0x367e ./Core/Src/NRF24L01.o
 .debug_macro   0x0001bb8c      0x189 ./Core/Src/NRF24L01.o
 .debug_macro   0x0001bd15       0x5c ./Core/Src/NRF24L01.o
 .debug_macro   0x0001bd71      0x96b ./Core/Src/NRF24L01.o
 .debug_macro   0x0001c6dc      0x9fe ./Core/Src/NRF24L01.o
 .debug_macro   0x0001d0da      0x115 ./Core/Src/NRF24L01.o
 .debug_macro   0x0001d1ef      0x13e ./Core/Src/NRF24L01.o
 .debug_macro   0x0001d32d       0xa5 ./Core/Src/NRF24L01.o
 .debug_macro   0x0001d3d2      0x174 ./Core/Src/NRF24L01.o
 .debug_macro   0x0001d546      0x287 ./Core/Src/NRF24L01.o
 .debug_macro   0x0001d7cd       0x5f ./Core/Src/NRF24L01.o
 .debug_macro   0x0001d82c      0x236 ./Core/Src/NRF24L01.o
 .debug_macro   0x0001da62      0x12c ./Core/Src/NRF24L01.o
 .debug_macro   0x0001db8e      0x21e ./Core/Src/NRF24L01.o
 .debug_macro   0x0001ddac       0x2e ./Core/Src/NRF24L01.o
 .debug_macro   0x0001ddda      0x11a ./Core/Src/NRF24L01.o
 .debug_macro   0x0001def4       0x7e ./Core/Src/NRF24L01.o
 .debug_macro   0x0001df72       0x89 ./Core/Src/NRF24L01.o
 .debug_macro   0x0001dffb      0x225 ./Core/Src/NRF24L01.o
 .debug_macro   0x0001e220      0x12d ./Core/Src/NRF24L01.o
 .debug_macro   0x0001e34d      0x166 ./Core/Src/NRF24L01.o
 .debug_macro   0x0001e4b3      0x1d2 ./Core/Src/main.o
 .debug_macro   0x0001e685      0x16c ./Core/Src/main.o
 .debug_macro   0x0001e7f1       0x28 ./Core/Src/main.o
 .debug_macro   0x0001e819      0x1d2 ./Core/Src/stm32f4xx_hal_msp.o
 .debug_macro   0x0001e9eb      0x1dc ./Core/Src/stm32f4xx_it.o
 .debug_macro   0x0001ebc7      0x1ba ./Core/Src/system_stm32f4xx.o
 .debug_macro   0x0001ed81      0x21a ./Drivers/STM32F4xx_HAL_Driver/Src/stm32f4xx_hal.o
 .debug_macro   0x0001ef9b      0x1ba ./Drivers/STM32F4xx_HAL_Driver/Src/stm32f4xx_hal_cortex.o
 .debug_macro   0x0001f155      0x1c0 ./Drivers/STM32F4xx_HAL_Driver/Src/stm32f4xx_hal_gpio.o
 .debug_macro   0x0001f315      0x1de ./Drivers/STM32F4xx_HAL_Driver/Src/stm32f4xx_hal_rcc.o
 .debug_macro   0x0001f4f3      0x1c9 ./Drivers/STM32F4xx_HAL_Driver/Src/stm32f4xx_hal_spi.o

.debug_line     0x00000000     0x6f2a
 .debug_line    0x00000000      0x951 ./Core/Src/NRF24L01.o
 .debug_line    0x00000951      0x7a0 ./Core/Src/main.o
 .debug_line    0x000010f1      0x6bd ./Core/Src/stm32f4xx_hal_msp.o
 .debug_line    0x000017ae      0x732 ./Core/Src/stm32f4xx_it.o
 .debug_line    0x00001ee0      0x6e6 ./Core/Src/system_stm32f4xx.o
 .debug_line    0x000025c6       0x7a ./Core/Startup/startup_stm32f407vetx.o
 .debug_line    0x00002640      0x94f ./Drivers/STM32F4xx_HAL_Driver/Src/stm32f4xx_hal.o
 .debug_line    0x00002f8f      0xbfc ./Drivers/STM32F4xx_HAL_Driver/Src/stm32f4xx_hal_cortex.o
 .debug_line    0x00003b8b      0xadb ./Drivers/STM32F4xx_HAL_Driver/Src/stm32f4xx_hal_gpio.o
 .debug_line    0x00004666      0xcc0 ./Drivers/STM32F4xx_HAL_Driver/Src/stm32f4xx_hal_rcc.o
 .debug_line    0x00005326     0x1c04 ./Drivers/STM32F4xx_HAL_Driver/Src/stm32f4xx_hal_spi.o

.debug_str      0x00000000    0xbe7e6
 .debug_str     0x00000000    0xbcb2a ./Core/Src/NRF24L01.o
                              0xbce0c (size before relaxing)
 .debug_str     0x000bcb2a      0x36f ./Core/Src/main.o
                              0xbcd99 (size before relaxing)
 .debug_str     0x000bce99       0x63 ./Core/Src/stm32f4xx_hal_msp.o
                              0xbcb35 (size before relaxing)
 .debug_str     0x000bcefc       0xc9 ./Core/Src/stm32f4xx_it.o
                              0xbc5c0 (size before relaxing)
 .debug_str     0x000bcfc5       0xdb ./Core/Src/system_stm32f4xx.o
                              0xbc103 (size before relaxing)
 .debug_str     0x000bd0a0       0x44 ./Core/Startup/startup_stm32f407vetx.o
                                 0xa2 (size before relaxing)
 .debug_str     0x000bd0e4      0xaf3 ./Drivers/STM32F4xx_HAL_Driver/Src/stm32f4xx_hal.o
                              0xbcc87 (size before relaxing)
 .debug_str     0x000bdbd7      0x34d ./Drivers/STM32F4xx_HAL_Driver/Src/stm32f4xx_hal_cortex.o
                              0xbc9ba (size before relaxing)
 .debug_str     0x000bdf24      0x10e ./Drivers/STM32F4xx_HAL_Driver/Src/stm32f4xx_hal_gpio.o
                              0xbc27e (size before relaxing)
 .debug_str     0x000be032      0x233 ./Drivers/STM32F4xx_HAL_Driver/Src/stm32f4xx_hal_rcc.o
                              0xbc537 (size before relaxing)
 .debug_str     0x000be265      0x581 ./Drivers/STM32F4xx_HAL_Driver/Src/stm32f4xx_hal_spi.o
                              0xbc9c7 (size before relaxing)

.comment        0x00000000       0x43
 .comment       0x00000000       0x43 ./Core/Src/NRF24L01.o
                                 0x44 (size before relaxing)
 .comment       0x00000043       0x44 ./Core/Src/main.o
 .comment       0x00000043       0x44 ./Core/Src/stm32f4xx_hal_msp.o
 .comment       0x00000043       0x44 ./Core/Src/stm32f4xx_it.o
 .comment       0x00000043       0x44 ./Core/Src/system_stm32f4xx.o
 .comment       0x00000043       0x44 ./Drivers/STM32F4xx_HAL_Driver/Src/stm32f4xx_hal.o
 .comment       0x00000043       0x44 ./Drivers/STM32F4xx_HAL_Driver/Src/stm32f4xx_hal_cortex.o
 .comment       0x00000043       0x44 ./Drivers/STM32F4xx_HAL_Driver/Src/stm32f4xx_hal_gpio.o
 .comment       0x00000043       0x44 ./Drivers/STM32F4xx_HAL_Driver/Src/stm32f4xx_hal_rcc.o
 .comment       0x00000043       0x44 ./Drivers/STM32F4xx_HAL_Driver/Src/stm32f4xx_hal_spi.o

.debug_frame    0x00000000     0x19a4
 .debug_frame   0x00000000      0x300 ./Core/Src/NRF24L01.o
 .debug_frame   0x00000300       0xac ./Core/Src/main.o
 .debug_frame   0x000003ac       0x80 ./Core/Src/stm32f4xx_hal_msp.o
 .debug_frame   0x0000042c      0x104 ./Core/Src/stm32f4xx_it.o
 .debug_frame   0x00000530       0x58 ./Core/Src/system_stm32f4xx.o
 .debug_frame   0x00000588      0x374 ./Drivers/STM32F4xx_HAL_Driver/Src/stm32f4xx_hal.o
 .debug_frame   0x000008fc      0x498 ./Drivers/STM32F4xx_HAL_Driver/Src/stm32f4xx_hal_cortex.o
 .debug_frame   0x00000d94      0x14c ./Drivers/STM32F4xx_HAL_Driver/Src/stm32f4xx_hal_gpio.o
 .debug_frame   0x00000ee0      0x1f4 ./Drivers/STM32F4xx_HAL_Driver/Src/stm32f4xx_hal_rcc.o
 .debug_frame   0x000010d4      0x824 ./Drivers/STM32F4xx_HAL_Driver/Src/stm32f4xx_hal_spi.o
 .debug_frame   0x000018f8       0x20 /opt/st/stm32cubeide_1.16.0/plugins/com.st.stm32cube.ide.mcu.externaltools.gnu-tools-for-stm32.12.3.rel1.linux64_1.0.200.202406132123/tools/bin/../lib/gcc/arm-none-eabi/12.3.1/../../../../arm-none-eabi/lib/thumb/v7e-m+fp/hard/libc_nano.a(libc_a-memset.o)
 .debug_frame   0x00001918       0x2c /opt/st/stm32cubeide_1.16.0/plugins/com.st.stm32cube.ide.mcu.externaltools.gnu-tools-for-stm32.12.3.rel1.linux64_1.0.200.202406132123/tools/bin/../lib/gcc/arm-none-eabi/12.3.1/../../../../arm-none-eabi/lib/thumb/v7e-m+fp/hard/libc_nano.a(libc_a-init.o)
 .debug_frame   0x00001944       0x2c /opt/st/stm32cubeide_1.16.0/plugins/com.st.stm32cube.ide.mcu.externaltools.gnu-tools-for-stm32.12.3.rel1.linux64_1.0.200.202406132123/tools/bin/../lib/gcc/arm-none-eabi/12.3.1/thumb/v7e-m+fp/hard/libgcc.a(_aeabi_uldivmod.o)
 .debug_frame   0x00001970       0x34 /opt/st/stm32cubeide_1.16.0/plugins/com.st.stm32cube.ide.mcu.externaltools.gnu-tools-for-stm32.12.3.rel1.linux64_1.0.200.202406132123/tools/bin/../lib/gcc/arm-none-eabi/12.3.1/thumb/v7e-m+fp/hard/libgcc.a(_udivmoddi4.o)

.debug_line_str
                0x00000000       0x86
 .debug_line_str
                0x00000000       0x86 ./Core/Startup/startup_stm32f407vetx.o
