15:12:51 **** Incremental Build of configuration Debug for project STM32F407VET6_nrf_Receiver ****
make -j4 all 
arm-none-eabi-gcc "../Core/Src/main.c" -mcpu=cortex-m4 -std=gnu11 -g3 -DDEBUG -DUSE_HAL_DRIVER -DSTM32F407xx -c -I../Core/Inc -I../Drivers/STM32F4xx_HAL_Driver/Inc -I../Drivers/STM32F4xx_HAL_Driver/Inc/Legacy -I../Drivers/CMSIS/Device/ST/STM32F4xx/Include -I../Drivers/CMSIS/Include -O0 -ffunction-sections -fdata-sections -Wall -fstack-usage -fcyclomatic-complexity -MMD -MP -MF"Core/Src/main.d" -MT"Core/Src/main.o" --specs=nano.specs -mfpu=fpv4-sp-d16 -mfloat-abi=hard -mthumb -o "Core/Src/main.o"
arm-none-eabi-gcc -o "STM32F407VET6_nrf_Receiver.elf" @"objects.list"   -mcpu=cortex-m4 -T"/home/leandro/Documentos/code/micro/dev/STM32F407VET6_nrf_Receiver/STM32F407VETX_FLASH.ld" --specs=nosys.specs -Wl,-Map="STM32F407VET6_nrf_Receiver.map" -Wl,--gc-sections -static --specs=nano.specs -mfpu=fpv4-sp-d16 -mfloat-abi=hard -mthumb -Wl,--start-group -lc -lm -Wl,--end-group
Finished building target: STM32F407VET6_nrf_Receiver.elf
 
arm-none-eabi-size   STM32F407VET6_nrf_Receiver.elf 
arm-none-eabi-objdump -h -S  STM32F407VET6_nrf_Receiver.elf  > "STM32F407VET6_nrf_Receiver.list"
   text	   data	    bss	    dec	    hex	filename
  10516	     20	   1668	  12204	   2fac	STM32F407VET6_nrf_Receiver.elf
Finished building: default.size.stdout
 
Finished building: STM32F407VET6_nrf_Receiver.list
 
15:13:24 **** Build of configuration Debug for project STM32F407VET6_nrf ****
make -j4 all 
arm-none-eabi-gcc "../Core/Src/main.c" -mcpu=cortex-m4 -std=gnu11 -g3 -DDEBUG -DUSE_HAL_DRIVER -DSTM32F407xx -c -I../Core/Inc -I../Drivers/STM32F4xx_HAL_Driver/Inc -I../Drivers/STM32F4xx_HAL_Driver/Inc/Legacy -I../Drivers/CMSIS/Device/ST/STM32F4xx/Include -I../Drivers/CMSIS/Include -O0 -ffunction-sections -fdata-sections -Wall -fstack-usage -fcyclomatic-complexity -MMD -MP -MF"Core/Src/main.d" -MT"Core/Src/main.o" --specs=nano.specs -mfpu=fpv4-sp-d16 -mfloat-abi=hard -mthumb -o "Core/Src/main.o"
../Core/Src/main.c: In function 'main':
../Core/Src/main.c:108:19: error: 'tx_data' undeclared (first use in this function)
  108 |                   tx_data[i]++;
      |                   ^~~~~~~
../Core/Src/main.c:108:19: note: each undeclared identifier is reported only once for each function it appears in
make: *** [Core/Src/subdir.mk:43: Core/Src/main.o] Error 1
"make -j4 all" terminated with exit code 2. Build might be incomplete.
15:13:52 **** Incremental Build of configuration Debug for project STM32F407VET6_nrf ****
make -j4 all 
arm-none-eabi-gcc "../Core/Src/main.c" -mcpu=cortex-m4 -std=gnu11 -g3 -DDEBUG -DUSE_HAL_DRIVER -DSTM32F407xx -c -I../Core/Inc -I../Drivers/STM32F4xx_HAL_Driver/Inc -I../Drivers/STM32F4xx_HAL_Driver/Inc/Legacy -I../Drivers/CMSIS/Device/ST/STM32F4xx/Include -I../Drivers/CMSIS/Include -O0 -ffunction-sections -fdata-sections -Wall -fstack-usage -fcyclomatic-complexity -MMD -MP -MF"Core/Src/main.d" -MT"Core/Src/main.o" --specs=nano.specs -mfpu=fpv4-sp-d16 -mfloat-abi=hard -mthumb -o "Core/Src/main.o"
arm-none-eabi-gcc -o "STM32F407VET6_nrf.elf" @"objects.list"   -mcpu=cortex-m4 -T"/home/leandro/Documentos/code/micro/dev/STM32F407VET6_nrf/STM32F407VETX_FLASH.ld" --specs=nosys.specs -Wl,-Map="STM32F407VET6_nrf.map" -Wl,--gc-sections -static --specs=nano.specs -mfpu=fpv4-sp-d16 -mfloat-abi=hard -mthumb -Wl,--start-group -lc -lm -Wl,--end-group
Finished building target: STM32F407VET6_nrf.elf
 
arm-none-eabi-size   STM32F407VET6_nrf.elf 
arm-none-eabi-objdump -h -S  STM32F407VET6_nrf.elf  > "STM32F407VET6_nrf.list"
   text	   data	    bss	    dec	    hex	filename
  10700	     28	   1660	  12388	   3064	STM32F407VET6_nrf.elf
Finished building: default.size.stdout
 
Finished building: STM32F407VET6_nrf.list
 
15:15:26 **** Incremental Build of configuration Debug for project STM32F407VET6_nrf ****
make -j4 all 
arm-none-eabi-size   STM32F407VET6_nrf.elf 
   text	   data	    bss	    dec	    hex	filename
  10700	     28	   1660	  12388	   3064	STM32F407VET6_nrf.elf
Finished building: default.size.stdout
 
15:16:17 **** Incremental Build of configuration Debug for project STM32F407VET6_nrf_Receiver ****
make -j4 all 
arm-none-eabi-size   STM32F407VET6_nrf_Receiver.elf 
   text	   data	    bss	    dec	    hex	filename
  10516	     20	   1668	  12204	   2fac	STM32F407VET6_nrf_Receiver.elf
Finished building: default.size.stdout
 
15:16:58 **** Incremental Build of configuration Debug for project STM32F407VET6_nrf_Receiver ****
make -j4 all 
arm-none-eabi-size   STM32F407VET6_nrf_Receiver.elf 
   text	   data	    bss	    dec	    hex	filename
  10516	     20	   1668	  12204	   2fac	STM32F407VET6_nrf_Receiver.elf
Finished building: default.size.stdout
 
15:25:59 **** Incremental Build of configuration Debug for project STM32F407VET6_nrf_Receiver ****
make -j4 all 
arm-none-eabi-size   STM32F407VET6_nrf_Receiver.elf 
   text	   data	    bss	    dec	    hex	filename
  10516	     20	   1668	  12204	   2fac	STM32F407VET6_nrf_Receiver.elf
Finished building: default.size.stdout
 
16:05:08 **** Incremental Build of configuration Debug for project STM32F407VET6_nrf ****
make -j4 all 
arm-none-eabi-gcc "../Core/Src/main.c" -mcpu=cortex-m4 -std=gnu11 -g3 -DDEBUG -DUSE_HAL_DRIVER -DSTM32F407xx -c -I../Core/Inc -I../Drivers/STM32F4xx_HAL_Driver/Inc -I../Drivers/STM32F4xx_HAL_Driver/Inc/Legacy -I../Drivers/CMSIS/Device/ST/STM32F4xx/Include -I../Drivers/CMSIS/Include -O0 -ffunction-sections -fdata-sections -Wall -fstack-usage -fcyclomatic-complexity -MMD -MP -MF"Core/Src/main.d" -MT"Core/Src/main.o" --specs=nano.specs -mfpu=fpv4-sp-d16 -mfloat-abi=hard -mthumb -o "Core/Src/main.o"
arm-none-eabi-gcc -o "STM32F407VET6_nrf.elf" @"objects.list"   -mcpu=cortex-m4 -T"/home/leandro/Documentos/code/micro/dev/STM32F407VET6_nrf/STM32F407VETX_FLASH.ld" --specs=nosys.specs -Wl,-Map="STM32F407VET6_nrf.map" -Wl,--gc-sections -static --specs=nano.specs -mfpu=fpv4-sp-d16 -mfloat-abi=hard -mthumb -Wl,--start-group -lc -lm -Wl,--end-group
Finished building target: STM32F407VET6_nrf.elf
 
arm-none-eabi-size   STM32F407VET6_nrf.elf 
arm-none-eabi-objdump -h -S  STM32F407VET6_nrf.elf  > "STM32F407VET6_nrf.list"
   text	   data	    bss	    dec	    hex	filename
  10700	     28	   1660	  12388	   3064	STM32F407VET6_nrf.elf
Finished building: default.size.stdout
 
Finished building: STM32F407VET6_nrf.list
 
16:06:05 **** Incremental Build of configuration Debug for project STM32F407VET6_nrf_Receiver ****
make -j4 all 
arm-none-eabi-gcc "../Core/Src/main.c" -mcpu=cortex-m4 -std=gnu11 -g3 -DDEBUG -DUSE_HAL_DRIVER -DSTM32F407xx -c -I../Core/Inc -I../Drivers/STM32F4xx_HAL_Driver/Inc -I../Drivers/STM32F4xx_HAL_Driver/Inc/Legacy -I../Drivers/CMSIS/Device/ST/STM32F4xx/Include -I../Drivers/CMSIS/Include -O0 -ffunction-sections -fdata-sections -Wall -fstack-usage -fcyclomatic-complexity -MMD -MP -MF"Core/Src/main.d" -MT"Core/Src/main.o" --specs=nano.specs -mfpu=fpv4-sp-d16 -mfloat-abi=hard -mthumb -o "Core/Src/main.o"
arm-none-eabi-gcc -o "STM32F407VET6_nrf_Receiver.elf" @"objects.list"   -mcpu=cortex-m4 -T"/home/leandro/Documentos/code/micro/dev/STM32F407VET6_nrf_Receiver/STM32F407VETX_FLASH.ld" --specs=nosys.specs -Wl,-Map="STM32F407VET6_nrf_Receiver.map" -Wl,--gc-sections -static --specs=nano.specs -mfpu=fpv4-sp-d16 -mfloat-abi=hard -mthumb -Wl,--start-group -lc -lm -Wl,--end-group
Finished building target: STM32F407VET6_nrf_Receiver.elf
 
arm-none-eabi-size   STM32F407VET6_nrf_Receiver.elf 
arm-none-eabi-objdump -h -S  STM32F407VET6_nrf_Receiver.elf  > "STM32F407VET6_nrf_Receiver.list"
   text	   data	    bss	    dec	    hex	filename
  10516	     20	   1668	  12204	   2fac	STM32F407VET6_nrf_Receiver.elf
Finished building: default.size.stdout
 
Finished building: STM32F407VET6_nrf_Receiver.list
 
16:07:20 **** Incremental Build of configuration Debug for project STM32F407VET6_nrf_Receiver ****
make -j4 all 
arm-none-eabi-size   STM32F407VET6_nrf_Receiver.elf 
   text	   data	    bss	    dec	    hex	filename
  10516	     20	   1668	  12204	   2fac	STM32F407VET6_nrf_Receiver.elf
Finished building: default.size.stdout
 
16:09:35 **** Incremental Build of configuration Debug for project STM32F407VET6_nrf_Receiver ****
make -j4 all 
arm-none-eabi-size   STM32F407VET6_nrf_Receiver.elf 
   text	   data	    bss	    dec	    hex	filename
  10516	     20	   1668	  12204	   2fac	STM32F407VET6_nrf_Receiver.elf
Finished building: default.size.stdout
 
16:09:52 **** Incremental Build of configuration Debug for project STM32F407VET6_nrf ****
make -j4 all 
arm-none-eabi-size   STM32F407VET6_nrf.elf 
   text	   data	    bss	    dec	    hex	filename
  10700	     28	   1660	  12388	   3064	STM32F407VET6_nrf.elf
Finished building: default.size.stdout
 
16:13:04 **** Incremental Build of configuration Debug for project STM32F407VET6_nrf ****
make -j4 all 
arm-none-eabi-size   STM32F407VET6_nrf.elf 
   text	   data	    bss	    dec	    hex	filename
  10700	     28	   1660	  12388	   3064	STM32F407VET6_nrf.elf
Finished building: default.size.stdout
 
16:14:10 **** Incremental Build of configuration Debug for project STM32F407VET6_nrf_Receiver ****
make -j4 all 
arm-none-eabi-size   STM32F407VET6_nrf_Receiver.elf 
   text	   data	    bss	    dec	    hex	filename
  10516	     20	   1668	  12204	   2fac	STM32F407VET6_nrf_Receiver.elf
Finished building: default.size.stdout
 
16:14:59 **** Incremental Build of configuration Debug for project STM32F407VET6_nrf_Receiver ****
make -j4 all 
arm-none-eabi-size   STM32F407VET6_nrf_Receiver.elf 
   text	   data	    bss	    dec	    hex	filename
  10516	     20	   1668	  12204	   2fac	STM32F407VET6_nrf_Receiver.elf
Finished building: default.size.stdout
 
10:20:49 **** Incremental Build of configuration Debug for project STM32F407VET6_nrf ****
make -j4 all 
arm-none-eabi-gcc "../Core/Src/main.c" -mcpu=cortex-m4 -std=gnu11 -g3 -DDEBUG -DUSE_HAL_DRIVER -DSTM32F407xx -c -I../Core/Inc -I../Drivers/STM32F4xx_HAL_Driver/Inc -I../Drivers/STM32F4xx_HAL_Driver/Inc/Legacy -I../Drivers/CMSIS/Device/ST/STM32F4xx/Include -I../Drivers/CMSIS/Include -O0 -ffunction-sections -fdata-sections -Wall -fstack-usage -fcyclomatic-complexity -MMD -MP -MF"Core/Src/main.d" -MT"Core/Src/main.o" --specs=nano.specs -mfpu=fpv4-sp-d16 -mfloat-abi=hard -mthumb -o "Core/Src/main.o"
arm-none-eabi-gcc -o "STM32F407VET6_nrf.elf" @"objects.list"   -mcpu=cortex-m4 -T"/home/leandro/Documentos/code/micro/dev/STM32F407VET6_nrf/STM32F407VETX_FLASH.ld" --specs=nosys.specs -Wl,-Map="STM32F407VET6_nrf.map" -Wl,--gc-sections -static --specs=nano.specs -mfpu=fpv4-sp-d16 -mfloat-abi=hard -mthumb -Wl,--start-group -lc -lm -Wl,--end-group
Finished building target: STM32F407VET6_nrf.elf
 
arm-none-eabi-size   STM32F407VET6_nrf.elf 
arm-none-eabi-objdump -h -S  STM32F407VET6_nrf.elf  > "STM32F407VET6_nrf.list"
   text	   data	    bss	    dec	    hex	filename
  10656	     28	   1660	  12344	   3038	STM32F407VET6_nrf.elf
Finished building: default.size.stdout
 
Finished building: STM32F407VET6_nrf.list
 
10:39:39 **** Incremental Build of configuration Debug for project STM32F407VET6_nrf ****
make -j4 all 
arm-none-eabi-size   STM32F407VET6_nrf.elf 
   text	   data	    bss	    dec	    hex	filename
  10656	     28	   1660	  12344	   3038	STM32F407VET6_nrf.elf
Finished building: default.size.stdout
 
10:42:07 **** Incremental Build of configuration Debug for project STM32F407VET6_nrf ****
make -j4 all 
arm-none-eabi-gcc "../Core/Src/main.c" -mcpu=cortex-m4 -std=gnu11 -g3 -DDEBUG -DUSE_HAL_DRIVER -DSTM32F407xx -c -I../Core/Inc -I../Drivers/STM32F4xx_HAL_Driver/Inc -I../Drivers/STM32F4xx_HAL_Driver/Inc/Legacy -I../Drivers/CMSIS/Device/ST/STM32F4xx/Include -I../Drivers/CMSIS/Include -O0 -ffunction-sections -fdata-sections -Wall -fstack-usage -fcyclomatic-complexity -MMD -MP -MF"Core/Src/main.d" -MT"Core/Src/main.o" --specs=nano.specs -mfpu=fpv4-sp-d16 -mfloat-abi=hard -mthumb -o "Core/Src/main.o"
arm-none-eabi-gcc -o "STM32F407VET6_nrf.elf" @"objects.list"   -mcpu=cortex-m4 -T"/home/leandro/Documentos/code/micro/dev/STM32F407VET6_nrf/STM32F407VETX_FLASH.ld" --specs=nosys.specs -Wl,-Map="STM32F407VET6_nrf.map" -Wl,--gc-sections -static --specs=nano.specs -mfpu=fpv4-sp-d16 -mfloat-abi=hard -mthumb -Wl,--start-group -lc -lm -Wl,--end-group
Finished building target: STM32F407VET6_nrf.elf
 
arm-none-eabi-size   STM32F407VET6_nrf.elf 
arm-none-eabi-objdump -h -S  STM32F407VET6_nrf.elf  > "STM32F407VET6_nrf.list"
   text	   data	    bss	    dec	    hex	filename
  10580	     28	   1660	  12268	   2fec	STM32F407VET6_nrf.elf
Finished building: default.size.stdout
 
Finished building: STM32F407VET6_nrf.list
 
11:13:41 **** Incremental Build of configuration Debug for project STM32F407VET6_nrf ****
make -j4 all 
arm-none-eabi-gcc "../Core/Src/main.c" -mcpu=cortex-m4 -std=gnu11 -g3 -DDEBUG -DUSE_HAL_DRIVER -DSTM32F407xx -c -I../Core/Inc -I../Drivers/STM32F4xx_HAL_Driver/Inc -I../Drivers/STM32F4xx_HAL_Driver/Inc/Legacy -I../Drivers/CMSIS/Device/ST/STM32F4xx/Include -I../Drivers/CMSIS/Include -O0 -ffunction-sections -fdata-sections -Wall -fstack-usage -fcyclomatic-complexity -MMD -MP -MF"Core/Src/main.d" -MT"Core/Src/main.o" --specs=nano.specs -mfpu=fpv4-sp-d16 -mfloat-abi=hard -mthumb -o "Core/Src/main.o"
arm-none-eabi-gcc -o "STM32F407VET6_nrf.elf" @"objects.list"   -mcpu=cortex-m4 -T"/home/leandro/Documentos/code/micro/dev/STM32F407VET6_nrf/STM32F407VETX_FLASH.ld" --specs=nosys.specs -Wl,-Map="STM32F407VET6_nrf.map" -Wl,--gc-sections -static --specs=nano.specs -mfpu=fpv4-sp-d16 -mfloat-abi=hard -mthumb -Wl,--start-group -lc -lm -Wl,--end-group
Finished building target: STM32F407VET6_nrf.elf
 
arm-none-eabi-size   STM32F407VET6_nrf.elf 
arm-none-eabi-objdump -h -S  STM32F407VET6_nrf.elf  > "STM32F407VET6_nrf.list"
   text	   data	    bss	    dec	    hex	filename
  10580	     28	   1660	  12268	   2fec	STM32F407VET6_nrf.elf
Finished building: default.size.stdout
 
Finished building: STM32F407VET6_nrf.list
 
11:24:55 **** Incremental Build of configuration Debug for project STM32F407VET6_nrf_Receiver ****
make -j4 all 
arm-none-eabi-gcc "../Core/Src/main.c" -mcpu=cortex-m4 -std=gnu11 -g3 -DDEBUG -DUSE_HAL_DRIVER -DSTM32F407xx -c -I../Core/Inc -I../Drivers/STM32F4xx_HAL_Driver/Inc -I../Drivers/STM32F4xx_HAL_Driver/Inc/Legacy -I../Drivers/CMSIS/Device/ST/STM32F4xx/Include -I../Drivers/CMSIS/Include -O0 -ffunction-sections -fdata-sections -Wall -fstack-usage -fcyclomatic-complexity -MMD -MP -MF"Core/Src/main.d" -MT"Core/Src/main.o" --specs=nano.specs -mfpu=fpv4-sp-d16 -mfloat-abi=hard -mthumb -o "Core/Src/main.o"
arm-none-eabi-gcc -o "STM32F407VET6_nrf_Receiver.elf" @"objects.list"   -mcpu=cortex-m4 -T"/home/leandro/Documentos/code/micro/dev/STM32F407VET6_nrf_Receiver/STM32F407VETX_FLASH.ld" --specs=nosys.specs -Wl,-Map="STM32F407VET6_nrf_Receiver.map" -Wl,--gc-sections -static --specs=nano.specs -mfpu=fpv4-sp-d16 -mfloat-abi=hard -mthumb -Wl,--start-group -lc -lm -Wl,--end-group
Finished building target: STM32F407VET6_nrf_Receiver.elf
 
arm-none-eabi-size   STM32F407VET6_nrf_Receiver.elf 
arm-none-eabi-objdump -h -S  STM32F407VET6_nrf_Receiver.elf  > "STM32F407VET6_nrf_Receiver.list"
   text	   data	    bss	    dec	    hex	filename
  10516	     20	   1668	  12204	   2fac	STM32F407VET6_nrf_Receiver.elf
Finished building: default.size.stdout
 
Finished building: STM32F407VET6_nrf_Receiver.list
 
11:25:30 **** Incremental Build of configuration Debug for project STM32F407VET6_nrf_Receiver ****
make -j4 all 
arm-none-eabi-size   STM32F407VET6_nrf_Receiver.elf 
   text	   data	    bss	    dec	    hex	filename
  10516	     20	   1668	  12204	   2fac	STM32F407VET6_nrf_Receiver.elf
Finished building: default.size.stdout
 
11:27:21 **** Incremental Build of configuration Debug for project STM32F407VET6_nrf ****
make -j4 all 
arm-none-eabi-size   STM32F407VET6_nrf.elf 
   text	   data	    bss	    dec	    hex	filename
  10580	     28	   1660	  12268	   2fec	STM32F407VET6_nrf.elf
Finished building: default.size.stdout
 
11:27:45 **** Incremental Build of configuration Debug for project STM32F407VET6_nrf_Receiver ****
make -j4 all 
arm-none-eabi-size   STM32F407VET6_nrf_Receiver.elf 
   text	   data	    bss	    dec	    hex	filename
  10516	     20	   1668	  12204	   2fac	STM32F407VET6_nrf_Receiver.elf
Finished building: default.size.stdout
 
18:47:48 **** Build of configuration Debug for project STM32F407VET6_nrf_Receiver ****
make -j4 all 
arm-none-eabi-gcc "../Core/Src/main.c" -mcpu=cortex-m4 -std=gnu11 -g3 -DDEBUG -DUSE_HAL_DRIVER -DSTM32F407xx -c -I../Core/Inc -I../Drivers/STM32F4xx_HAL_Driver/Inc -I../Drivers/STM32F4xx_HAL_Driver/Inc/Legacy -I../Drivers/CMSIS/Device/ST/STM32F4xx/Include -I../Drivers/CMSIS/Include -O0 -ffunction-sections -fdata-sections -Wall -fstack-usage -fcyclomatic-complexity -MMD -MP -MF"Core/Src/main.d" -MT"Core/Src/main.o" --specs=nano.specs -mfpu=fpv4-sp-d16 -mfloat-abi=hard -mthumb -o "Core/Src/main.o"
arm-none-eabi-gcc -o "STM32F407VET6_nrf_Receiver.elf" @"objects.list"   -mcpu=cortex-m4 -T"/home/leandro/Documentos/code/micro/dev/STM32F407VET6_nrf_Receiver/STM32F407VETX_FLASH.ld" --specs=nosys.specs -Wl,-Map="STM32F407VET6_nrf_Receiver.map" -Wl,--gc-sections -static --specs=nano.specs -mfpu=fpv4-sp-d16 -mfloat-abi=hard -mthumb -Wl,--start-group -lc -lm -Wl,--end-group
Finished building target: STM32F407VET6_nrf_Receiver.elf
 
arm-none-eabi-size   STM32F407VET6_nrf_Receiver.elf 
arm-none-eabi-objdump -h -S  STM32F407VET6_nrf_Receiver.elf  > "STM32F407VET6_nrf_Receiver.list"
   text	   data	    bss	    dec	    hex	filename
  10516	     20	   1668	  12204	   2fac	STM32F407VET6_nrf_Receiver.elf
Finished building: default.size.stdout
 
Finished building: STM32F407VET6_nrf_Receiver.list
 
19:01:58 **** Incremental Build of configuration Debug for project STM32F407VET6_nrf_Receiver ****
make -j4 all 
arm-none-eabi-size   STM32F407VET6_nrf_Receiver.elf 
   text	   data	    bss	    dec	    hex	filename
  10516	     20	   1668	  12204	   2fac	STM32F407VET6_nrf_Receiver.elf
Finished building: default.size.stdout
 
19:24:16 **** Incremental Build of configuration Debug for project STM32F407VET6_nrf_Receiver ****
make -j4 all 
arm-none-eabi-size   STM32F407VET6_nrf_Receiver.elf 
   text	   data	    bss	    dec	    hex	filename
  10516	     20	   1668	  12204	   2fac	STM32F407VET6_nrf_Receiver.elf
Finished building: default.size.stdout
 
19:25:43 **** Incremental Build of configuration Debug for project STM32F407VET6_nrf_Receiver ****
make -j4 all 
arm-none-eabi-size   STM32F407VET6_nrf_Receiver.elf 
   text	   data	    bss	    dec	    hex	filename
  10516	     20	   1668	  12204	   2fac	STM32F407VET6_nrf_Receiver.elf
Finished building: default.size.stdout
 
19:29:54 **** Incremental Build of configuration Debug for project STM32F407VET6_nrf_Receiver ****
make -j4 all 
arm-none-eabi-gcc "../Core/Src/main.c" -mcpu=cortex-m4 -std=gnu11 -g3 -DDEBUG -DUSE_HAL_DRIVER -DSTM32F407xx -c -I../Core/Inc -I../Drivers/STM32F4xx_HAL_Driver/Inc -I../Drivers/STM32F4xx_HAL_Driver/Inc/Legacy -I../Drivers/CMSIS/Device/ST/STM32F4xx/Include -I../Drivers/CMSIS/Include -O0 -ffunction-sections -fdata-sections -Wall -fstack-usage -fcyclomatic-complexity -MMD -MP -MF"Core/Src/main.d" -MT"Core/Src/main.o" --specs=nano.specs -mfpu=fpv4-sp-d16 -mfloat-abi=hard -mthumb -o "Core/Src/main.o"
arm-none-eabi-gcc -o "STM32F407VET6_nrf_Receiver.elf" @"objects.list"   -mcpu=cortex-m4 -T"/home/leandro/Documentos/code/micro/dev/STM32F407VET6_nrf_Receiver/STM32F407VETX_FLASH.ld" --specs=nosys.specs -Wl,-Map="STM32F407VET6_nrf_Receiver.map" -Wl,--gc-sections -static --specs=nano.specs -mfpu=fpv4-sp-d16 -mfloat-abi=hard -mthumb -Wl,--start-group -lc -lm -Wl,--end-group
Finished building target: STM32F407VET6_nrf_Receiver.elf
 
arm-none-eabi-size   STM32F407VET6_nrf_Receiver.elf 
arm-none-eabi-objdump -h -S  STM32F407VET6_nrf_Receiver.elf  > "STM32F407VET6_nrf_Receiver.list"
   text	   data	    bss	    dec	    hex	filename
  10516	     20	   1668	  12204	   2fac	STM32F407VET6_nrf_Receiver.elf
Finished building: default.size.stdout
 
Finished building: STM32F407VET6_nrf_Receiver.list
 
19:33:15 **** Incremental Build of configuration Debug for project STM32F407VET6_nrf_Receiver ****
make -j4 all 
arm-none-eabi-gcc "../Core/Src/main.c" -mcpu=cortex-m4 -std=gnu11 -g3 -DDEBUG -DUSE_HAL_DRIVER -DSTM32F407xx -c -I../Core/Inc -I../Drivers/STM32F4xx_HAL_Driver/Inc -I../Drivers/STM32F4xx_HAL_Driver/Inc/Legacy -I../Drivers/CMSIS/Device/ST/STM32F4xx/Include -I../Drivers/CMSIS/Include -O0 -ffunction-sections -fdata-sections -Wall -fstack-usage -fcyclomatic-complexity -MMD -MP -MF"Core/Src/main.d" -MT"Core/Src/main.o" --specs=nano.specs -mfpu=fpv4-sp-d16 -mfloat-abi=hard -mthumb -o "Core/Src/main.o"
arm-none-eabi-gcc -o "STM32F407VET6_nrf_Receiver.elf" @"objects.list"   -mcpu=cortex-m4 -T"/home/leandro/Documentos/code/micro/dev/STM32F407VET6_nrf_Receiver/STM32F407VETX_FLASH.ld" --specs=nosys.specs -Wl,-Map="STM32F407VET6_nrf_Receiver.map" -Wl,--gc-sections -static --specs=nano.specs -mfpu=fpv4-sp-d16 -mfloat-abi=hard -mthumb -Wl,--start-group -lc -lm -Wl,--end-group
Finished building target: STM32F407VET6_nrf_Receiver.elf
 
arm-none-eabi-size   STM32F407VET6_nrf_Receiver.elf 
arm-none-eabi-objdump -h -S  STM32F407VET6_nrf_Receiver.elf  > "STM32F407VET6_nrf_Receiver.list"
   text	   data	    bss	    dec	    hex	filename
  10516	     20	   1668	  12204	   2fac	STM32F407VET6_nrf_Receiver.elf
Finished building: default.size.stdout
 
Finished building: STM32F407VET6_nrf_Receiver.list
 
19:34:15 **** Incremental Build of configuration Debug for project STM32F407VET6_nrf_Receiver ****
make -j4 all 
arm-none-eabi-gcc "../Core/Src/main.c" -mcpu=cortex-m4 -std=gnu11 -g3 -DDEBUG -DUSE_HAL_DRIVER -DSTM32F407xx -c -I../Core/Inc -I../Drivers/STM32F4xx_HAL_Driver/Inc -I../Drivers/STM32F4xx_HAL_Driver/Inc/Legacy -I../Drivers/CMSIS/Device/ST/STM32F4xx/Include -I../Drivers/CMSIS/Include -O0 -ffunction-sections -fdata-sections -Wall -fstack-usage -fcyclomatic-complexity -MMD -MP -MF"Core/Src/main.d" -MT"Core/Src/main.o" --specs=nano.specs -mfpu=fpv4-sp-d16 -mfloat-abi=hard -mthumb -o "Core/Src/main.o"
arm-none-eabi-gcc -o "STM32F407VET6_nrf_Receiver.elf" @"objects.list"   -mcpu=cortex-m4 -T"/home/leandro/Documentos/code/micro/dev/STM32F407VET6_nrf_Receiver/STM32F407VETX_FLASH.ld" --specs=nosys.specs -Wl,-Map="STM32F407VET6_nrf_Receiver.map" -Wl,--gc-sections -static --specs=nano.specs -mfpu=fpv4-sp-d16 -mfloat-abi=hard -mthumb -Wl,--start-group -lc -lm -Wl,--end-group
Finished building target: STM32F407VET6_nrf_Receiver.elf
 
arm-none-eabi-size   STM32F407VET6_nrf_Receiver.elf 
arm-none-eabi-objdump -h -S  STM32F407VET6_nrf_Receiver.elf  > "STM32F407VET6_nrf_Receiver.list"
   text	   data	    bss	    dec	    hex	filename
  10516	     20	   1668	  12204	   2fac	STM32F407VET6_nrf_Receiver.elf
Finished building: default.size.stdout
 
Finished building: STM32F407VET6_nrf_Receiver.list
 
19:20:16 **** Build of configuration Debug for project STM32F407VET6_NRF_Transmitter ****
make -j4 all 
arm-none-eabi-gcc "../Core/Src/main.c" -mcpu=cortex-m4 -std=gnu11 -g3 -DDEBUG -DUSE_HAL_DRIVER -DSTM32F407xx -c -I../Core/Inc -I../Drivers/STM32F4xx_HAL_Driver/Inc -I../Drivers/STM32F4xx_HAL_Driver/Inc/Legacy -I../Drivers/CMSIS/Device/ST/STM32F4xx/Include -I../Drivers/CMSIS/Include -O0 -ffunction-sections -fdata-sections -Wall -fstack-usage -fcyclomatic-complexity -MMD -MP -MF"Core/Src/main.d" -MT"Core/Src/main.o" --specs=nano.specs -mfpu=fpv4-sp-d16 -mfloat-abi=hard -mthumb -o "Core/Src/main.o"
../Core/Src/main.c: In function 'main':
../Core/Src/main.c:118:34: warning: passing argument 1 of 'HAL_NRF24_transmitData' from incompatible pointer type [-Wincompatible-pointer-types]
  118 |           HAL_NRF24_transmitData(&controlPacket);
      |                                  ^~~~~~~~~~~~~~
      |                                  |
      |                                  ControlPacket *
In file included from ../Core/Inc/main.h:34,
                 from ../Core/Src/main.c:20:
../Core/Inc/NRF24L01.h:232:38: note: expected 'uint8_t *' {aka 'unsigned char *'} but argument is of type 'ControlPacket *'
  232 | void HAL_NRF24_transmitData(uint8_t *Data);
      |                             ~~~~~~~~~^~~~
arm-none-eabi-gcc -o "STM32F407VET6_NRF_Transmitter.elf" @"objects.list"   -mcpu=cortex-m4 -T"/home/leandro/Documents/code/micro/dev/STM32F407VET6_NRF_Transmitter/STM32F407VETX_FLASH.ld" --specs=nosys.specs -Wl,-Map="STM32F407VET6_NRF_Transmitter.map" -Wl,--gc-sections -static --specs=nano.specs -mfpu=fpv4-sp-d16 -mfloat-abi=hard -mthumb -Wl,--start-group -lc -lm -Wl,--end-group
Finished building target: STM32F407VET6_NRF_Transmitter.elf
 
arm-none-eabi-size   STM32F407VET6_NRF_Transmitter.elf 
arm-none-eabi-objdump -h -S  STM32F407VET6_NRF_Transmitter.elf  > "STM32F407VET6_NRF_Transmitter.list"
   text	   data	    bss	    dec	    hex	filename
  10364	     28	   1676	  12068	   2f24	STM32F407VET6_NRF_Transmitter.elf
Finished building: default.size.stdout
 
Finished building: STM32F407VET6_NRF_Transmitter.list
 
19:30:49 **** Clean-only build of configuration Debug for project STM32F407VET6_NRF_Transmitter ****
make -j4 clean 
rm -rf ./Drivers/STM32F4xx_HAL_Driver/Src/stm32f4xx_hal.cyclo ./Drivers/STM32F4xx_HAL_Driver/Src/stm32f4xx_hal.d ./Drivers/STM32F4xx_HAL_Driver/Src/stm32f4xx_hal.o ./Drivers/STM32F4xx_HAL_Driver/Src/stm32f4xx_hal.su ./Drivers/STM32F4xx_HAL_Driver/Src/stm32f4xx_hal_cortex.cyclo ./Drivers/STM32F4xx_HAL_Driver/Src/stm32f4xx_hal_cortex.d ./Drivers/STM32F4xx_HAL_Driver/Src/stm32f4xx_hal_cortex.o ./Drivers/STM32F4xx_HAL_Driver/Src/stm32f4xx_hal_cortex.su ./Drivers/STM32F4xx_HAL_Driver/Src/stm32f4xx_hal_dma.cyclo ./Drivers/STM32F4xx_HAL_Driver/Src/stm32f4xx_hal_dma.d ./Drivers/STM32F4xx_HAL_Driver/Src/stm32f4xx_hal_dma.o ./Drivers/STM32F4xx_HAL_Driver/Src/stm32f4xx_hal_dma.su ./Drivers/STM32F4xx_HAL_Driver/Src/stm32f4xx_hal_dma_ex.cyclo ./Drivers/STM32F4xx_HAL_Driver/Src/stm32f4xx_hal_dma_ex.d ./Drivers/STM32F4xx_HAL_Driver/Src/stm32f4xx_hal_dma_ex.o ./Drivers/STM32F4xx_HAL_Driver/Src/stm32f4xx_hal_dma_ex.su ./Drivers/STM32F4xx_HAL_Driver/Src/stm32f4xx_hal_exti.cyclo ./Drivers/STM32F4xx_HAL_Driver/Src/stm32f4xx_hal_exti.d ./Drivers/STM32F4xx_HAL_Driver/Src/stm32f4xx_hal_exti.o ./Drivers/STM32F4xx_HAL_Driver/Src/stm32f4xx_hal_exti.su ./Drivers/STM32F4xx_HAL_Driver/Src/stm32f4xx_hal_flash.cyclo ./Drivers/STM32F4xx_HAL_Driver/Src/stm32f4xx_hal_flash.d ./Drivers/STM32F4xx_HAL_Driver/Src/stm32f4xx_hal_flash.o ./Drivers/STM32F4xx_HAL_Driver/Src/stm32f4xx_hal_flash.su ./Drivers/STM32F4xx_HAL_Driver/Src/stm32f4xx_hal_flash_ex.cyclo ./Drivers/STM32F4xx_HAL_Driver/Src/stm32f4xx_hal_flash_ex.d ./Drivers/STM32F4xx_HAL_Driver/Src/stm32f4xx_hal_flash_ex.o ./Drivers/STM32F4xx_HAL_Driver/Src/stm32f4xx_hal_flash_ex.su ./Drivers/STM32F4xx_HAL_Driver/Src/stm32f4xx_hal_flash_ramfunc.cyclo ./Drivers/STM32F4xx_HAL_Driver/Src/stm32f4xx_hal_flash_ramfunc.d ./Drivers/STM32F4xx_HAL_Driver/Src/stm32f4xx_hal_flash_ramfunc.o ./Drivers/STM32F4xx_HAL_Driver/Src/stm32f4xx_hal_flash_ramfunc.su ./Drivers/STM32F4xx_HAL_Driver/Src/stm32f4xx_hal_gpio.cyclo ./Drivers/STM32F4xx_HAL_Driver/Src/stm32f4xx_hal_gpio.d ./Drivers/STM32F4xx_HAL_Driver/Src/stm32f4xx_hal_gpio.o ./Drivers/STM32F4xx_HAL_Driver/Src/stm32f4xx_hal_gpio.su ./Drivers/STM32F4xx_HAL_Driver/Src/stm32f4xx_hal_pwr.cyclo ./Drivers/STM32F4xx_HAL_Driver/Src/stm32f4xx_hal_pwr.d ./Drivers/STM32F4xx_HAL_Driver/Src/stm32f4xx_hal_pwr.o ./Drivers/STM32F4xx_HAL_Driver/Src/stm32f4xx_hal_pwr.su ./Drivers/STM32F4xx_HAL_Driver/Src/stm32f4xx_hal_pwr_ex.cyclo ./Drivers/STM32F4xx_HAL_Driver/Src/stm32f4xx_hal_pwr_ex.d ./Drivers/STM32F4xx_HAL_Driver/Src/stm32f4xx_hal_pwr_ex.o ./Drivers/STM32F4xx_HAL_Driver/Src/stm32f4xx_hal_pwr_ex.su ./Drivers/STM32F4xx_HAL_Driver/Src/stm32f4xx_hal_rcc.cyclo ./Drivers/STM32F4xx_HAL_Driver/Src/stm32f4xx_hal_rcc.d ./Drivers/STM32F4xx_HAL_Driver/Src/stm32f4xx_hal_rcc.o ./Drivers/STM32F4xx_HAL_Driver/Src/stm32f4xx_hal_rcc.su ./Drivers/STM32F4xx_HAL_Driver/Src/stm32f4xx_hal_rcc_ex.cyclo ./Drivers/STM32F4xx_HAL_Driver/Src/stm32f4xx_hal_rcc_ex.d ./Drivers/STM32F4xx_HAL_Driver/Src/stm32f4xx_hal_rcc_ex.o ./Drivers/STM32F4xx_HAL_Driver/Src/stm32f4xx_hal_rcc_ex.su ./Drivers/STM32F4xx_HAL_Driver/Src/stm32f4xx_hal_spi.cyclo ./Drivers/STM32F4xx_HAL_Driver/Src/stm32f4xx_hal_spi.d ./Drivers/STM32F4xx_HAL_Driver/Src/stm32f4xx_hal_spi.o ./Drivers/STM32F4xx_HAL_Driver/Src/stm32f4xx_hal_spi.su
rm -rf ./Core/Startup/startup_stm32f407vetx.d ./Core/Startup/startup_stm32f407vetx.o
rm -rf ./Core/Src/NRF24L01.cyclo ./Core/Src/NRF24L01.d ./Core/Src/NRF24L01.o ./Core/Src/NRF24L01.su ./Core/Src/main.cyclo ./Core/Src/main.d ./Core/Src/main.o ./Core/Src/main.su ./Core/Src/stm32f4xx_hal_msp.cyclo ./Core/Src/stm32f4xx_hal_msp.d ./Core/Src/stm32f4xx_hal_msp.o ./Core/Src/stm32f4xx_hal_msp.su ./Core/Src/stm32f4xx_it.cyclo ./Core/Src/stm32f4xx_it.d ./Core/Src/stm32f4xx_it.o ./Core/Src/stm32f4xx_it.su ./Core/Src/syscalls.cyclo ./Core/Src/syscalls.d ./Core/Src/syscalls.o ./Core/Src/syscalls.su ./Core/Src/sysmem.cyclo ./Core/Src/sysmem.d ./Core/Src/sysmem.o ./Core/Src/sysmem.su ./Core/Src/system_stm32f4xx.cyclo ./Core/Src/system_stm32f4xx.d ./Core/Src/system_stm32f4xx.o ./Core/Src/system_stm32f4xx.su
rm -rf STM32F407VET6_NRF_Transmitter.elf STM32F407VET6_NRF_Transmitter.list STM32F407VET6_NRF_Transmitter.map default.size.stdout
 
19:30:50 **** Incremental Build of configuration Debug for project STM32F407VET6_NRF_Transmitter ****
make -j4 all 
arm-none-eabi-gcc "../Drivers/STM32F4xx_HAL_Driver/Src/stm32f4xx_hal.c" -mcpu=cortex-m4 -std=gnu11 -g3 -DDEBUG -DUSE_HAL_DRIVER -DSTM32F407xx -c -I../Core/Inc -I../Drivers/STM32F4xx_HAL_Driver/Inc -I../Drivers/STM32F4xx_HAL_Driver/Inc/Legacy -I../Drivers/CMSIS/Device/ST/STM32F4xx/Include -I../Drivers/CMSIS/Include -O0 -ffunction-sections -fdata-sections -Wall -fstack-usage -fcyclomatic-complexity -MMD -MP -MF"Drivers/STM32F4xx_HAL_Driver/Src/stm32f4xx_hal.d" -MT"Drivers/STM32F4xx_HAL_Driver/Src/stm32f4xx_hal.o" --specs=nano.specs -mfpu=fpv4-sp-d16 -mfloat-abi=hard -mthumb -o "Drivers/STM32F4xx_HAL_Driver/Src/stm32f4xx_hal.o"
arm-none-eabi-gcc "../Drivers/STM32F4xx_HAL_Driver/Src/stm32f4xx_hal_cortex.c" -mcpu=cortex-m4 -std=gnu11 -g3 -DDEBUG -DUSE_HAL_DRIVER -DSTM32F407xx -c -I../Core/Inc -I../Drivers/STM32F4xx_HAL_Driver/Inc -I../Drivers/STM32F4xx_HAL_Driver/Inc/Legacy -I../Drivers/CMSIS/Device/ST/STM32F4xx/Include -I../Drivers/CMSIS/Include -O0 -ffunction-sections -fdata-sections -Wall -fstack-usage -fcyclomatic-complexity -MMD -MP -MF"Drivers/STM32F4xx_HAL_Driver/Src/stm32f4xx_hal_cortex.d" -MT"Drivers/STM32F4xx_HAL_Driver/Src/stm32f4xx_hal_cortex.o" --specs=nano.specs -mfpu=fpv4-sp-d16 -mfloat-abi=hard -mthumb -o "Drivers/STM32F4xx_HAL_Driver/Src/stm32f4xx_hal_cortex.o"
arm-none-eabi-gcc "../Drivers/STM32F4xx_HAL_Driver/Src/stm32f4xx_hal_dma.c" -mcpu=cortex-m4 -std=gnu11 -g3 -DDEBUG -DUSE_HAL_DRIVER -DSTM32F407xx -c -I../Core/Inc -I../Drivers/STM32F4xx_HAL_Driver/Inc -I../Drivers/STM32F4xx_HAL_Driver/Inc/Legacy -I../Drivers/CMSIS/Device/ST/STM32F4xx/Include -I../Drivers/CMSIS/Include -O0 -ffunction-sections -fdata-sections -Wall -fstack-usage -fcyclomatic-complexity -MMD -MP -MF"Drivers/STM32F4xx_HAL_Driver/Src/stm32f4xx_hal_dma.d" -MT"Drivers/STM32F4xx_HAL_Driver/Src/stm32f4xx_hal_dma.o" --specs=nano.specs -mfpu=fpv4-sp-d16 -mfloat-abi=hard -mthumb -o "Drivers/STM32F4xx_HAL_Driver/Src/stm32f4xx_hal_dma.o"
arm-none-eabi-gcc "../Drivers/STM32F4xx_HAL_Driver/Src/stm32f4xx_hal_dma_ex.c" -mcpu=cortex-m4 -std=gnu11 -g3 -DDEBUG -DUSE_HAL_DRIVER -DSTM32F407xx -c -I../Core/Inc -I../Drivers/STM32F4xx_HAL_Driver/Inc -I../Drivers/STM32F4xx_HAL_Driver/Inc/Legacy -I../Drivers/CMSIS/Device/ST/STM32F4xx/Include -I../Drivers/CMSIS/Include -O0 -ffunction-sections -fdata-sections -Wall -fstack-usage -fcyclomatic-complexity -MMD -MP -MF"Drivers/STM32F4xx_HAL_Driver/Src/stm32f4xx_hal_dma_ex.d" -MT"Drivers/STM32F4xx_HAL_Driver/Src/stm32f4xx_hal_dma_ex.o" --specs=nano.specs -mfpu=fpv4-sp-d16 -mfloat-abi=hard -mthumb -o "Drivers/STM32F4xx_HAL_Driver/Src/stm32f4xx_hal_dma_ex.o"
arm-none-eabi-gcc "../Drivers/STM32F4xx_HAL_Driver/Src/stm32f4xx_hal_exti.c" -mcpu=cortex-m4 -std=gnu11 -g3 -DDEBUG -DUSE_HAL_DRIVER -DSTM32F407xx -c -I../Core/Inc -I../Drivers/STM32F4xx_HAL_Driver/Inc -I../Drivers/STM32F4xx_HAL_Driver/Inc/Legacy -I../Drivers/CMSIS/Device/ST/STM32F4xx/Include -I../Drivers/CMSIS/Include -O0 -ffunction-sections -fdata-sections -Wall -fstack-usage -fcyclomatic-complexity -MMD -MP -MF"Drivers/STM32F4xx_HAL_Driver/Src/stm32f4xx_hal_exti.d" -MT"Drivers/STM32F4xx_HAL_Driver/Src/stm32f4xx_hal_exti.o" --specs=nano.specs -mfpu=fpv4-sp-d16 -mfloat-abi=hard -mthumb -o "Drivers/STM32F4xx_HAL_Driver/Src/stm32f4xx_hal_exti.o"
arm-none-eabi-gcc "../Drivers/STM32F4xx_HAL_Driver/Src/stm32f4xx_hal_flash.c" -mcpu=cortex-m4 -std=gnu11 -g3 -DDEBUG -DUSE_HAL_DRIVER -DSTM32F407xx -c -I../Core/Inc -I../Drivers/STM32F4xx_HAL_Driver/Inc -I../Drivers/STM32F4xx_HAL_Driver/Inc/Legacy -I../Drivers/CMSIS/Device/ST/STM32F4xx/Include -I../Drivers/CMSIS/Include -O0 -ffunction-sections -fdata-sections -Wall -fstack-usage -fcyclomatic-complexity -MMD -MP -MF"Drivers/STM32F4xx_HAL_Driver/Src/stm32f4xx_hal_flash.d" -MT"Drivers/STM32F4xx_HAL_Driver/Src/stm32f4xx_hal_flash.o" --specs=nano.specs -mfpu=fpv4-sp-d16 -mfloat-abi=hard -mthumb -o "Drivers/STM32F4xx_HAL_Driver/Src/stm32f4xx_hal_flash.o"
arm-none-eabi-gcc "../Drivers/STM32F4xx_HAL_Driver/Src/stm32f4xx_hal_flash_ex.c" -mcpu=cortex-m4 -std=gnu11 -g3 -DDEBUG -DUSE_HAL_DRIVER -DSTM32F407xx -c -I../Core/Inc -I../Drivers/STM32F4xx_HAL_Driver/Inc -I../Drivers/STM32F4xx_HAL_Driver/Inc/Legacy -I../Drivers/CMSIS/Device/ST/STM32F4xx/Include -I../Drivers/CMSIS/Include -O0 -ffunction-sections -fdata-sections -Wall -fstack-usage -fcyclomatic-complexity -MMD -MP -MF"Drivers/STM32F4xx_HAL_Driver/Src/stm32f4xx_hal_flash_ex.d" -MT"Drivers/STM32F4xx_HAL_Driver/Src/stm32f4xx_hal_flash_ex.o" --specs=nano.specs -mfpu=fpv4-sp-d16 -mfloat-abi=hard -mthumb -o "Drivers/STM32F4xx_HAL_Driver/Src/stm32f4xx_hal_flash_ex.o"
arm-none-eabi-gcc "../Drivers/STM32F4xx_HAL_Driver/Src/stm32f4xx_hal_flash_ramfunc.c" -mcpu=cortex-m4 -std=gnu11 -g3 -DDEBUG -DUSE_HAL_DRIVER -DSTM32F407xx -c -I../Core/Inc -I../Drivers/STM32F4xx_HAL_Driver/Inc -I../Drivers/STM32F4xx_HAL_Driver/Inc/Legacy -I../Drivers/CMSIS/Device/ST/STM32F4xx/Include -I../Drivers/CMSIS/Include -O0 -ffunction-sections -fdata-sections -Wall -fstack-usage -fcyclomatic-complexity -MMD -MP -MF"Drivers/STM32F4xx_HAL_Driver/Src/stm32f4xx_hal_flash_ramfunc.d" -MT"Drivers/STM32F4xx_HAL_Driver/Src/stm32f4xx_hal_flash_ramfunc.o" --specs=nano.specs -mfpu=fpv4-sp-d16 -mfloat-abi=hard -mthumb -o "Drivers/STM32F4xx_HAL_Driver/Src/stm32f4xx_hal_flash_ramfunc.o"
arm-none-eabi-gcc "../Drivers/STM32F4xx_HAL_Driver/Src/stm32f4xx_hal_gpio.c" -mcpu=cortex-m4 -std=gnu11 -g3 -DDEBUG -DUSE_HAL_DRIVER -DSTM32F407xx -c -I../Core/Inc -I../Drivers/STM32F4xx_HAL_Driver/Inc -I../Drivers/STM32F4xx_HAL_Driver/Inc/Legacy -I../Drivers/CMSIS/Device/ST/STM32F4xx/Include -I../Drivers/CMSIS/Include -O0 -ffunction-sections -fdata-sections -Wall -fstack-usage -fcyclomatic-complexity -MMD -MP -MF"Drivers/STM32F4xx_HAL_Driver/Src/stm32f4xx_hal_gpio.d" -MT"Drivers/STM32F4xx_HAL_Driver/Src/stm32f4xx_hal_gpio.o" --specs=nano.specs -mfpu=fpv4-sp-d16 -mfloat-abi=hard -mthumb -o "Drivers/STM32F4xx_HAL_Driver/Src/stm32f4xx_hal_gpio.o"
arm-none-eabi-gcc "../Drivers/STM32F4xx_HAL_Driver/Src/stm32f4xx_hal_pwr.c" -mcpu=cortex-m4 -std=gnu11 -g3 -DDEBUG -DUSE_HAL_DRIVER -DSTM32F407xx -c -I../Core/Inc -I../Drivers/STM32F4xx_HAL_Driver/Inc -I../Drivers/STM32F4xx_HAL_Driver/Inc/Legacy -I../Drivers/CMSIS/Device/ST/STM32F4xx/Include -I../Drivers/CMSIS/Include -O0 -ffunction-sections -fdata-sections -Wall -fstack-usage -fcyclomatic-complexity -MMD -MP -MF"Drivers/STM32F4xx_HAL_Driver/Src/stm32f4xx_hal_pwr.d" -MT"Drivers/STM32F4xx_HAL_Driver/Src/stm32f4xx_hal_pwr.o" --specs=nano.specs -mfpu=fpv4-sp-d16 -mfloat-abi=hard -mthumb -o "Drivers/STM32F4xx_HAL_Driver/Src/stm32f4xx_hal_pwr.o"
arm-none-eabi-gcc "../Drivers/STM32F4xx_HAL_Driver/Src/stm32f4xx_hal_pwr_ex.c" -mcpu=cortex-m4 -std=gnu11 -g3 -DDEBUG -DUSE_HAL_DRIVER -DSTM32F407xx -c -I../Core/Inc -I../Drivers/STM32F4xx_HAL_Driver/Inc -I../Drivers/STM32F4xx_HAL_Driver/Inc/Legacy -I../Drivers/CMSIS/Device/ST/STM32F4xx/Include -I../Drivers/CMSIS/Include -O0 -ffunction-sections -fdata-sections -Wall -fstack-usage -fcyclomatic-complexity -MMD -MP -MF"Drivers/STM32F4xx_HAL_Driver/Src/stm32f4xx_hal_pwr_ex.d" -MT"Drivers/STM32F4xx_HAL_Driver/Src/stm32f4xx_hal_pwr_ex.o" --specs=nano.specs -mfpu=fpv4-sp-d16 -mfloat-abi=hard -mthumb -o "Drivers/STM32F4xx_HAL_Driver/Src/stm32f4xx_hal_pwr_ex.o"
arm-none-eabi-gcc "../Drivers/STM32F4xx_HAL_Driver/Src/stm32f4xx_hal_rcc.c" -mcpu=cortex-m4 -std=gnu11 -g3 -DDEBUG -DUSE_HAL_DRIVER -DSTM32F407xx -c -I../Core/Inc -I../Drivers/STM32F4xx_HAL_Driver/Inc -I../Drivers/STM32F4xx_HAL_Driver/Inc/Legacy -I../Drivers/CMSIS/Device/ST/STM32F4xx/Include -I../Drivers/CMSIS/Include -O0 -ffunction-sections -fdata-sections -Wall -fstack-usage -fcyclomatic-complexity -MMD -MP -MF"Drivers/STM32F4xx_HAL_Driver/Src/stm32f4xx_hal_rcc.d" -MT"Drivers/STM32F4xx_HAL_Driver/Src/stm32f4xx_hal_rcc.o" --specs=nano.specs -mfpu=fpv4-sp-d16 -mfloat-abi=hard -mthumb -o "Drivers/STM32F4xx_HAL_Driver/Src/stm32f4xx_hal_rcc.o"
arm-none-eabi-gcc "../Drivers/STM32F4xx_HAL_Driver/Src/stm32f4xx_hal_rcc_ex.c" -mcpu=cortex-m4 -std=gnu11 -g3 -DDEBUG -DUSE_HAL_DRIVER -DSTM32F407xx -c -I../Core/Inc -I../Drivers/STM32F4xx_HAL_Driver/Inc -I../Drivers/STM32F4xx_HAL_Driver/Inc/Legacy -I../Drivers/CMSIS/Device/ST/STM32F4xx/Include -I../Drivers/CMSIS/Include -O0 -ffunction-sections -fdata-sections -Wall -fstack-usage -fcyclomatic-complexity -MMD -MP -MF"Drivers/STM32F4xx_HAL_Driver/Src/stm32f4xx_hal_rcc_ex.d" -MT"Drivers/STM32F4xx_HAL_Driver/Src/stm32f4xx_hal_rcc_ex.o" --specs=nano.specs -mfpu=fpv4-sp-d16 -mfloat-abi=hard -mthumb -o "Drivers/STM32F4xx_HAL_Driver/Src/stm32f4xx_hal_rcc_ex.o"
arm-none-eabi-gcc "../Drivers/STM32F4xx_HAL_Driver/Src/stm32f4xx_hal_spi.c" -mcpu=cortex-m4 -std=gnu11 -g3 -DDEBUG -DUSE_HAL_DRIVER -DSTM32F407xx -c -I../Core/Inc -I../Drivers/STM32F4xx_HAL_Driver/Inc -I../Drivers/STM32F4xx_HAL_Driver/Inc/Legacy -I../Drivers/CMSIS/Device/ST/STM32F4xx/Include -I../Drivers/CMSIS/Include -O0 -ffunction-sections -fdata-sections -Wall -fstack-usage -fcyclomatic-complexity -MMD -MP -MF"Drivers/STM32F4xx_HAL_Driver/Src/stm32f4xx_hal_spi.d" -MT"Drivers/STM32F4xx_HAL_Driver/Src/stm32f4xx_hal_spi.o" --specs=nano.specs -mfpu=fpv4-sp-d16 -mfloat-abi=hard -mthumb -o "Drivers/STM32F4xx_HAL_Driver/Src/stm32f4xx_hal_spi.o"
arm-none-eabi-gcc -mcpu=cortex-m4 -g3 -DDEBUG -c -x assembler-with-cpp -MMD -MP -MF"Core/Startup/startup_stm32f407vetx.d" -MT"Core/Startup/startup_stm32f407vetx.o" --specs=nano.specs -mfpu=fpv4-sp-d16 -mfloat-abi=hard -mthumb -o "Core/Startup/startup_stm32f407vetx.o" "../Core/Startup/startup_stm32f407vetx.s"
arm-none-eabi-gcc "../Core/Src/NRF24L01.c" -mcpu=cortex-m4 -std=gnu11 -g3 -DDEBUG -DUSE_HAL_DRIVER -DSTM32F407xx -c -I../Core/Inc -I../Drivers/STM32F4xx_HAL_Driver/Inc -I../Drivers/STM32F4xx_HAL_Driver/Inc/Legacy -I../Drivers/CMSIS/Device/ST/STM32F4xx/Include -I../Drivers/CMSIS/Include -O0 -ffunction-sections -fdata-sections -Wall -fstack-usage -fcyclomatic-complexity -MMD -MP -MF"Core/Src/NRF24L01.d" -MT"Core/Src/NRF24L01.o" --specs=nano.specs -mfpu=fpv4-sp-d16 -mfloat-abi=hard -mthumb -o "Core/Src/NRF24L01.o"
arm-none-eabi-gcc "../Core/Src/main.c" -mcpu=cortex-m4 -std=gnu11 -g3 -DDEBUG -DUSE_HAL_DRIVER -DSTM32F407xx -c -I../Core/Inc -I../Drivers/STM32F4xx_HAL_Driver/Inc -I../Drivers/STM32F4xx_HAL_Driver/Inc/Legacy -I../Drivers/CMSIS/Device/ST/STM32F4xx/Include -I../Drivers/CMSIS/Include -O0 -ffunction-sections -fdata-sections -Wall -fstack-usage -fcyclomatic-complexity -MMD -MP -MF"Core/Src/main.d" -MT"Core/Src/main.o" --specs=nano.specs -mfpu=fpv4-sp-d16 -mfloat-abi=hard -mthumb -o "Core/Src/main.o"
arm-none-eabi-gcc "../Core/Src/stm32f4xx_hal_msp.c" -mcpu=cortex-m4 -std=gnu11 -g3 -DDEBUG -DUSE_HAL_DRIVER -DSTM32F407xx -c -I../Core/Inc -I../Drivers/STM32F4xx_HAL_Driver/Inc -I../Drivers/STM32F4xx_HAL_Driver/Inc/Legacy -I../Drivers/CMSIS/Device/ST/STM32F4xx/Include -I../Drivers/CMSIS/Include -O0 -ffunction-sections -fdata-sections -Wall -fstack-usage -fcyclomatic-complexity -MMD -MP -MF"Core/Src/stm32f4xx_hal_msp.d" -MT"Core/Src/stm32f4xx_hal_msp.o" --specs=nano.specs -mfpu=fpv4-sp-d16 -mfloat-abi=hard -mthumb -o "Core/Src/stm32f4xx_hal_msp.o"
../Core/Src/main.c: In function 'main':
../Core/Src/main.c:118:34: warning: passing argument 1 of 'HAL_NRF24_transmitData' from incompatible pointer type [-Wincompatible-pointer-types]
  118 |           HAL_NRF24_transmitData(&controlPacket);
      |                                  ^~~~~~~~~~~~~~
      |                                  |
      |                                  ControlPacket *
In file included from ../Core/Inc/main.h:34,
                 from ../Core/Src/main.c:20:
../Core/Inc/NRF24L01.h:232:38: note: expected 'uint8_t *' {aka 'unsigned char *'} but argument is of type 'ControlPacket *'
  232 | void HAL_NRF24_transmitData(uint8_t *Data);
      |                             ~~~~~~~~~^~~~
arm-none-eabi-gcc "../Core/Src/stm32f4xx_it.c" -mcpu=cortex-m4 -std=gnu11 -g3 -DDEBUG -DUSE_HAL_DRIVER -DSTM32F407xx -c -I../Core/Inc -I../Drivers/STM32F4xx_HAL_Driver/Inc -I../Drivers/STM32F4xx_HAL_Driver/Inc/Legacy -I../Drivers/CMSIS/Device/ST/STM32F4xx/Include -I../Drivers/CMSIS/Include -O0 -ffunction-sections -fdata-sections -Wall -fstack-usage -fcyclomatic-complexity -MMD -MP -MF"Core/Src/stm32f4xx_it.d" -MT"Core/Src/stm32f4xx_it.o" --specs=nano.specs -mfpu=fpv4-sp-d16 -mfloat-abi=hard -mthumb -o "Core/Src/stm32f4xx_it.o"
arm-none-eabi-gcc "../Core/Src/syscalls.c" -mcpu=cortex-m4 -std=gnu11 -g3 -DDEBUG -DUSE_HAL_DRIVER -DSTM32F407xx -c -I../Core/Inc -I../Drivers/STM32F4xx_HAL_Driver/Inc -I../Drivers/STM32F4xx_HAL_Driver/Inc/Legacy -I../Drivers/CMSIS/Device/ST/STM32F4xx/Include -I../Drivers/CMSIS/Include -O0 -ffunction-sections -fdata-sections -Wall -fstack-usage -fcyclomatic-complexity -MMD -MP -MF"Core/Src/syscalls.d" -MT"Core/Src/syscalls.o" --specs=nano.specs -mfpu=fpv4-sp-d16 -mfloat-abi=hard -mthumb -o "Core/Src/syscalls.o"
arm-none-eabi-gcc "../Core/Src/sysmem.c" -mcpu=cortex-m4 -std=gnu11 -g3 -DDEBUG -DUSE_HAL_DRIVER -DSTM32F407xx -c -I../Core/Inc -I../Drivers/STM32F4xx_HAL_Driver/Inc -I../Drivers/STM32F4xx_HAL_Driver/Inc/Legacy -I../Drivers/CMSIS/Device/ST/STM32F4xx/Include -I../Drivers/CMSIS/Include -O0 -ffunction-sections -fdata-sections -Wall -fstack-usage -fcyclomatic-complexity -MMD -MP -MF"Core/Src/sysmem.d" -MT"Core/Src/sysmem.o" --specs=nano.specs -mfpu=fpv4-sp-d16 -mfloat-abi=hard -mthumb -o "Core/Src/sysmem.o"
arm-none-eabi-gcc "../Core/Src/system_stm32f4xx.c" -mcpu=cortex-m4 -std=gnu11 -g3 -DDEBUG -DUSE_HAL_DRIVER -DSTM32F407xx -c -I../Core/Inc -I../Drivers/STM32F4xx_HAL_Driver/Inc -I../Drivers/STM32F4xx_HAL_Driver/Inc/Legacy -I../Drivers/CMSIS/Device/ST/STM32F4xx/Include -I../Drivers/CMSIS/Include -O0 -ffunction-sections -fdata-sections -Wall -fstack-usage -fcyclomatic-complexity -MMD -MP -MF"Core/Src/system_stm32f4xx.d" -MT"Core/Src/system_stm32f4xx.o" --specs=nano.specs -mfpu=fpv4-sp-d16 -mfloat-abi=hard -mthumb -o "Core/Src/system_stm32f4xx.o"
arm-none-eabi-gcc -o "STM32F407VET6_NRF_Transmitter.elf" @"objects.list"   -mcpu=cortex-m4 -T"/home/leandro/Documents/code/micro/dev/STM32F407VET6_NRF_Transmitter/STM32F407VETX_FLASH.ld" --specs=nosys.specs -Wl,-Map="STM32F407VET6_NRF_Transmitter.map" -Wl,--gc-sections -static --specs=nano.specs -mfpu=fpv4-sp-d16 -mfloat-abi=hard -mthumb -Wl,--start-group -lc -lm -Wl,--end-group
Finished building target: STM32F407VET6_NRF_Transmitter.elf
 
arm-none-eabi-size   STM32F407VET6_NRF_Transmitter.elf 
arm-none-eabi-objdump -h -S  STM32F407VET6_NRF_Transmitter.elf  > "STM32F407VET6_NRF_Transmitter.list"
   text	   data	    bss	    dec	    hex	filename
  10364	     28	   1676	  12068	   2f24	STM32F407VET6_NRF_Transmitter.elf
Finished building: default.size.stdout
 
Finished building: STM32F407VET6_NRF_Transmitter.list
 
19:34:51 **** Incremental Build of configuration Debug for project STM32F407VET6_NRF_Transmitter ****
make -j4 all 
arm-none-eabi-gcc "../Core/Src/main.c" -mcpu=cortex-m4 -std=gnu11 -g3 -DDEBUG -DUSE_HAL_DRIVER -DSTM32F407xx -c -I../Core/Inc -I../Drivers/STM32F4xx_HAL_Driver/Inc -I../Drivers/STM32F4xx_HAL_Driver/Inc/Legacy -I../Drivers/CMSIS/Device/ST/STM32F4xx/Include -I../Drivers/CMSIS/Include -O0 -ffunction-sections -fdata-sections -Wall -fstack-usage -fcyclomatic-complexity -MMD -MP -MF"Core/Src/main.d" -MT"Core/Src/main.o" --specs=nano.specs -mfpu=fpv4-sp-d16 -mfloat-abi=hard -mthumb -o "Core/Src/main.o"
../Core/Src/main.c: In function 'main':
../Core/Src/main.c:118:34: warning: passing argument 1 of 'HAL_NRF24_transmitData' from incompatible pointer type [-Wincompatible-pointer-types]
  118 |           HAL_NRF24_transmitData(&controlPacket);
      |                                  ^~~~~~~~~~~~~~
      |                                  |
      |                                  ControlPacket *
In file included from ../Core/Inc/main.h:34,
                 from ../Core/Src/main.c:20:
../Core/Inc/NRF24L01.h:232:38: note: expected 'uint8_t *' {aka 'unsigned char *'} but argument is of type 'ControlPacket *'
  232 | void HAL_NRF24_transmitData(uint8_t *Data);
      |                             ~~~~~~~~~^~~~
arm-none-eabi-gcc -o "STM32F407VET6_NRF_Transmitter.elf" @"objects.list"   -mcpu=cortex-m4 -T"/home/leandro/Documents/code/micro/dev/STM32F407VET6_NRF_Transmitter/STM32F407VETX_FLASH.ld" --specs=nosys.specs -Wl,-Map="STM32F407VET6_NRF_Transmitter.map" -Wl,--gc-sections -static --specs=nano.specs -mfpu=fpv4-sp-d16 -mfloat-abi=hard -mthumb -Wl,--start-group -lc -lm -Wl,--end-group
Finished building target: STM32F407VET6_NRF_Transmitter.elf
 
arm-none-eabi-size   STM32F407VET6_NRF_Transmitter.elf 
arm-none-eabi-objdump -h -S  STM32F407VET6_NRF_Transmitter.elf  > "STM32F407VET6_NRF_Transmitter.list"
   text	   data	    bss	    dec	    hex	filename
  10364	     28	   1676	  12068	   2f24	STM32F407VET6_NRF_Transmitter.elf
Finished building: default.size.stdout
 
Finished building: STM32F407VET6_NRF_Transmitter.list
 
19:35:16 **** Incremental Build of configuration Debug for project STM32F407VET6_NRF_Transmitter ****
make -j4 all 
arm-none-eabi-gcc "../Core/Src/main.c" -mcpu=cortex-m4 -std=gnu11 -g3 -DDEBUG -DUSE_HAL_DRIVER -DSTM32F407xx -c -I../Core/Inc -I../Drivers/STM32F4xx_HAL_Driver/Inc -I../Drivers/STM32F4xx_HAL_Driver/Inc/Legacy -I../Drivers/CMSIS/Device/ST/STM32F4xx/Include -I../Drivers/CMSIS/Include -O0 -ffunction-sections -fdata-sections -Wall -fstack-usage -fcyclomatic-complexity -MMD -MP -MF"Core/Src/main.d" -MT"Core/Src/main.o" --specs=nano.specs -mfpu=fpv4-sp-d16 -mfloat-abi=hard -mthumb -o "Core/Src/main.o"
../Core/Src/main.c: In function 'main':
../Core/Src/main.c:118:34: warning: passing argument 1 of 'HAL_NRF24_transmitData' from incompatible pointer type [-Wincompatible-pointer-types]
  118 |           HAL_NRF24_transmitData(&controlPacket);
      |                                  ^~~~~~~~~~~~~~
      |                                  |
      |                                  ControlPacket *
In file included from ../Core/Inc/main.h:34,
                 from ../Core/Src/main.c:20:
../Core/Inc/NRF24L01.h:232:38: note: expected 'uint8_t *' {aka 'unsigned char *'} but argument is of type 'ControlPacket *'
  232 | void HAL_NRF24_transmitData(uint8_t *Data);
      |                             ~~~~~~~~~^~~~
arm-none-eabi-gcc -o "STM32F407VET6_NRF_Transmitter.elf" @"objects.list"   -mcpu=cortex-m4 -T"/home/leandro/Documents/code/micro/dev/STM32F407VET6_NRF_Transmitter/STM32F407VETX_FLASH.ld" --specs=nosys.specs -Wl,-Map="STM32F407VET6_NRF_Transmitter.map" -Wl,--gc-sections -static --specs=nano.specs -mfpu=fpv4-sp-d16 -mfloat-abi=hard -mthumb -Wl,--start-group -lc -lm -Wl,--end-group
Finished building target: STM32F407VET6_NRF_Transmitter.elf
 
arm-none-eabi-size   STM32F407VET6_NRF_Transmitter.elf 
arm-none-eabi-objdump -h -S  STM32F407VET6_NRF_Transmitter.elf  > "STM32F407VET6_NRF_Transmitter.list"
   text	   data	    bss	    dec	    hex	filename
  10328	     28	   1676	  12032	   2f00	STM32F407VET6_NRF_Transmitter.elf
Finished building: default.size.stdout
 
Finished building: STM32F407VET6_NRF_Transmitter.list
 
19:36:12 **** Incremental Build of configuration Debug for project STM32F407VET6_NRF_Transmitter ****
make -j4 all 
arm-none-eabi-gcc "../Core/Src/main.c" -mcpu=cortex-m4 -std=gnu11 -g3 -DDEBUG -DUSE_HAL_DRIVER -DSTM32F407xx -c -I../Core/Inc -I../Drivers/STM32F4xx_HAL_Driver/Inc -I../Drivers/STM32F4xx_HAL_Driver/Inc/Legacy -I../Drivers/CMSIS/Device/ST/STM32F4xx/Include -I../Drivers/CMSIS/Include -O0 -ffunction-sections -fdata-sections -Wall -fstack-usage -fcyclomatic-complexity -MMD -MP -MF"Core/Src/main.d" -MT"Core/Src/main.o" --specs=nano.specs -mfpu=fpv4-sp-d16 -mfloat-abi=hard -mthumb -o "Core/Src/main.o"
../Core/Src/main.c: In function 'main':
../Core/Src/main.c:118:34: warning: passing argument 1 of 'HAL_NRF24_transmitData' from incompatible pointer type [-Wincompatible-pointer-types]
  118 |           HAL_NRF24_transmitData(&controlPacket);
      |                                  ^~~~~~~~~~~~~~
      |                                  |
      |                                  ControlPacket *
In file included from ../Core/Inc/main.h:34,
                 from ../Core/Src/main.c:20:
../Core/Inc/NRF24L01.h:232:38: note: expected 'uint8_t *' {aka 'unsigned char *'} but argument is of type 'ControlPacket *'
  232 | void HAL_NRF24_transmitData(uint8_t *Data);
      |                             ~~~~~~~~~^~~~
arm-none-eabi-gcc -o "STM32F407VET6_NRF_Transmitter.elf" @"objects.list"   -mcpu=cortex-m4 -T"/home/leandro/Documents/code/micro/dev/STM32F407VET6_NRF_Transmitter/STM32F407VETX_FLASH.ld" --specs=nosys.specs -Wl,-Map="STM32F407VET6_NRF_Transmitter.map" -Wl,--gc-sections -static --specs=nano.specs -mfpu=fpv4-sp-d16 -mfloat-abi=hard -mthumb -Wl,--start-group -lc -lm -Wl,--end-group
Finished building target: STM32F407VET6_NRF_Transmitter.elf
 
arm-none-eabi-size   STM32F407VET6_NRF_Transmitter.elf 
arm-none-eabi-objdump -h -S  STM32F407VET6_NRF_Transmitter.elf  > "STM32F407VET6_NRF_Transmitter.list"
   text	   data	    bss	    dec	    hex	filename
  10364	     28	   1676	  12068	   2f24	STM32F407VET6_NRF_Transmitter.elf
Finished building: default.size.stdout
 
Finished building: STM32F407VET6_NRF_Transmitter.list
 
19:36:46 **** Incremental Build of configuration Debug for project STM32F407VET6_NRF_Transmitter ****
make -j4 all 
arm-none-eabi-gcc "../Core/Src/main.c" -mcpu=cortex-m4 -std=gnu11 -g3 -DDEBUG -DUSE_HAL_DRIVER -DSTM32F407xx -c -I../Core/Inc -I../Drivers/STM32F4xx_HAL_Driver/Inc -I../Drivers/STM32F4xx_HAL_Driver/Inc/Legacy -I../Drivers/CMSIS/Device/ST/STM32F4xx/Include -I../Drivers/CMSIS/Include -O0 -ffunction-sections -fdata-sections -Wall -fstack-usage -fcyclomatic-complexity -MMD -MP -MF"Core/Src/main.d" -MT"Core/Src/main.o" --specs=nano.specs -mfpu=fpv4-sp-d16 -mfloat-abi=hard -mthumb -o "Core/Src/main.o"
../Core/Src/main.c: In function 'main':
../Core/Src/main.c:118:34: warning: passing argument 1 of 'HAL_NRF24_transmitData' from incompatible pointer type [-Wincompatible-pointer-types]
  118 |           HAL_NRF24_transmitData(&controlPacket);
      |                                  ^~~~~~~~~~~~~~
      |                                  |
      |                                  ControlPacket *
In file included from ../Core/Inc/main.h:34,
                 from ../Core/Src/main.c:20:
../Core/Inc/NRF24L01.h:232:38: note: expected 'uint8_t *' {aka 'unsigned char *'} but argument is of type 'ControlPacket *'
  232 | void HAL_NRF24_transmitData(uint8_t *Data);
      |                             ~~~~~~~~~^~~~
arm-none-eabi-gcc -o "STM32F407VET6_NRF_Transmitter.elf" @"objects.list"   -mcpu=cortex-m4 -T"/home/leandro/Documents/code/micro/dev/STM32F407VET6_NRF_Transmitter/STM32F407VETX_FLASH.ld" --specs=nosys.specs -Wl,-Map="STM32F407VET6_NRF_Transmitter.map" -Wl,--gc-sections -static --specs=nano.specs -mfpu=fpv4-sp-d16 -mfloat-abi=hard -mthumb -Wl,--start-group -lc -lm -Wl,--end-group
Finished building target: STM32F407VET6_NRF_Transmitter.elf
 
arm-none-eabi-size   STM32F407VET6_NRF_Transmitter.elf 
arm-none-eabi-objdump -h -S  STM32F407VET6_NRF_Transmitter.elf  > "STM32F407VET6_NRF_Transmitter.list"
   text	   data	    bss	    dec	    hex	filename
  10360	     28	   1676	  12064	   2f20	STM32F407VET6_NRF_Transmitter.elf
Finished building: default.size.stdout
 
Finished building: STM32F407VET6_NRF_Transmitter.list
 
19:37:11 **** Incremental Build of configuration Debug for project STM32F407VET6_NRF_Transmitter ****
make -j4 all 
arm-none-eabi-gcc "../Core/Src/main.c" -mcpu=cortex-m4 -std=gnu11 -g3 -DDEBUG -DUSE_HAL_DRIVER -DSTM32F407xx -c -I../Core/Inc -I../Drivers/STM32F4xx_HAL_Driver/Inc -I../Drivers/STM32F4xx_HAL_Driver/Inc/Legacy -I../Drivers/CMSIS/Device/ST/STM32F4xx/Include -I../Drivers/CMSIS/Include -O0 -ffunction-sections -fdata-sections -Wall -fstack-usage -fcyclomatic-complexity -MMD -MP -MF"Core/Src/main.d" -MT"Core/Src/main.o" --specs=nano.specs -mfpu=fpv4-sp-d16 -mfloat-abi=hard -mthumb -o "Core/Src/main.o"
../Core/Src/main.c: In function 'main':
../Core/Src/main.c:115:34: warning: passing argument 1 of 'HAL_NRF24_transmitData' from incompatible pointer type [-Wincompatible-pointer-types]
  115 |           HAL_NRF24_transmitData(&controlPacket);
      |                                  ^~~~~~~~~~~~~~
      |                                  |
      |                                  ControlPacket *
In file included from ../Core/Inc/main.h:34,
                 from ../Core/Src/main.c:20:
../Core/Inc/NRF24L01.h:232:38: note: expected 'uint8_t *' {aka 'unsigned char *'} but argument is of type 'ControlPacket *'
  232 | void HAL_NRF24_transmitData(uint8_t *Data);
      |                             ~~~~~~~~~^~~~
arm-none-eabi-gcc -o "STM32F407VET6_NRF_Transmitter.elf" @"objects.list"   -mcpu=cortex-m4 -T"/home/leandro/Documents/code/micro/dev/STM32F407VET6_NRF_Transmitter/STM32F407VETX_FLASH.ld" --specs=nosys.specs -Wl,-Map="STM32F407VET6_NRF_Transmitter.map" -Wl,--gc-sections -static --specs=nano.specs -mfpu=fpv4-sp-d16 -mfloat-abi=hard -mthumb -Wl,--start-group -lc -lm -Wl,--end-group
Finished building target: STM32F407VET6_NRF_Transmitter.elf
 
arm-none-eabi-size   STM32F407VET6_NRF_Transmitter.elf 
arm-none-eabi-objdump -h -S  STM32F407VET6_NRF_Transmitter.elf  > "STM32F407VET6_NRF_Transmitter.list"
   text	   data	    bss	    dec	    hex	filename
  10320	     28	   1676	  12024	   2ef8	STM32F407VET6_NRF_Transmitter.elf
Finished building: default.size.stdout
 
Finished building: STM32F407VET6_NRF_Transmitter.list
 
19:37:29 **** Incremental Build of configuration Debug for project STM32F407VET6_NRF_Transmitter ****
make -j4 all 
arm-none-eabi-gcc "../Core/Src/main.c" -mcpu=cortex-m4 -std=gnu11 -g3 -DDEBUG -DUSE_HAL_DRIVER -DSTM32F407xx -c -I../Core/Inc -I../Drivers/STM32F4xx_HAL_Driver/Inc -I../Drivers/STM32F4xx_HAL_Driver/Inc/Legacy -I../Drivers/CMSIS/Device/ST/STM32F4xx/Include -I../Drivers/CMSIS/Include -O0 -ffunction-sections -fdata-sections -Wall -fstack-usage -fcyclomatic-complexity -MMD -MP -MF"Core/Src/main.d" -MT"Core/Src/main.o" --specs=nano.specs -mfpu=fpv4-sp-d16 -mfloat-abi=hard -mthumb -o "Core/Src/main.o"
../Core/Src/main.c: In function 'main':
../Core/Src/main.c:115:34: warning: passing argument 1 of 'HAL_NRF24_transmitData' from incompatible pointer type [-Wincompatible-pointer-types]
  115 |           HAL_NRF24_transmitData(&controlPacket);
      |                                  ^~~~~~~~~~~~~~
      |                                  |
      |                                  ControlPacket *
In file included from ../Core/Inc/main.h:34,
                 from ../Core/Src/main.c:20:
../Core/Inc/NRF24L01.h:232:38: note: expected 'uint8_t *' {aka 'unsigned char *'} but argument is of type 'ControlPacket *'
  232 | void HAL_NRF24_transmitData(uint8_t *Data);
      |                             ~~~~~~~~~^~~~
arm-none-eabi-gcc -o "STM32F407VET6_NRF_Transmitter.elf" @"objects.list"   -mcpu=cortex-m4 -T"/home/leandro/Documents/code/micro/dev/STM32F407VET6_NRF_Transmitter/STM32F407VETX_FLASH.ld" --specs=nosys.specs -Wl,-Map="STM32F407VET6_NRF_Transmitter.map" -Wl,--gc-sections -static --specs=nano.specs -mfpu=fpv4-sp-d16 -mfloat-abi=hard -mthumb -Wl,--start-group -lc -lm -Wl,--end-group
Finished building target: STM32F407VET6_NRF_Transmitter.elf
 
arm-none-eabi-size   STM32F407VET6_NRF_Transmitter.elf 
arm-none-eabi-objdump -h -S  STM32F407VET6_NRF_Transmitter.elf  > "STM32F407VET6_NRF_Transmitter.list"
   text	   data	    bss	    dec	    hex	filename
  10320	     28	   1676	  12024	   2ef8	STM32F407VET6_NRF_Transmitter.elf
Finished building: default.size.stdout
 
Finished building: STM32F407VET6_NRF_Transmitter.list
 
19:38:10 **** Incremental Build of configuration Debug for project STM32F407VET6_NRF_Transmitter ****
make -j4 all 
arm-none-eabi-size   STM32F407VET6_NRF_Transmitter.elf 
   text	   data	    bss	    dec	    hex	filename
  10320	     28	   1676	  12024	   2ef8	STM32F407VET6_NRF_Transmitter.elf
Finished building: default.size.stdout
 
19:38:22 **** Incremental Build of configuration Debug for project STM32F407VET6_NRF_Transmitter ****
make -j4 all 
arm-none-eabi-size   STM32F407VET6_NRF_Transmitter.elf 
   text	   data	    bss	    dec	    hex	filename
  10320	     28	   1676	  12024	   2ef8	STM32F407VET6_NRF_Transmitter.elf
Finished building: default.size.stdout
 
19:39:42 **** Incremental Build of configuration Debug for project STM32F407VET6_NRF_Transmitter ****
make -j4 all 
arm-none-eabi-gcc "../Core/Src/main.c" -mcpu=cortex-m4 -std=gnu11 -g3 -DDEBUG -DUSE_HAL_DRIVER -DSTM32F407xx -c -I../Core/Inc -I../Drivers/STM32F4xx_HAL_Driver/Inc -I../Drivers/STM32F4xx_HAL_Driver/Inc/Legacy -I../Drivers/CMSIS/Device/ST/STM32F4xx/Include -I../Drivers/CMSIS/Include -O0 -ffunction-sections -fdata-sections -Wall -fstack-usage -fcyclomatic-complexity -MMD -MP -MF"Core/Src/main.d" -MT"Core/Src/main.o" --specs=nano.specs -mfpu=fpv4-sp-d16 -mfloat-abi=hard -mthumb -o "Core/Src/main.o"
../Core/Src/main.c: In function 'main':
../Core/Src/main.c:119:34: warning: passing argument 1 of 'HAL_NRF24_transmitData' from incompatible pointer type [-Wincompatible-pointer-types]
  119 |           HAL_NRF24_transmitData(&controlPacket);
      |                                  ^~~~~~~~~~~~~~
      |                                  |
      |                                  ControlPacket *
In file included from ../Core/Inc/main.h:34,
                 from ../Core/Src/main.c:20:
../Core/Inc/NRF24L01.h:232:38: note: expected 'uint8_t *' {aka 'unsigned char *'} but argument is of type 'ControlPacket *'
  232 | void HAL_NRF24_transmitData(uint8_t *Data);
      |                             ~~~~~~~~~^~~~
arm-none-eabi-gcc -o "STM32F407VET6_NRF_Transmitter.elf" @"objects.list"   -mcpu=cortex-m4 -T"/home/leandro/Documents/code/micro/dev/STM32F407VET6_NRF_Transmitter/STM32F407VETX_FLASH.ld" --specs=nosys.specs -Wl,-Map="STM32F407VET6_NRF_Transmitter.map" -Wl,--gc-sections -static --specs=nano.specs -mfpu=fpv4-sp-d16 -mfloat-abi=hard -mthumb -Wl,--start-group -lc -lm -Wl,--end-group
Finished building target: STM32F407VET6_NRF_Transmitter.elf
 
arm-none-eabi-size   STM32F407VET6_NRF_Transmitter.elf 
arm-none-eabi-objdump -h -S  STM32F407VET6_NRF_Transmitter.elf  > "STM32F407VET6_NRF_Transmitter.list"
   text	   data	    bss	    dec	    hex	filename
  10360	     28	   1676	  12064	   2f20	STM32F407VET6_NRF_Transmitter.elf
Finished building: default.size.stdout
 
Finished building: STM32F407VET6_NRF_Transmitter.list
 
19:42:05 **** Incremental Build of configuration Debug for project STM32F407VET6_NRF_Transmitter ****
make -j4 all 
arm-none-eabi-gcc "../Core/Src/main.c" -mcpu=cortex-m4 -std=gnu11 -g3 -DDEBUG -DUSE_HAL_DRIVER -DSTM32F407xx -c -I../Core/Inc -I../Drivers/STM32F4xx_HAL_Driver/Inc -I../Drivers/STM32F4xx_HAL_Driver/Inc/Legacy -I../Drivers/CMSIS/Device/ST/STM32F4xx/Include -I../Drivers/CMSIS/Include -O0 -ffunction-sections -fdata-sections -Wall -fstack-usage -fcyclomatic-complexity -MMD -MP -MF"Core/Src/main.d" -MT"Core/Src/main.o" --specs=nano.specs -mfpu=fpv4-sp-d16 -mfloat-abi=hard -mthumb -o "Core/Src/main.o"
../Core/Src/main.c: In function 'main':
../Core/Src/main.c:118:42: warning: passing argument 1 of 'HAL_NRF24_transmitData' from incompatible pointer type [-Wincompatible-pointer-types]
  118 |                   HAL_NRF24_transmitData(&controlPacket);
      |                                          ^~~~~~~~~~~~~~
      |                                          |
      |                                          ControlPacket *
In file included from ../Core/Inc/main.h:34,
                 from ../Core/Src/main.c:20:
../Core/Inc/NRF24L01.h:232:38: note: expected 'uint8_t *' {aka 'unsigned char *'} but argument is of type 'ControlPacket *'
  232 | void HAL_NRF24_transmitData(uint8_t *Data);
      |                             ~~~~~~~~~^~~~
arm-none-eabi-gcc -o "STM32F407VET6_NRF_Transmitter.elf" @"objects.list"   -mcpu=cortex-m4 -T"/home/leandro/Documents/code/micro/dev/STM32F407VET6_NRF_Transmitter/STM32F407VETX_FLASH.ld" --specs=nosys.specs -Wl,-Map="STM32F407VET6_NRF_Transmitter.map" -Wl,--gc-sections -static --specs=nano.specs -mfpu=fpv4-sp-d16 -mfloat-abi=hard -mthumb -Wl,--start-group -lc -lm -Wl,--end-group
Finished building target: STM32F407VET6_NRF_Transmitter.elf
 
arm-none-eabi-size   STM32F407VET6_NRF_Transmitter.elf 
arm-none-eabi-objdump -h -S  STM32F407VET6_NRF_Transmitter.elf  > "STM32F407VET6_NRF_Transmitter.list"
   text	   data	    bss	    dec	    hex	filename
  10360	     28	   1676	  12064	   2f20	STM32F407VET6_NRF_Transmitter.elf
Finished building: default.size.stdout
 
Finished building: STM32F407VET6_NRF_Transmitter.list
 
19:43:15 **** Incremental Build of configuration Debug for project STM32F407VET6_NRF_Transmitter ****
make -j4 all 
arm-none-eabi-gcc "../Core/Src/main.c" -mcpu=cortex-m4 -std=gnu11 -g3 -DDEBUG -DUSE_HAL_DRIVER -DSTM32F407xx -c -I../Core/Inc -I../Drivers/STM32F4xx_HAL_Driver/Inc -I../Drivers/STM32F4xx_HAL_Driver/Inc/Legacy -I../Drivers/CMSIS/Device/ST/STM32F4xx/Include -I../Drivers/CMSIS/Include -O0 -ffunction-sections -fdata-sections -Wall -fstack-usage -fcyclomatic-complexity -MMD -MP -MF"Core/Src/main.d" -MT"Core/Src/main.o" --specs=nano.specs -mfpu=fpv4-sp-d16 -mfloat-abi=hard -mthumb -o "Core/Src/main.o"
../Core/Src/main.c: In function 'main':
../Core/Src/main.c:117:42: warning: passing argument 1 of 'HAL_NRF24_transmitData' from incompatible pointer type [-Wincompatible-pointer-types]
  117 |                   HAL_NRF24_transmitData(&controlPacket);
      |                                          ^~~~~~~~~~~~~~
      |                                          |
      |                                          ControlPacket *
In file included from ../Core/Inc/main.h:34,
                 from ../Core/Src/main.c:20:
../Core/Inc/NRF24L01.h:232:38: note: expected 'uint8_t *' {aka 'unsigned char *'} but argument is of type 'ControlPacket *'
  232 | void HAL_NRF24_transmitData(uint8_t *Data);
      |                             ~~~~~~~~~^~~~
arm-none-eabi-gcc -o "STM32F407VET6_NRF_Transmitter.elf" @"objects.list"   -mcpu=cortex-m4 -T"/home/leandro/Documents/code/micro/dev/STM32F407VET6_NRF_Transmitter/STM32F407VETX_FLASH.ld" --specs=nosys.specs -Wl,-Map="STM32F407VET6_NRF_Transmitter.map" -Wl,--gc-sections -static --specs=nano.specs -mfpu=fpv4-sp-d16 -mfloat-abi=hard -mthumb -Wl,--start-group -lc -lm -Wl,--end-group
Finished building target: STM32F407VET6_NRF_Transmitter.elf
 
arm-none-eabi-size   STM32F407VET6_NRF_Transmitter.elf 
arm-none-eabi-objdump -h -S  STM32F407VET6_NRF_Transmitter.elf  > "STM32F407VET6_NRF_Transmitter.list"
   text	   data	    bss	    dec	    hex	filename
  10364	     28	   1676	  12068	   2f24	STM32F407VET6_NRF_Transmitter.elf
Finished building: default.size.stdout
 
Finished building: STM32F407VET6_NRF_Transmitter.list
 
19:48:22 **** Incremental Build of configuration Debug for project STM32F407VET6_NRF_Transmitter ****
make -j4 all 
arm-none-eabi-gcc "../Core/Src/main.c" -mcpu=cortex-m4 -std=gnu11 -g3 -DDEBUG -DUSE_HAL_DRIVER -DSTM32F407xx -c -I../Core/Inc -I../Drivers/STM32F4xx_HAL_Driver/Inc -I../Drivers/STM32F4xx_HAL_Driver/Inc/Legacy -I../Drivers/CMSIS/Device/ST/STM32F4xx/Include -I../Drivers/CMSIS/Include -O0 -ffunction-sections -fdata-sections -Wall -fstack-usage -fcyclomatic-complexity -MMD -MP -MF"Core/Src/main.d" -MT"Core/Src/main.o" --specs=nano.specs -mfpu=fpv4-sp-d16 -mfloat-abi=hard -mthumb -o "Core/Src/main.o"
../Core/Src/main.c: In function 'main':
../Core/Src/main.c:117:42: warning: passing argument 1 of 'HAL_NRF24_transmitData' from incompatible pointer type [-Wincompatible-pointer-types]
  117 |                   HAL_NRF24_transmitData(&controlPacket);
      |                                          ^~~~~~~~~~~~~~
      |                                          |
      |                                          ControlPacket *
In file included from ../Core/Inc/main.h:34,
                 from ../Core/Src/main.c:20:
../Core/Inc/NRF24L01.h:232:38: note: expected 'uint8_t *' {aka 'unsigned char *'} but argument is of type 'ControlPacket *'
  232 | void HAL_NRF24_transmitData(uint8_t *Data);
      |                             ~~~~~~~~~^~~~
arm-none-eabi-gcc -o "STM32F407VET6_NRF_Transmitter.elf" @"objects.list"   -mcpu=cortex-m4 -T"/home/leandro/Documents/code/micro/dev/STM32F407VET6_NRF_Transmitter/STM32F407VETX_FLASH.ld" --specs=nosys.specs -Wl,-Map="STM32F407VET6_NRF_Transmitter.map" -Wl,--gc-sections -static --specs=nano.specs -mfpu=fpv4-sp-d16 -mfloat-abi=hard -mthumb -Wl,--start-group -lc -lm -Wl,--end-group
Finished building target: STM32F407VET6_NRF_Transmitter.elf
 
arm-none-eabi-size   STM32F407VET6_NRF_Transmitter.elf 
arm-none-eabi-objdump -h -S  STM32F407VET6_NRF_Transmitter.elf  > "STM32F407VET6_NRF_Transmitter.list"
   text	   data	    bss	    dec	    hex	filename
  10356	     28	   1676	  12060	   2f1c	STM32F407VET6_NRF_Transmitter.elf
Finished building: default.size.stdout
 
Finished building: STM32F407VET6_NRF_Transmitter.list
 
19:49:09 **** Incremental Build of configuration Debug for project STM32F407VET6_NRF_Transmitter ****
make -j4 all 
arm-none-eabi-gcc "../Core/Src/main.c" -mcpu=cortex-m4 -std=gnu11 -g3 -DDEBUG -DUSE_HAL_DRIVER -DSTM32F407xx -c -I../Core/Inc -I../Drivers/STM32F4xx_HAL_Driver/Inc -I../Drivers/STM32F4xx_HAL_Driver/Inc/Legacy -I../Drivers/CMSIS/Device/ST/STM32F4xx/Include -I../Drivers/CMSIS/Include -O0 -ffunction-sections -fdata-sections -Wall -fstack-usage -fcyclomatic-complexity -MMD -MP -MF"Core/Src/main.d" -MT"Core/Src/main.o" --specs=nano.specs -mfpu=fpv4-sp-d16 -mfloat-abi=hard -mthumb -o "Core/Src/main.o"
../Core/Src/main.c: In function 'main':
../Core/Src/main.c:117:42: warning: passing argument 1 of 'HAL_NRF24_transmitData' from incompatible pointer type [-Wincompatible-pointer-types]
  117 |                   HAL_NRF24_transmitData(&controlPacket);
      |                                          ^~~~~~~~~~~~~~
      |                                          |
      |                                          ControlPacket *
In file included from ../Core/Inc/main.h:34,
                 from ../Core/Src/main.c:20:
../Core/Inc/NRF24L01.h:232:38: note: expected 'uint8_t *' {aka 'unsigned char *'} but argument is of type 'ControlPacket *'
  232 | void HAL_NRF24_transmitData(uint8_t *Data);
      |                             ~~~~~~~~~^~~~
arm-none-eabi-gcc -o "STM32F407VET6_NRF_Transmitter.elf" @"objects.list"   -mcpu=cortex-m4 -T"/home/leandro/Documents/code/micro/dev/STM32F407VET6_NRF_Transmitter/STM32F407VETX_FLASH.ld" --specs=nosys.specs -Wl,-Map="STM32F407VET6_NRF_Transmitter.map" -Wl,--gc-sections -static --specs=nano.specs -mfpu=fpv4-sp-d16 -mfloat-abi=hard -mthumb -Wl,--start-group -lc -lm -Wl,--end-group
Finished building target: STM32F407VET6_NRF_Transmitter.elf
 
arm-none-eabi-size   STM32F407VET6_NRF_Transmitter.elf 
arm-none-eabi-objdump -h -S  STM32F407VET6_NRF_Transmitter.elf  > "STM32F407VET6_NRF_Transmitter.list"
   text	   data	    bss	    dec	    hex	filename
  10344	     28	   1676	  12048	   2f10	STM32F407VET6_NRF_Transmitter.elf
Finished building: default.size.stdout
 
Finished building: STM32F407VET6_NRF_Transmitter.list
 
19:51:18 **** Incremental Build of configuration Debug for project STM32F407VET6_NRF_Transmitter ****
make -j4 all 
arm-none-eabi-size   STM32F407VET6_NRF_Transmitter.elf 
   text	   data	    bss	    dec	    hex	filename
  10344	     28	   1676	  12048	   2f10	STM32F407VET6_NRF_Transmitter.elf
Finished building: default.size.stdout
 
19:53:56 **** Incremental Build of configuration Debug for project STM32F407VET6_NRF_Transmitter ****
make -j4 all 
arm-none-eabi-gcc "../Core/Src/main.c" -mcpu=cortex-m4 -std=gnu11 -g3 -DDEBUG -DUSE_HAL_DRIVER -DSTM32F407xx -c -I../Core/Inc -I../Drivers/STM32F4xx_HAL_Driver/Inc -I../Drivers/STM32F4xx_HAL_Driver/Inc/Legacy -I../Drivers/CMSIS/Device/ST/STM32F4xx/Include -I../Drivers/CMSIS/Include -O0 -ffunction-sections -fdata-sections -Wall -fstack-usage -fcyclomatic-complexity -MMD -MP -MF"Core/Src/main.d" -MT"Core/Src/main.o" --specs=nano.specs -mfpu=fpv4-sp-d16 -mfloat-abi=hard -mthumb -o "Core/Src/main.o"
../Core/Src/main.c: In function 'main':
../Core/Src/main.c:117:42: warning: passing argument 1 of 'HAL_NRF24_transmitData' from incompatible pointer type [-Wincompatible-pointer-types]
  117 |                   HAL_NRF24_transmitData(&controlPacket);
      |                                          ^~~~~~~~~~~~~~
      |                                          |
      |                                          ControlPacket *
In file included from ../Core/Inc/main.h:34,
                 from ../Core/Src/main.c:20:
../Core/Inc/NRF24L01.h:232:38: note: expected 'uint8_t *' {aka 'unsigned char *'} but argument is of type 'ControlPacket *'
  232 | void HAL_NRF24_transmitData(uint8_t *Data);
      |                             ~~~~~~~~~^~~~
arm-none-eabi-gcc -o "STM32F407VET6_NRF_Transmitter.elf" @"objects.list"   -mcpu=cortex-m4 -T"/home/leandro/Documents/code/micro/dev/STM32F407VET6_NRF_Transmitter/STM32F407VETX_FLASH.ld" --specs=nosys.specs -Wl,-Map="STM32F407VET6_NRF_Transmitter.map" -Wl,--gc-sections -static --specs=nano.specs -mfpu=fpv4-sp-d16 -mfloat-abi=hard -mthumb -Wl,--start-group -lc -lm -Wl,--end-group
Finished building target: STM32F407VET6_NRF_Transmitter.elf
 
arm-none-eabi-size   STM32F407VET6_NRF_Transmitter.elf 
arm-none-eabi-objdump -h -S  STM32F407VET6_NRF_Transmitter.elf  > "STM32F407VET6_NRF_Transmitter.list"
   text	   data	    bss	    dec	    hex	filename
  10360	     28	   1676	  12064	   2f20	STM32F407VET6_NRF_Transmitter.elf
Finished building: default.size.stdout
 
Finished building: STM32F407VET6_NRF_Transmitter.list
 
19:54:28 **** Build of configuration Debug for project STM32F407VET6_NRF_Receiver ****
make -j4 all 
arm-none-eabi-gcc "../Drivers/STM32F4xx_HAL_Driver/Src/stm32f4xx_hal.c" -mcpu=cortex-m4 -std=gnu11 -g3 -DDEBUG -DUSE_HAL_DRIVER -DSTM32F407xx -c -I../Core/Inc -I../Drivers/STM32F4xx_HAL_Driver/Inc -I../Drivers/STM32F4xx_HAL_Driver/Inc/Legacy -I../Drivers/CMSIS/Device/ST/STM32F4xx/Include -I../Drivers/CMSIS/Include -O0 -ffunction-sections -fdata-sections -Wall -fstack-usage -fcyclomatic-complexity -MMD -MP -MF"Drivers/STM32F4xx_HAL_Driver/Src/stm32f4xx_hal.d" -MT"Drivers/STM32F4xx_HAL_Driver/Src/stm32f4xx_hal.o" --specs=nano.specs -mfpu=fpv4-sp-d16 -mfloat-abi=hard -mthumb -o "Drivers/STM32F4xx_HAL_Driver/Src/stm32f4xx_hal.o"
arm-none-eabi-gcc "../Drivers/STM32F4xx_HAL_Driver/Src/stm32f4xx_hal_cortex.c" -mcpu=cortex-m4 -std=gnu11 -g3 -DDEBUG -DUSE_HAL_DRIVER -DSTM32F407xx -c -I../Core/Inc -I../Drivers/STM32F4xx_HAL_Driver/Inc -I../Drivers/STM32F4xx_HAL_Driver/Inc/Legacy -I../Drivers/CMSIS/Device/ST/STM32F4xx/Include -I../Drivers/CMSIS/Include -O0 -ffunction-sections -fdata-sections -Wall -fstack-usage -fcyclomatic-complexity -MMD -MP -MF"Drivers/STM32F4xx_HAL_Driver/Src/stm32f4xx_hal_cortex.d" -MT"Drivers/STM32F4xx_HAL_Driver/Src/stm32f4xx_hal_cortex.o" --specs=nano.specs -mfpu=fpv4-sp-d16 -mfloat-abi=hard -mthumb -o "Drivers/STM32F4xx_HAL_Driver/Src/stm32f4xx_hal_cortex.o"
arm-none-eabi-gcc "../Drivers/STM32F4xx_HAL_Driver/Src/stm32f4xx_hal_dma.c" -mcpu=cortex-m4 -std=gnu11 -g3 -DDEBUG -DUSE_HAL_DRIVER -DSTM32F407xx -c -I../Core/Inc -I../Drivers/STM32F4xx_HAL_Driver/Inc -I../Drivers/STM32F4xx_HAL_Driver/Inc/Legacy -I../Drivers/CMSIS/Device/ST/STM32F4xx/Include -I../Drivers/CMSIS/Include -O0 -ffunction-sections -fdata-sections -Wall -fstack-usage -fcyclomatic-complexity -MMD -MP -MF"Drivers/STM32F4xx_HAL_Driver/Src/stm32f4xx_hal_dma.d" -MT"Drivers/STM32F4xx_HAL_Driver/Src/stm32f4xx_hal_dma.o" --specs=nano.specs -mfpu=fpv4-sp-d16 -mfloat-abi=hard -mthumb -o "Drivers/STM32F4xx_HAL_Driver/Src/stm32f4xx_hal_dma.o"
arm-none-eabi-gcc "../Drivers/STM32F4xx_HAL_Driver/Src/stm32f4xx_hal_dma_ex.c" -mcpu=cortex-m4 -std=gnu11 -g3 -DDEBUG -DUSE_HAL_DRIVER -DSTM32F407xx -c -I../Core/Inc -I../Drivers/STM32F4xx_HAL_Driver/Inc -I../Drivers/STM32F4xx_HAL_Driver/Inc/Legacy -I../Drivers/CMSIS/Device/ST/STM32F4xx/Include -I../Drivers/CMSIS/Include -O0 -ffunction-sections -fdata-sections -Wall -fstack-usage -fcyclomatic-complexity -MMD -MP -MF"Drivers/STM32F4xx_HAL_Driver/Src/stm32f4xx_hal_dma_ex.d" -MT"Drivers/STM32F4xx_HAL_Driver/Src/stm32f4xx_hal_dma_ex.o" --specs=nano.specs -mfpu=fpv4-sp-d16 -mfloat-abi=hard -mthumb -o "Drivers/STM32F4xx_HAL_Driver/Src/stm32f4xx_hal_dma_ex.o"
arm-none-eabi-gcc "../Drivers/STM32F4xx_HAL_Driver/Src/stm32f4xx_hal_exti.c" -mcpu=cortex-m4 -std=gnu11 -g3 -DDEBUG -DUSE_HAL_DRIVER -DSTM32F407xx -c -I../Core/Inc -I../Drivers/STM32F4xx_HAL_Driver/Inc -I../Drivers/STM32F4xx_HAL_Driver/Inc/Legacy -I../Drivers/CMSIS/Device/ST/STM32F4xx/Include -I../Drivers/CMSIS/Include -O0 -ffunction-sections -fdata-sections -Wall -fstack-usage -fcyclomatic-complexity -MMD -MP -MF"Drivers/STM32F4xx_HAL_Driver/Src/stm32f4xx_hal_exti.d" -MT"Drivers/STM32F4xx_HAL_Driver/Src/stm32f4xx_hal_exti.o" --specs=nano.specs -mfpu=fpv4-sp-d16 -mfloat-abi=hard -mthumb -o "Drivers/STM32F4xx_HAL_Driver/Src/stm32f4xx_hal_exti.o"
arm-none-eabi-gcc "../Drivers/STM32F4xx_HAL_Driver/Src/stm32f4xx_hal_flash.c" -mcpu=cortex-m4 -std=gnu11 -g3 -DDEBUG -DUSE_HAL_DRIVER -DSTM32F407xx -c -I../Core/Inc -I../Drivers/STM32F4xx_HAL_Driver/Inc -I../Drivers/STM32F4xx_HAL_Driver/Inc/Legacy -I../Drivers/CMSIS/Device/ST/STM32F4xx/Include -I../Drivers/CMSIS/Include -O0 -ffunction-sections -fdata-sections -Wall -fstack-usage -fcyclomatic-complexity -MMD -MP -MF"Drivers/STM32F4xx_HAL_Driver/Src/stm32f4xx_hal_flash.d" -MT"Drivers/STM32F4xx_HAL_Driver/Src/stm32f4xx_hal_flash.o" --specs=nano.specs -mfpu=fpv4-sp-d16 -mfloat-abi=hard -mthumb -o "Drivers/STM32F4xx_HAL_Driver/Src/stm32f4xx_hal_flash.o"
arm-none-eabi-gcc "../Drivers/STM32F4xx_HAL_Driver/Src/stm32f4xx_hal_flash_ex.c" -mcpu=cortex-m4 -std=gnu11 -g3 -DDEBUG -DUSE_HAL_DRIVER -DSTM32F407xx -c -I../Core/Inc -I../Drivers/STM32F4xx_HAL_Driver/Inc -I../Drivers/STM32F4xx_HAL_Driver/Inc/Legacy -I../Drivers/CMSIS/Device/ST/STM32F4xx/Include -I../Drivers/CMSIS/Include -O0 -ffunction-sections -fdata-sections -Wall -fstack-usage -fcyclomatic-complexity -MMD -MP -MF"Drivers/STM32F4xx_HAL_Driver/Src/stm32f4xx_hal_flash_ex.d" -MT"Drivers/STM32F4xx_HAL_Driver/Src/stm32f4xx_hal_flash_ex.o" --specs=nano.specs -mfpu=fpv4-sp-d16 -mfloat-abi=hard -mthumb -o "Drivers/STM32F4xx_HAL_Driver/Src/stm32f4xx_hal_flash_ex.o"
arm-none-eabi-gcc "../Drivers/STM32F4xx_HAL_Driver/Src/stm32f4xx_hal_flash_ramfunc.c" -mcpu=cortex-m4 -std=gnu11 -g3 -DDEBUG -DUSE_HAL_DRIVER -DSTM32F407xx -c -I../Core/Inc -I../Drivers/STM32F4xx_HAL_Driver/Inc -I../Drivers/STM32F4xx_HAL_Driver/Inc/Legacy -I../Drivers/CMSIS/Device/ST/STM32F4xx/Include -I../Drivers/CMSIS/Include -O0 -ffunction-sections -fdata-sections -Wall -fstack-usage -fcyclomatic-complexity -MMD -MP -MF"Drivers/STM32F4xx_HAL_Driver/Src/stm32f4xx_hal_flash_ramfunc.d" -MT"Drivers/STM32F4xx_HAL_Driver/Src/stm32f4xx_hal_flash_ramfunc.o" --specs=nano.specs -mfpu=fpv4-sp-d16 -mfloat-abi=hard -mthumb -o "Drivers/STM32F4xx_HAL_Driver/Src/stm32f4xx_hal_flash_ramfunc.o"
arm-none-eabi-gcc "../Drivers/STM32F4xx_HAL_Driver/Src/stm32f4xx_hal_gpio.c" -mcpu=cortex-m4 -std=gnu11 -g3 -DDEBUG -DUSE_HAL_DRIVER -DSTM32F407xx -c -I../Core/Inc -I../Drivers/STM32F4xx_HAL_Driver/Inc -I../Drivers/STM32F4xx_HAL_Driver/Inc/Legacy -I../Drivers/CMSIS/Device/ST/STM32F4xx/Include -I../Drivers/CMSIS/Include -O0 -ffunction-sections -fdata-sections -Wall -fstack-usage -fcyclomatic-complexity -MMD -MP -MF"Drivers/STM32F4xx_HAL_Driver/Src/stm32f4xx_hal_gpio.d" -MT"Drivers/STM32F4xx_HAL_Driver/Src/stm32f4xx_hal_gpio.o" --specs=nano.specs -mfpu=fpv4-sp-d16 -mfloat-abi=hard -mthumb -o "Drivers/STM32F4xx_HAL_Driver/Src/stm32f4xx_hal_gpio.o"
arm-none-eabi-gcc "../Drivers/STM32F4xx_HAL_Driver/Src/stm32f4xx_hal_pwr.c" -mcpu=cortex-m4 -std=gnu11 -g3 -DDEBUG -DUSE_HAL_DRIVER -DSTM32F407xx -c -I../Core/Inc -I../Drivers/STM32F4xx_HAL_Driver/Inc -I../Drivers/STM32F4xx_HAL_Driver/Inc/Legacy -I../Drivers/CMSIS/Device/ST/STM32F4xx/Include -I../Drivers/CMSIS/Include -O0 -ffunction-sections -fdata-sections -Wall -fstack-usage -fcyclomatic-complexity -MMD -MP -MF"Drivers/STM32F4xx_HAL_Driver/Src/stm32f4xx_hal_pwr.d" -MT"Drivers/STM32F4xx_HAL_Driver/Src/stm32f4xx_hal_pwr.o" --specs=nano.specs -mfpu=fpv4-sp-d16 -mfloat-abi=hard -mthumb -o "Drivers/STM32F4xx_HAL_Driver/Src/stm32f4xx_hal_pwr.o"
arm-none-eabi-gcc "../Drivers/STM32F4xx_HAL_Driver/Src/stm32f4xx_hal_pwr_ex.c" -mcpu=cortex-m4 -std=gnu11 -g3 -DDEBUG -DUSE_HAL_DRIVER -DSTM32F407xx -c -I../Core/Inc -I../Drivers/STM32F4xx_HAL_Driver/Inc -I../Drivers/STM32F4xx_HAL_Driver/Inc/Legacy -I../Drivers/CMSIS/Device/ST/STM32F4xx/Include -I../Drivers/CMSIS/Include -O0 -ffunction-sections -fdata-sections -Wall -fstack-usage -fcyclomatic-complexity -MMD -MP -MF"Drivers/STM32F4xx_HAL_Driver/Src/stm32f4xx_hal_pwr_ex.d" -MT"Drivers/STM32F4xx_HAL_Driver/Src/stm32f4xx_hal_pwr_ex.o" --specs=nano.specs -mfpu=fpv4-sp-d16 -mfloat-abi=hard -mthumb -o "Drivers/STM32F4xx_HAL_Driver/Src/stm32f4xx_hal_pwr_ex.o"
arm-none-eabi-gcc "../Drivers/STM32F4xx_HAL_Driver/Src/stm32f4xx_hal_rcc.c" -mcpu=cortex-m4 -std=gnu11 -g3 -DDEBUG -DUSE_HAL_DRIVER -DSTM32F407xx -c -I../Core/Inc -I../Drivers/STM32F4xx_HAL_Driver/Inc -I../Drivers/STM32F4xx_HAL_Driver/Inc/Legacy -I../Drivers/CMSIS/Device/ST/STM32F4xx/Include -I../Drivers/CMSIS/Include -O0 -ffunction-sections -fdata-sections -Wall -fstack-usage -fcyclomatic-complexity -MMD -MP -MF"Drivers/STM32F4xx_HAL_Driver/Src/stm32f4xx_hal_rcc.d" -MT"Drivers/STM32F4xx_HAL_Driver/Src/stm32f4xx_hal_rcc.o" --specs=nano.specs -mfpu=fpv4-sp-d16 -mfloat-abi=hard -mthumb -o "Drivers/STM32F4xx_HAL_Driver/Src/stm32f4xx_hal_rcc.o"
arm-none-eabi-gcc "../Drivers/STM32F4xx_HAL_Driver/Src/stm32f4xx_hal_rcc_ex.c" -mcpu=cortex-m4 -std=gnu11 -g3 -DDEBUG -DUSE_HAL_DRIVER -DSTM32F407xx -c -I../Core/Inc -I../Drivers/STM32F4xx_HAL_Driver/Inc -I../Drivers/STM32F4xx_HAL_Driver/Inc/Legacy -I../Drivers/CMSIS/Device/ST/STM32F4xx/Include -I../Drivers/CMSIS/Include -O0 -ffunction-sections -fdata-sections -Wall -fstack-usage -fcyclomatic-complexity -MMD -MP -MF"Drivers/STM32F4xx_HAL_Driver/Src/stm32f4xx_hal_rcc_ex.d" -MT"Drivers/STM32F4xx_HAL_Driver/Src/stm32f4xx_hal_rcc_ex.o" --specs=nano.specs -mfpu=fpv4-sp-d16 -mfloat-abi=hard -mthumb -o "Drivers/STM32F4xx_HAL_Driver/Src/stm32f4xx_hal_rcc_ex.o"
arm-none-eabi-gcc -o "STM32F407VET6_NRF_Receiver.elf" @"objects.list"   -mcpu=cortex-m4 -T"/home/leandro/Documents/code/micro/dev/STM32F407VET6_NRF_Receiver/STM32F407VETX_FLASH.ld" --specs=nosys.specs -Wl,-Map="STM32F407VET6_NRF_Receiver.map" -Wl,--gc-sections -static --specs=nano.specs -mfpu=fpv4-sp-d16 -mfloat-abi=hard -mthumb -Wl,--start-group -lc -lm -Wl,--end-group
Finished building target: STM32F407VET6_NRF_Receiver.elf
 
arm-none-eabi-size   STM32F407VET6_NRF_Receiver.elf 
arm-none-eabi-objdump -h -S  STM32F407VET6_NRF_Receiver.elf  > "STM32F407VET6_NRF_Receiver.list"
   text	   data	    bss	    dec	    hex	filename
  10276	     28	   1668	  11972	   2ec4	STM32F407VET6_NRF_Receiver.elf
Finished building: default.size.stdout
 
Finished building: STM32F407VET6_NRF_Receiver.list
 
19:54:30 **** Incremental Build of configuration Debug for project STM32F407VET6_NRF_Transmitter ****
make -j4 all 
arm-none-eabi-size   STM32F407VET6_NRF_Transmitter.elf 
   text	   data	    bss	    dec	    hex	filename
  10360	     28	   1676	  12064	   2f20	STM32F407VET6_NRF_Transmitter.elf
Finished building: default.size.stdout
 

**** Build of configuration Debug for project STM32H747XI_SuportProject_CM4 ****

Nothing to build for project STM32H747XI_SuportProject_CM4

**** Build of configuration Debug for project STM32H747XI_SuportProject_CM7 ****

Nothing to build for project STM32H747XI_SuportProject_CM7
19:55:57 **** Incremental Build of configuration Debug for project STM32F407VET6_NRF_Transmitter ****
make -j4 all 
arm-none-eabi-size   STM32F407VET6_NRF_Transmitter.elf 
   text	   data	    bss	    dec	    hex	filename
  10360	     28	   1676	  12064	   2f20	STM32F407VET6_NRF_Transmitter.elf
Finished building: default.size.stdout
 
19:56:17 **** Incremental Build of configuration Debug for project STM32F407VET6_NRF_Transmitter ****
make -j4 all 
arm-none-eabi-gcc "../Core/Src/main.c" -mcpu=cortex-m4 -std=gnu11 -g3 -DDEBUG -DUSE_HAL_DRIVER -DSTM32F407xx -c -I../Core/Inc -I../Drivers/STM32F4xx_HAL_Driver/Inc -I../Drivers/STM32F4xx_HAL_Driver/Inc/Legacy -I../Drivers/CMSIS/Device/ST/STM32F4xx/Include -I../Drivers/CMSIS/Include -O0 -ffunction-sections -fdata-sections -Wall -fstack-usage -fcyclomatic-complexity -MMD -MP -MF"Core/Src/main.d" -MT"Core/Src/main.o" --specs=nano.specs -mfpu=fpv4-sp-d16 -mfloat-abi=hard -mthumb -o "Core/Src/main.o"
../Core/Src/main.c: In function 'main':
../Core/Src/main.c:117:42: warning: passing argument 1 of 'HAL_NRF24_transmitData' from incompatible pointer type [-Wincompatible-pointer-types]
  117 |                   HAL_NRF24_transmitData(&controlPacket);
      |                                          ^~~~~~~~~~~~~~
      |                                          |
      |                                          ControlPacket *
In file included from ../Core/Inc/main.h:34,
                 from ../Core/Src/main.c:20:
../Core/Inc/NRF24L01.h:232:38: note: expected 'uint8_t *' {aka 'unsigned char *'} but argument is of type 'ControlPacket *'
  232 | void HAL_NRF24_transmitData(uint8_t *Data);
      |                             ~~~~~~~~~^~~~
arm-none-eabi-gcc -o "STM32F407VET6_NRF_Transmitter.elf" @"objects.list"   -mcpu=cortex-m4 -T"/home/leandro/Documents/code/micro/dev/STM32F407VET6_NRF_Transmitter/STM32F407VETX_FLASH.ld" --specs=nosys.specs -Wl,-Map="STM32F407VET6_NRF_Transmitter.map" -Wl,--gc-sections -static --specs=nano.specs -mfpu=fpv4-sp-d16 -mfloat-abi=hard -mthumb -Wl,--start-group -lc -lm -Wl,--end-group
Finished building target: STM32F407VET6_NRF_Transmitter.elf
 
arm-none-eabi-size   STM32F407VET6_NRF_Transmitter.elf 
arm-none-eabi-objdump -h -S  STM32F407VET6_NRF_Transmitter.elf  > "STM32F407VET6_NRF_Transmitter.list"
   text	   data	    bss	    dec	    hex	filename
  10356	     28	   1676	  12060	   2f1c	STM32F407VET6_NRF_Transmitter.elf
Finished building: default.size.stdout
 
Finished building: STM32F407VET6_NRF_Transmitter.list
 
19:57:30 **** Incremental Build of configuration Debug for project STM32F407VET6_NRF_Transmitter ****
make -j4 all 
arm-none-eabi-gcc "../Core/Src/main.c" -mcpu=cortex-m4 -std=gnu11 -g3 -DDEBUG -DUSE_HAL_DRIVER -DSTM32F407xx -c -I../Core/Inc -I../Drivers/STM32F4xx_HAL_Driver/Inc -I../Drivers/STM32F4xx_HAL_Driver/Inc/Legacy -I../Drivers/CMSIS/Device/ST/STM32F4xx/Include -I../Drivers/CMSIS/Include -O0 -ffunction-sections -fdata-sections -Wall -fstack-usage -fcyclomatic-complexity -MMD -MP -MF"Core/Src/main.d" -MT"Core/Src/main.o" --specs=nano.specs -mfpu=fpv4-sp-d16 -mfloat-abi=hard -mthumb -o "Core/Src/main.o"
../Core/Src/main.c: In function 'main':
../Core/Src/main.c:117:42: warning: passing argument 1 of 'HAL_NRF24_transmitData' from incompatible pointer type [-Wincompatible-pointer-types]
  117 |                   HAL_NRF24_transmitData(&controlPacket);
      |                                          ^~~~~~~~~~~~~~
      |                                          |
      |                                          ControlPacket *
In file included from ../Core/Inc/main.h:34,
                 from ../Core/Src/main.c:20:
../Core/Inc/NRF24L01.h:232:38: note: expected 'uint8_t *' {aka 'unsigned char *'} but argument is of type 'ControlPacket *'
  232 | void HAL_NRF24_transmitData(uint8_t *Data);
      |                             ~~~~~~~~~^~~~
arm-none-eabi-gcc -o "STM32F407VET6_NRF_Transmitter.elf" @"objects.list"   -mcpu=cortex-m4 -T"/home/leandro/Documents/code/micro/dev/STM32F407VET6_NRF_Transmitter/STM32F407VETX_FLASH.ld" --specs=nosys.specs -Wl,-Map="STM32F407VET6_NRF_Transmitter.map" -Wl,--gc-sections -static --specs=nano.specs -mfpu=fpv4-sp-d16 -mfloat-abi=hard -mthumb -Wl,--start-group -lc -lm -Wl,--end-group
Finished building target: STM32F407VET6_NRF_Transmitter.elf
 
arm-none-eabi-size   STM32F407VET6_NRF_Transmitter.elf 
arm-none-eabi-objdump -h -S  STM32F407VET6_NRF_Transmitter.elf  > "STM32F407VET6_NRF_Transmitter.list"
   text	   data	    bss	    dec	    hex	filename
  10368	     28	   1676	  12072	   2f28	STM32F407VET6_NRF_Transmitter.elf
Finished building: default.size.stdout
 
Finished building: STM32F407VET6_NRF_Transmitter.list
 
19:57:43 **** Incremental Build of configuration Debug for project STM32F407VET6_NRF_Transmitter ****
make -j4 all 
arm-none-eabi-size   STM32F407VET6_NRF_Transmitter.elf 
   text	   data	    bss	    dec	    hex	filename
  10368	     28	   1676	  12072	   2f28	STM32F407VET6_NRF_Transmitter.elf
Finished building: default.size.stdout
 
19:59:16 **** Incremental Build of configuration Debug for project STM32F407VET6_NRF_Transmitter ****
make -j4 all 
arm-none-eabi-gcc "../Core/Src/main.c" -mcpu=cortex-m4 -std=gnu11 -g3 -DDEBUG -DUSE_HAL_DRIVER -DSTM32F407xx -c -I../Core/Inc -I../Drivers/STM32F4xx_HAL_Driver/Inc -I../Drivers/STM32F4xx_HAL_Driver/Inc/Legacy -I../Drivers/CMSIS/Device/ST/STM32F4xx/Include -I../Drivers/CMSIS/Include -O0 -ffunction-sections -fdata-sections -Wall -fstack-usage -fcyclomatic-complexity -MMD -MP -MF"Core/Src/main.d" -MT"Core/Src/main.o" --specs=nano.specs -mfpu=fpv4-sp-d16 -mfloat-abi=hard -mthumb -o "Core/Src/main.o"
../Core/Src/main.c: In function 'main':
../Core/Src/main.c:117:42: warning: passing argument 1 of 'HAL_NRF24_transmitData' from incompatible pointer type [-Wincompatible-pointer-types]
  117 |                   HAL_NRF24_transmitData(&controlPacket);
      |                                          ^~~~~~~~~~~~~~
      |                                          |
      |                                          ControlPacket *
In file included from ../Core/Inc/main.h:34,
                 from ../Core/Src/main.c:20:
../Core/Inc/NRF24L01.h:232:38: note: expected 'uint8_t *' {aka 'unsigned char *'} but argument is of type 'ControlPacket *'
  232 | void HAL_NRF24_transmitData(uint8_t *Data);
      |                             ~~~~~~~~~^~~~
arm-none-eabi-gcc -o "STM32F407VET6_NRF_Transmitter.elf" @"objects.list"   -mcpu=cortex-m4 -T"/home/leandro/Documents/code/micro/dev/STM32F407VET6_NRF_Transmitter/STM32F407VETX_FLASH.ld" --specs=nosys.specs -Wl,-Map="STM32F407VET6_NRF_Transmitter.map" -Wl,--gc-sections -static --specs=nano.specs -mfpu=fpv4-sp-d16 -mfloat-abi=hard -mthumb -Wl,--start-group -lc -lm -Wl,--end-group
Finished building target: STM32F407VET6_NRF_Transmitter.elf
 
arm-none-eabi-size   STM32F407VET6_NRF_Transmitter.elf 
arm-none-eabi-objdump -h -S  STM32F407VET6_NRF_Transmitter.elf  > "STM32F407VET6_NRF_Transmitter.list"
   text	   data	    bss	    dec	    hex	filename
  10356	     28	   1676	  12060	   2f1c	STM32F407VET6_NRF_Transmitter.elf
Finished building: default.size.stdout
 
Finished building: STM32F407VET6_NRF_Transmitter.list
 
