12:59:59 **** Incremental Build of configuration Debug for project STM32F407VET6_NRF_Transmitter ****
make -j8 all 
arm-none-eabi-gcc "../Core/Src/main.c" -mcpu=cortex-m4 -std=gnu11 -g3 -DDEBUG -DUSE_HAL_DRIVER -DSTM32F407xx -c -I../Core/Inc -I../Drivers/STM32F4xx_HAL_Driver/Inc -I../Drivers/STM32F4xx_HAL_Driver/Inc/Legacy -I../Drivers/CMSIS/Device/ST/STM32F4xx/Include -I../Drivers/CMSIS/Include -O0 -ffunction-sections -fdata-sections -Wall -fstack-usage -fcyclomatic-complexity -MMD -MP -MF"Core/Src/main.d" -MT"Core/Src/main.o" --specs=nano.specs -mfpu=fpv4-sp-d16 -mfloat-abi=hard -mthumb -o "Core/Src/main.o"
arm-none-eabi-gcc -o "STM32F407VET6_NRF_Transmitter.elf" @"objects.list"   -mcpu=cortex-m4 -T"/home/marcatronics/Documentos/Maracatronics/micro/nrf24l01p/STM32F407VET6_NRF_Transmitter/STM32F407VETX_FLASH.ld" --specs=nosys.specs -Wl,-Map="STM32F407VET6_NRF_Transmitter.map" -Wl,--gc-sections -static --specs=nano.specs -mfpu=fpv4-sp-d16 -mfloat-abi=hard -mthumb -Wl,--start-group -lc -lm -Wl,--end-group
Finished building target: STM32F407VET6_NRF_Transmitter.elf
 
arm-none-eabi-size   STM32F407VET6_NRF_Transmitter.elf 
arm-none-eabi-objdump -h -S  STM32F407VET6_NRF_Transmitter.elf  > "STM32F407VET6_NRF_Transmitter.list"
   text	   data	    bss	    dec	    hex	filename
  12944	     28	   1780	  14752	   39a0	STM32F407VET6_NRF_Transmitter.elf
Finished building: default.size.stdout
 
Finished building: STM32F407VET6_NRF_Transmitter.list
 

13:00:00 Build Finished. 0 errors, 0 warnings. (took 1s.43ms)

